============================= test session starts ==============================
platform darwin -- Python 3.14.3, pytest-9.0.2, pluggy-1.6.0 -- /opt/homebrew/opt/python@3.14/bin/python3.14
cachedir: .pytest_cache
rootdir: /Users/sss/.openclaw/workspace/memory-market
configfile: pyproject.toml
plugins: anyio-4.12.1, cov-7.1.0, asyncio-1.3.0
asyncio: mode=Mode.AUTO, debug=False, asyncio_default_fixture_loop_scope=None, asyncio_default_test_loop_scope=function
collecting ... collected 621 items

tests/test_advanced_permissions.py::TestConditionEvaluator::test_string_equals PASSED [  0%]
tests/test_advanced_permissions.py::TestConditionEvaluator::test_string_not_equals PASSED [  0%]
tests/test_advanced_permissions.py::TestConditionEvaluator::test_string_equals_ignore_case PASSED [  0%]
tests/test_advanced_permissions.py::TestConditionEvaluator::test_string_like PASSED [  0%]
tests/test_advanced_permissions.py::TestConditionEvaluator::test_string_contains PASSED [  0%]
tests/test_advanced_permissions.py::TestConditionEvaluator::test_numeric_equals PASSED [  0%]
tests/test_advanced_permissions.py::TestConditionEvaluator::test_numeric_greater_than PASSED [  1%]
tests/test_advanced_permissions.py::TestConditionEvaluator::test_numeric_less_than PASSED [  1%]
tests/test_advanced_permissions.py::TestConditionEvaluator::test_ip_address PASSED [  1%]
tests/test_advanced_permissions.py::TestConditionEvaluator::test_not_ip_address PASSED [  1%]
tests/test_advanced_permissions.py::TestConditionEvaluator::test_bool PASSED [  1%]
tests/test_advanced_permissions.py::TestConditionEvaluator::test_null PASSED [  1%]
tests/test_advanced_permissions.py::TestConditionEvaluator::test_date_greater_than PASSED [  2%]
tests/test_advanced_permissions.py::TestConditionEvaluator::test_multiple_conditions PASSED [  2%]
tests/test_advanced_permissions.py::TestConditionEvaluator::test_arn_like PASSED [  2%]
tests/test_advanced_permissions.py::TestConditionEvaluator::test_empty_condition PASSED [  2%]
tests/test_advanced_permissions.py::TestPolicyEvaluator::test_allow_policy PASSED [  2%]
tests/test_advanced_permissions.py::TestPolicyEvaluator::test_deny_policy PASSED [  2%]
tests/test_advanced_permissions.py::TestPolicyEvaluator::test_deny_overrides_allow PASSED [  3%]
tests/test_advanced_permissions.py::TestPolicyEvaluator::test_implicit_deny PASSED [  3%]
tests/test_advanced_permissions.py::TestPolicyEvaluator::test_action_wildcard PASSED [  3%]
tests/test_advanced_permissions.py::TestPolicyEvaluator::test_not_action PASSED [  3%]
tests/test_advanced_permissions.py::TestPolicyEvaluator::test_not_resource PASSED [  3%]
tests/test_advanced_permissions.py::TestPolicyEvaluator::test_conditional_policy PASSED [  3%]
tests/test_advanced_permissions.py::TestPolicyService::test_create_policy ERROR [  4%]
tests/test_advanced_permissions.py::TestPolicyService::test_create_policy_invalid_document ERROR [  4%]
tests/test_advanced_permissions.py::TestPolicyService::test_get_policy ERROR [  4%]
tests/test_advanced_permissions.py::TestPolicyService::test_list_policies ERROR [  4%]
tests/test_advanced_permissions.py::TestPolicyService::test_update_policy ERROR [  4%]
tests/test_advanced_permissions.py::TestPolicyService::test_delete_policy ERROR [  4%]
tests/test_advanced_permissions.py::TestPolicyService::test_delete_system_policy ERROR [  4%]
tests/test_advanced_permissions.py::TestPolicyService::test_attach_and_detach_policy ERROR [  5%]
tests/test_advanced_permissions.py::TestPolicyService::test_version_management ERROR [  5%]
tests/test_advanced_permissions.py::TestPolicyService::test_check_permission_with_policy ERROR [  5%]
tests/test_advanced_permissions.py::TestPolicyService::test_conditional_policy_check ERROR [  5%]
tests/test_advanced_permissions.py::TestPolicyService::test_deny_overrides_allow_in_service ERROR [  5%]
tests/test_advanced_permissions.py::TestRBACService::test_get_effective_permissions ERROR [  5%]
tests/test_advanced_permissions.py::TestRBACService::test_deny_priority ERROR [  6%]
tests/test_advanced_permissions.py::TestRBACService::test_role_hierarchy ERROR [  6%]
tests/test_advanced_permissions.py::TestRBACService::test_condition_evaluation ERROR [  6%]
tests/test_advanced_permissions.py::TestAuditService::test_log_and_query ERROR [  6%]
tests/test_advanced_permissions.py::TestAuditService::test_generate_report ERROR [  6%]
tests/test_advanced_permissions.py::TestAuditService::test_log_permission_change ERROR [  6%]
tests/test_advanced_permissions.py::TestPolicyVersionCleanup::test_version_cleanup ERROR [  7%]
tests/test_advanced_permissions.py::TestIntegration::test_full_policy_lifecycle ERROR [  7%]
tests/test_advanced_permissions.py::TestIntegration::test_policy_with_resource_permissions ERROR [  7%]
tests/test_advanced_permissions_standalone.py::TestConditionEvaluator::test_string_equals PASSED [  7%]
tests/test_advanced_permissions_standalone.py::TestConditionEvaluator::test_string_not_equals PASSED [  7%]
tests/test_advanced_permissions_standalone.py::TestConditionEvaluator::test_string_equals_ignore_case PASSED [  7%]
tests/test_advanced_permissions_standalone.py::TestConditionEvaluator::test_string_like PASSED [  8%]
tests/test_advanced_permissions_standalone.py::TestConditionEvaluator::test_string_not_like PASSED [  8%]
tests/test_advanced_permissions_standalone.py::TestConditionEvaluator::test_string_contains PASSED [  8%]
tests/test_advanced_permissions_standalone.py::TestConditionEvaluator::test_numeric_equals PASSED [  8%]
tests/test_advanced_permissions_standalone.py::TestConditionEvaluator::test_numeric_not_equals PASSED [  8%]
tests/test_advanced_permissions_standalone.py::TestConditionEvaluator::test_numeric_greater_than PASSED [  8%]
tests/test_advanced_permissions_standalone.py::TestConditionEvaluator::test_numeric_greater_than_or_equal PASSED [  9%]
tests/test_advanced_permissions_standalone.py::TestConditionEvaluator::test_numeric_less_than PASSED [  9%]
tests/test_advanced_permissions_standalone.py::TestConditionEvaluator::test_numeric_less_than_or_equal PASSED [  9%]
tests/test_advanced_permissions_standalone.py::TestConditionEvaluator::test_ip_address PASSED [  9%]
tests/test_advanced_permissions_standalone.py::TestConditionEvaluator::test_not_ip_address PASSED [  9%]
tests/test_advanced_permissions_standalone.py::TestConditionEvaluator::test_bool PASSED [  9%]
tests/test_advanced_permissions_standalone.py::TestConditionEvaluator::test_null PASSED [  9%]
tests/test_advanced_permissions_standalone.py::TestConditionEvaluator::test_date_greater_than PASSED [ 10%]
tests/test_advanced_permissions_standalone.py::TestConditionEvaluator::test_date_less_than PASSED [ 10%]
tests/test_advanced_permissions_standalone.py::TestConditionEvaluator::test_multiple_conditions_and_logic PASSED [ 10%]
tests/test_advanced_permissions_standalone.py::TestConditionEvaluator::test_arn_like PASSED [ 10%]
tests/test_advanced_permissions_standalone.py::TestConditionEvaluator::test_arn_not_like PASSED [ 10%]
tests/test_advanced_permissions_standalone.py::TestConditionEvaluator::test_empty_condition PASSED [ 10%]
tests/test_advanced_permissions_standalone.py::TestConditionEvaluator::test_missing_key_in_context PASSED [ 11%]
tests/test_advanced_permissions_standalone.py::TestPolicyEvaluator::test_allow_policy PASSED [ 11%]
tests/test_advanced_permissions_standalone.py::TestPolicyEvaluator::test_deny_policy PASSED [ 11%]
tests/test_advanced_permissions_standalone.py::TestPolicyEvaluator::test_deny_overrides_allow PASSED [ 11%]
tests/test_advanced_permissions_standalone.py::TestPolicyEvaluator::test_implicit_deny PASSED [ 11%]
tests/test_advanced_permissions_standalone.py::TestPolicyEvaluator::test_action_wildcard PASSED [ 11%]
tests/test_advanced_permissions_standalone.py::TestPolicyEvaluator::test_not_action PASSED [ 12%]
tests/test_advanced_permissions_standalone.py::TestPolicyEvaluator::test_not_resource PASSED [ 12%]
tests/test_advanced_permissions_standalone.py::TestPolicyEvaluator::test_conditional_policy PASSED [ 12%]
tests/test_advanced_permissions_standalone.py::TestPolicyEvaluator::test_multiple_statements PASSED [ 12%]
tests/test_advanced_permissions_standalone.py::TestPolicyEvaluator::test_no_matching_action PASSED [ 12%]
tests/test_advanced_permissions_standalone.py::TestPolicyEvaluator::test_no_matching_resource PASSED [ 12%]
tests/test_advanced_permissions_standalone.py::TestPolicyEvaluator::test_empty_statement PASSED [ 13%]
tests/test_advanced_permissions_standalone.py::TestPolicyEvaluator::test_complex_scenario PASSED [ 13%]
tests/test_anomaly_detection.py::test_remote_login_rule ERROR            [ 13%]
tests/test_anomaly_detection.py::test_frequent_failed_login_rule ERROR   [ 13%]
tests/test_anomaly_detection.py::test_large_amount_transaction_rule ERROR [ 13%]
tests/test_anomaly_detection.py::test_sensitive_word_query_rule ERROR    [ 13%]
tests/test_anomaly_detection.py::test_rule_factory PASSED                [ 14%]
tests/test_anomaly_detection.py::test_anomaly_detection_service_check_event ERROR [ 14%]
tests/test_anomaly_detection.py::test_anomaly_detection_service_create_events ERROR [ 14%]
tests/test_anomaly_detection.py::test_anomaly_detection_service_confirm_anomaly ERROR [ 14%]
tests/test_anomaly_detection.py::test_anomaly_detection_service_get_stats ERROR [ 14%]
tests/test_anomaly_detection.py::test_alerting_service_create_alerts ERROR [ 14%]
tests/test_anomaly_detection.py::test_alerting_service_acknowledge_alert ERROR [ 14%]
tests/test_anomaly_detection.py::test_alerting_service_get_stats ERROR   [ 15%]
tests/test_anomaly_detection.py::test_end_to_end_anomaly_detection ERROR [ 15%]
tests/test_anomaly_detection.py::test_accuracy_calculation ERROR         [ 15%]
tests/test_anomaly_detection.py::test_anomaly_type_coverage[login] ERROR [ 15%]
tests/test_anomaly_detection.py::test_anomaly_type_coverage[transaction] ERROR [ 15%]
tests/test_anomaly_detection.py::test_anomaly_type_coverage[query] ERROR [ 15%]
tests/test_anomaly_detection.py::test_anomaly_type_coverage[behavior] ERROR [ 16%]
tests/test_anomaly_detection.py::test_anomaly_type_coverage[system] ERROR [ 16%]
tests/test_api.py::test_register_agent FAILED                            [ 16%]
tests/test_api.py::test_get_my_info FAILED                               [ 16%]
tests/test_api.py::test_get_my_info_unauthorized FAILED                  [ 16%]
tests/test_api.py::test_upload_memory FAILED                             [ 16%]
tests/test_api.py::test_upload_memory_unauthorized FAILED                [ 17%]
tests/test_api.py::test_search_memories PASSED                           [ 17%]
tests/test_api.py::test_search_memories_with_filters PASSED              [ 17%]
tests/test_api.py::test_get_memory_detail FAILED                         [ 17%]
tests/test_api.py::test_get_memory_detail_not_found FAILED               [ 17%]
tests/test_api.py::test_purchase_memory PASSED                           [ 17%]
tests/test_api.py::test_purchase_own_memory PASSED                       [ 18%]
tests/test_api.py::test_purchase_memory_unauthorized FAILED              [ 18%]
tests/test_api.py::test_rate_memory FAILED                               [ 18%]
tests/test_api.py::test_rate_memory_without_purchase FAILED              [ 18%]
tests/test_api.py::test_verify_memory PASSED                             [ 18%]
tests/test_api.py::test_verify_own_memory PASSED                         [ 18%]
tests/test_api.py::test_update_memory FAILED                             [ 19%]
tests/test_api.py::test_update_memory_unauthorized PASSED                [ 19%]
tests/test_api.py::test_get_my_memories PASSED                           [ 19%]
tests/test_api.py::test_get_credit_history PASSED                        [ 19%]
tests/test_api.py::test_get_market_trends PASSED                         [ 19%]
tests/test_api.py::test_capture_experience FAILED                        [ 19%]
tests/test_api.py::test_batch_capture_experience FAILED                  [ 19%]
tests/test_api.py::test_invalid_search_type PASSED                       [ 20%]
tests/test_api.py::test_semantic_search FAILED                           [ 20%]
tests/test_api.py::test_hybrid_search FAILED                             [ 20%]
tests/test_api.py::test_get_memory_versions FAILED                       [ 20%]
tests/test_audit_logs.py::test_sanitizer_password_masking PASSED         [ 20%]
tests/test_audit_logs.py::test_sanitizer_api_key_masking PASSED          [ 20%]
tests/test_audit_logs.py::test_sanitizer_credit_card PASSED              [ 21%]
tests/test_audit_logs.py::test_sanitizer_email PASSED                    [ 21%]
tests/test_audit_logs.py::test_sanitizer_json_body PASSED                [ 21%]
tests/test_audit_logs.py::test_global_sanitize_functions PASSED          [ 21%]
tests/test_audit_logs.py::test_create_audit_log ERROR                    [ 21%]
tests/test_audit_logs.py::test_audit_log_filtering ERROR                 [ 21%]
tests/test_audit_logs.py::test_export_service_count_records ERROR        [ 22%]
tests/test_audit_logs.py::test_export_create_export_task ERROR           [ 22%]
tests/test_audit_logs.py::test_export_csv ERROR                          [ 22%]
tests/test_audit_logs.py::test_retention_cleanup ERROR                   [ 22%]
tests/test_audit_logs.py::test_retention_stats ERROR                     [ 22%]
tests/test_audit_logs.py::test_action_type_mapping PASSED                [ 22%]
tests/test_audit_logs.py::test_category_mapping PASSED                   [ 23%]
tests/test_auto_forget.py::test_auto_forget_service_initialization PASSED [ 23%]
tests/test_auto_forget.py::test_forget_scheduler_initialization PASSED   [ 23%]
tests/test_auto_forget.py::test_check_expired_memories FAILED            [ 23%]
tests/test_auto_forget.py::test_expire_memories FAILED                   [ 23%]
tests/test_auto_forget.py::test_check_expired_facts FAILED               [ 23%]
tests/test_auto_forget.py::test_expire_facts FAILED                      [ 23%]
tests/test_auto_forget.py::test_override_fact FAILED                     [ 24%]
tests/test_auto_forget.py::test_set_memory_ttl FAILED                    [ 24%]
tests/test_auto_forget.py::test_auto_expire_memories FAILED              [ 24%]
tests/test_auto_forget.py::test_get_stats FAILED                         [ 24%]
tests/test_auto_forget.py::test_forget_scheduler_manual_trigger PASSED   [ 24%]
tests/test_auto_forget.py::test_ttl_config PASSED                        [ 24%]
tests/test_auto_forget.py::test_filter_expired_memories PASSED           [ 25%]
tests/test_digital_signature.py::TestDigitalSignatureService::test_generate_key_pair PASSED [ 25%]
tests/test_digital_signature.py::TestDigitalSignatureService::test_sign_and_verify PASSED [ 25%]
tests/test_digital_signature.py::TestDigitalSignatureService::test_verify_with_tampered_data PASSED [ 25%]
tests/test_digital_signature.py::TestDigitalSignatureService::test_verify_with_wrong_key PASSED [ 25%]
tests/test_digital_signature.py::TestDigitalSignatureService::test_canonicalization_consistency PASSED [ 25%]
tests/test_digital_signature.py::TestDigitalSignatureService::test_performance_signing FAILED [ 26%]
tests/test_digital_signature.py::TestDigitalSignatureService::test_performance_verification PASSED [ 26%]
tests/test_digital_signature.py::TestKeyManagementService::test_generate_and_store_key_pair PASSED [ 26%]
tests/test_digital_signature.py::TestKeyManagementService::test_get_current_key_pair PASSED [ 26%]
tests/test_digital_signature.py::TestKeyManagementService::test_rotate_key FAILED [ 26%]
tests/test_digital_signature.py::TestKeyManagementService::test_get_key_info PASSED [ 26%]
tests/test_digital_signature.py::TestAuditSignatureMiddleware::test_sign_audit_log ERROR [ 27%]
tests/test_digital_signature.py::TestAuditSignatureMiddleware::test_verify_audit_log ERROR [ 27%]
tests/test_digital_signature.py::TestAuditSignatureMiddleware::test_detect_tampering ERROR [ 27%]
tests/test_digital_signature.py::TestAuditSignatureMiddleware::test_multiple_logs_signature_coverage ERROR [ 27%]
tests/test_digital_signature.py::TestEndToEndSigningWorkflow::test_complete_signing_workflow ERROR [ 27%]
tests/test_digital_signature.py::TestCompliance::test_signature_algorithm_info PASSED [ 27%]
tests/test_digital_signature.py::TestCompliance::test_key_security_features PASSED [ 28%]
tests/test_digital_signature_quick_async.py::test_signature_service PASSED [ 28%]
tests/test_digital_signature_quick_async.py::test_key_management PASSED  [ 28%]
tests/test_digital_signature_quick_async.py::test_signature_middleware PASSED [ 28%]
tests/test_digital_signature_quick_async.py::test_end_to_end_workflow PASSED [ 28%]
tests/test_evaluation.py::TestMetrics::test_accuracy_perfect PASSED      [ 28%]
tests/test_evaluation.py::TestMetrics::test_accuracy_partial PASSED      [ 28%]
tests/test_evaluation.py::TestMetrics::test_accuracy_empty PASSED        [ 29%]
tests/test_evaluation.py::TestMetrics::test_accuracy_no_overlap PASSED   [ 29%]
tests/test_evaluation.py::TestMetrics::test_precision PASSED             [ 29%]
tests/test_evaluation.py::TestMetrics::test_precision_empty_predicted PASSED [ 29%]
tests/test_evaluation.py::TestMetrics::test_recall PASSED                [ 29%]
tests/test_evaluation.py::TestMetrics::test_recall_empty_expected PASSED [ 29%]
tests/test_evaluation.py::TestMetrics::test_f1_score PASSED              [ 30%]
tests/test_evaluation.py::TestMetrics::test_f1_no_overlap PASSED         [ 30%]
tests/test_evaluation.py::TestMetrics::test_mrr_first PASSED             [ 30%]
tests/test_evaluation.py::TestMetrics::test_mrr_second PASSED            [ 30%]
tests/test_evaluation.py::TestMetrics::test_mrr_not_found PASSED         [ 30%]
tests/test_evaluation.py::TestMetrics::test_mrr_with_k PASSED            [ 30%]
tests/test_evaluation.py::TestMetrics::test_ndcg_perfect PASSED          [ 31%]
tests/test_evaluation.py::TestMetrics::test_ndcg_worst PASSED            [ 31%]
tests/test_evaluation.py::TestMetrics::test_ndcg_partial PASSED          [ 31%]
tests/test_evaluation.py::TestMetrics::test_evaluate_retrieval PASSED    [ 31%]
tests/test_evaluation.py::TestMetrics::test_aggregate_results PASSED     [ 31%]
tests/test_evaluation.py::TestDatasets::test_create_dataset PASSED       [ 31%]
tests/test_evaluation.py::TestDatasets::test_add_case PASSED             [ 32%]
tests/test_evaluation.py::TestDatasets::test_list_datasets PASSED        [ 32%]
tests/test_evaluation.py::TestDatasets::test_delete_dataset PASSED       [ 32%]
tests/test_evaluation.py::TestDatasets::test_dataset_filter_by_category PASSED [ 32%]
tests/test_evaluation.py::TestDatasets::test_dataset_filter_by_tags PASSED [ 32%]
tests/test_evaluation.py::TestDatasets::test_to_dict_roundtrip PASSED    [ 32%]
tests/test_evaluation.py::TestDatasets::test_generate_from_memories PASSED [ 33%]
tests/test_evaluation.py::TestDatasets::test_generate_synthetic PASSED   [ 33%]
tests/test_evaluation.py::TestRunner::test_run_evaluation PASSED         [ 33%]
tests/test_evaluation.py::TestRunner::test_run_with_failure FAILED       [ 33%]
tests/test_evaluation.py::TestRunner::test_compare_results PASSED        [ 33%]
tests/test_evaluation.py::TestReport::test_markdown_report PASSED        [ 33%]
tests/test_evaluation.py::TestReport::test_json_report PASSED            [ 33%]
tests/test_evaluation.py::TestReport::test_html_report PASSED            [ 34%]
tests/test_evaluation.py::TestReport::test_compare_markdown PASSED       [ 34%]
tests/test_evaluation.py::TestIntegration::test_full_pipeline PASSED     [ 34%]
tests/test_external_sources.py::TestDataModels::test_document_to_dict PASSED [ 34%]
tests/test_external_sources.py::TestDataModels::test_document_from_dict PASSED [ 34%]
tests/test_external_sources.py::TestDataModels::test_file_to_dict PASSED [ 34%]
tests/test_external_sources.py::TestDataModels::test_source_connection_to_dict_hides_secrets PASSED [ 35%]
tests/test_external_sources.py::TestLocalFolderAdapter::test_initialize PASSED [ 35%]
tests/test_external_sources.py::TestLocalFolderAdapter::test_initialize_nonexistent PASSED [ 35%]
tests/test_external_sources.py::TestLocalFolderAdapter::test_connect PASSED [ 35%]
tests/test_external_sources.py::TestLocalFolderAdapter::test_list_files PASSED [ 35%]
tests/test_external_sources.py::TestLocalFolderAdapter::test_list_files_with_query PASSED [ 35%]
tests/test_external_sources.py::TestLocalFolderAdapter::test_get_file PASSED [ 36%]
tests/test_external_sources.py::TestLocalFolderAdapter::test_get_file_not_found PASSED [ 36%]
tests/test_external_sources.py::TestLocalFolderAdapter::test_download_file PASSED [ 36%]
tests/test_external_sources.py::TestLocalFolderAdapter::test_list_documents PASSED [ 36%]
tests/test_external_sources.py::TestLocalFolderAdapter::test_get_document_with_content PASSED [ 36%]
tests/test_external_sources.py::TestLocalFolderAdapter::test_search PASSED [ 36%]
tests/test_external_sources.py::TestLocalFolderAdapter::test_detect_changes PASSED [ 37%]
tests/test_external_sources.py::TestLocalFolderAdapter::test_disconnect PASSED [ 37%]
tests/test_external_sources.py::TestExternalSourceService::test_register_adapter PASSED [ 37%]
tests/test_external_sources.py::TestExternalSourceService::test_connect_and_disconnect PASSED [ 37%]
tests/test_external_sources.py::TestExternalSourceService::test_disconnect_nonexistent PASSED [ 37%]
tests/test_external_sources.py::TestExternalSourceService::test_sync_source PASSED [ 37%]
tests/test_external_sources.py::TestExternalSourceService::test_list_sources PASSED [ 38%]
tests/test_external_sources.py::TestExternalSourceService::test_list_files PASSED [ 38%]
tests/test_external_sources.py::TestExternalSourceService::test_search_all_sources PASSED [ 38%]
tests/test_external_sources.py::TestExternalSourceService::test_unsupported_source_type PASSED [ 38%]
tests/test_external_sources.py::TestDocumentProcessor::test_process_text PASSED [ 38%]
tests/test_external_sources.py::TestDocumentProcessor::test_process_json PASSED [ 38%]
tests/test_external_sources.py::TestDocumentProcessor::test_process_code_python PASSED [ 38%]
tests/test_external_sources.py::TestDocumentProcessor::test_chunk_text PASSED [ 39%]
tests/test_external_sources.py::TestDocumentProcessor::test_process_image_without_pil PASSED [ 39%]
tests/test_external_sources.py::TestWebhookService::test_webhook_event_to_dict PASSED [ 39%]
tests/test_external_sources.py::TestWebhookService::test_webhook_stats PASSED [ 39%]
tests/test_external_sources.py::TestExternalSearchEngine::test_calculate_score_title_match PASSED [ 39%]
tests/test_external_sources.py::TestExternalSearchEngine::test_calculate_score_no_match PASSED [ 39%]
tests/test_external_sources.py::TestExternalSearchEngine::test_cache PASSED [ 40%]
tests/test_external_sources.py::TestExternalSearchEngine::test_clear_cache PASSED [ 40%]
tests/test_external_sources.py::TestExternalSearchEngine::test_cache_stats PASSED [ 40%]
tests/test_external_sources.py::TestAdapterRegistration::test_register_all_adapters FAILED [ 40%]
tests/test_external_sources.py::TestExternalSourcesAPI::test_list_sources_empty PASSED [ 40%]
tests/test_external_sources.py::TestExternalSourcesAPI::test_connect_invalid_source_type FAILED [ 40%]
tests/test_external_sources.py::TestExternalSourcesAPI::test_disconnect_nonexistent PASSED [ 41%]
tests/test_in_memory.py::TestMemoryIndex::test_build_index PASSED        [ 41%]
tests/test_in_memory.py::TestMemoryIndex::test_build_index_with_vectors PASSED [ 41%]
tests/test_in_memory.py::TestMemoryIndex::test_keyword_search PASSED     [ 41%]
tests/test_in_memory.py::TestMemoryIndex::test_category_filter PASSED    [ 41%]
tests/test_in_memory.py::TestMemoryIndex::test_tag_filter PASSED         [ 41%]
tests/test_in_memory.py::TestMemoryIndex::test_add_memory PASSED         [ 42%]
tests/test_in_memory.py::TestMemoryIndex::test_update_memory PASSED      [ 42%]
tests/test_in_memory.py::TestMemoryIndex::test_remove_memory PASSED      [ 42%]
tests/test_in_memory.py::TestMemoryIndex::test_persist_and_load PASSED   [ 42%]
tests/test_in_memory.py::TestMemoryIndex::test_clear PASSED              [ 42%]
tests/test_in_memory.py::TestInMemoryVectorEngine::test_cosine_search PASSED [ 42%]
tests/test_in_memory.py::TestInMemoryVectorEngine::test_euclidean_search PASSED [ 42%]
tests/test_in_memory.py::TestInMemoryVectorEngine::test_batch_search PASSED [ 43%]
tests/test_in_memory.py::TestInMemoryVectorEngine::test_filter_ids FAILED [ 43%]
tests/test_in_memory.py::TestInMemoryVectorEngine::test_min_score PASSED [ 43%]
tests/test_in_memory.py::TestInMemoryVectorEngine::test_empty_index PASSED [ 43%]
tests/test_in_memory.py::TestInMemoryVectorEngine::test_stats PASSED     [ 43%]
tests/test_in_memory.py::TestInMemoryHybridEngine::test_full_search PASSED [ 43%]
tests/test_in_memory.py::TestInMemoryHybridEngine::test_vector_only_search PASSED [ 44%]
tests/test_in_memory.py::TestInMemoryHybridEngine::test_keyword_only_search PASSED [ 44%]
tests/test_in_memory.py::TestInMemoryHybridEngine::test_category_filter PASSED [ 44%]
tests/test_in_memory.py::TestInMemoryHybridEngine::test_tag_filter PASSED [ 44%]
tests/test_in_memory.py::TestInMemoryHybridEngine::test_expired_filter PASSED [ 44%]
tests/test_in_memory.py::TestInMemoryHybridEngine::test_pagination PASSED [ 44%]
tests/test_in_memory.py::TestInMemoryHybridEngine::test_sort_by_time PASSED [ 45%]
tests/test_in_memory.py::TestInMemoryHybridEngine::test_sort_by_popularity PASSED [ 45%]
tests/test_in_memory.py::TestInMemoryHybridEngine::test_rerank FAILED    [ 45%]
tests/test_in_memory.py::TestInMemoryHybridEngine::test_empty_result PASSED [ 45%]
tests/test_in_memory.py::TestInMemoryHybridEngine::test_stats PASSED     [ 45%]
tests/test_in_memory.py::TestPerformance::test_index_build_performance PASSED [ 45%]
tests/test_in_memory.py::TestPerformance::test_vector_search_performance PASSED [ 46%]
tests/test_in_memory.py::TestPerformance::test_keyword_search_performance PASSED [ 46%]
tests/test_in_memory.py::TestPerformance::test_persist_performance PASSED [ 46%]
tests/test_in_memory.py::TestPerformance::test_load_performance PASSED   [ 46%]
tests/test_mcp_server.py::TestMCPServerProtocol::test_tool_count_is_34 PASSED [ 46%]
tests/test_mcp_server.py::TestMCPServerProtocol::test_all_categories_present PASSED [ 46%]
tests/test_mcp_server.py::TestMCPServerProtocol::test_category_counts PASSED [ 47%]
tests/test_mcp_server.py::TestMCPServerProtocol::test_list_tools_returns_34_names PASSED [ 47%]
tests/test_mcp_server.py::TestMCPServerProtocol::test_fastmcp_instance_exists PASSED [ 47%]
tests/test_mcp_server.py::TestMCPServerProtocol::test_config_json_valid PASSED [ 47%]
tests/test_mcp_server.py::TestMCPServerProtocol::test_config_json_tool_categories_sum PASSED [ 47%]
tests/test_mcp_server.py::TestMemoryTools::test_search_memories_success PASSED [ 47%]
tests/test_mcp_server.py::TestMemoryTools::test_search_memories_with_filters PASSED [ 47%]
tests/test_mcp_server.py::TestMemoryTools::test_search_memories_error PASSED [ 48%]
tests/test_mcp_server.py::TestMemoryTools::test_get_balance PASSED       [ 48%]
tests/test_mcp_server.py::TestMemoryTools::test_upload_memory PASSED     [ 48%]
tests/test_mcp_server.py::TestMemoryTools::test_purchase_memory_success PASSED [ 48%]
tests/test_mcp_server.py::TestMemoryTools::test_rate_memory PASSED       [ 48%]
tests/test_mcp_server.py::TestMemoryTools::test_verify_memory PASSED     [ 48%]
tests/test_mcp_server.py::TestTeamTools::test_create_team PASSED         [ 49%]
tests/test_mcp_server.py::TestTeamTools::test_get_team PASSED            [ 49%]
tests/test_mcp_server.py::TestTeamTools::test_invite_member PASSED       [ 49%]
tests/test_mcp_server.py::TestTeamTools::test_add_team_credits PASSED    [ 49%]
tests/test_mcp_server.py::TestTeamTools::test_transfer_credits PASSED    [ 49%]
tests/test_mcp_server.py::TestTeamTools::test_log_activity PASSED        [ 49%]
tests/test_mcp_server.py::TestTeamTools::test_delete_team_memory PASSED  [ 50%]
tests/test_mcp_server.py::TestFormatting::test_fmt_search_empty PASSED   [ 50%]
tests/test_mcp_server.py::TestFormatting::test_fmt_search_with_items PASSED [ 50%]
tests/test_mcp_server.py::TestFormatting::test_fmt_content_empty PASSED  [ 50%]
tests/test_mcp_server.py::TestFormatting::test_fmt_content_nested PASSED [ 50%]
tests/test_mcp_server.py::TestFormatting::test_fmt_trends_empty PASSED   [ 50%]
tests/test_mcp_server.py::TestFormatting::test_fmt_trends_with_data PASSED [ 51%]
tests/test_mcp_server.py::TestFormatting::test_fmt_my_memories_empty PASSED [ 51%]
tests/test_mcp_server.py::TestMCPServerWrapper::test_run_stdio PASSED    [ 51%]
tests/test_mcp_server.py::TestMCPServerWrapper::test_run_sse PASSED      [ 51%]
tests/test_mcp_server.py::TestAPIRequest::test_api_request_get PASSED    [ 51%]
tests/test_mcp_server.py::TestAPIRequest::test_api_request_post PASSED   [ 51%]
tests/test_mcp_server.py::TestEnvironmentConfig::test_default_api_base PASSED [ 52%]
tests/test_mcp_server.py::TestEnvironmentConfig::test_custom_api_base PASSED [ 52%]
tests/test_mcp_server.py::TestEnvironmentConfig::test_api_key_from_env PASSED [ 52%]
tests/test_mcp_tools.py::TestTeamMCPTools::test_create_team_success FAILED [ 52%]
tests/test_mcp_tools.py::TestTeamMCPTools::test_create_team_missing_name FAILED [ 52%]
tests/test_mcp_tools.py::TestTeamMCPTools::test_get_team_success FAILED  [ 52%]
tests/test_mcp_tools.py::TestTeamMCPTools::test_get_team_not_found FAILED [ 52%]
tests/test_mcp_tools.py::TestTeamMCPTools::test_update_team_success FAILED [ 53%]
tests/test_mcp_tools.py::TestTeamMCPTools::test_delete_team_success FAILED [ 53%]
tests/test_mcp_tools.py::TestTeamMCPTools::test_list_teams FAILED        [ 53%]
tests/test_mcp_tools.py::TestTeamMCPTools::test_get_team_stats FAILED    [ 53%]
tests/test_mcp_tools.py::TestTeamMCPTools::test_invite_member_success FAILED [ 53%]
tests/test_mcp_tools.py::TestTeamMCPTools::test_join_team_success FAILED [ 53%]
tests/test_mcp_tools.py::TestTeamMCPTools::test_list_members FAILED      [ 54%]
tests/test_mcp_tools.py::TestTeamMCPTools::test_update_member_role FAILED [ 54%]
tests/test_mcp_tools.py::TestTeamMCPTools::test_remove_member FAILED     [ 54%]
tests/test_mcp_tools.py::TestTeamMCPTools::test_create_team_memory FAILED [ 54%]
tests/test_mcp_tools.py::TestTeamMCPTools::test_get_team_memory FAILED   [ 54%]
tests/test_mcp_tools.py::TestTeamMCPTools::test_update_team_memory FAILED [ 54%]
tests/test_mcp_tools.py::TestTeamMCPTools::test_delete_team_memory FAILED [ 55%]
tests/test_mcp_tools.py::TestTeamMCPTools::test_search_team_memories FAILED [ 55%]
tests/test_mcp_tools.py::TestTeamMCPTools::test_list_team_memories FAILED [ 55%]
tests/test_mcp_tools.py::TestTeamMCPTools::test_get_team_credits FAILED  [ 55%]
tests/test_mcp_tools.py::TestTeamMCPTools::test_add_team_credits FAILED  [ 55%]
tests/test_mcp_tools.py::TestTeamMCPTools::test_transfer_credits FAILED  [ 55%]
tests/test_mcp_tools.py::TestTeamMCPTools::test_get_credit_transactions FAILED [ 56%]
tests/test_mcp_tools.py::TestTeamMCPTools::test_get_team_activities FAILED [ 56%]
tests/test_mcp_tools.py::TestTeamMCPTools::test_log_activity FAILED      [ 56%]
tests/test_mcp_tools.py::TestTeamMCPTools::test_get_team_insights FAILED [ 56%]
tests/test_mcp_tools.py::TestMCPToolRegistration::test_register_all_tools PASSED [ 56%]
tests/test_mcp_tools.py::TestMCPToolRegistration::test_tool_metadata PASSED [ 56%]
tests/test_mcp_tools_simple.py::TestMCPToolRegistration::test_register_all_tools PASSED [ 57%]
tests/test_mcp_tools_simple.py::TestMCPToolRegistration::test_tool_metadata PASSED [ 57%]
tests/test_mcp_tools_simple.py::TestMCPToolRegistration::test_tool_handlers_are_callable PASSED [ 57%]
tests/test_mcp_tools_simple.py::TestMCPToolRegistration::test_tool_descriptions_are_present PASSED [ 57%]
tests/test_mcp_tools_simple.py::TestMCPToolRegistration::test_tool_required_parameters_are_valid PASSED [ 57%]
tests/test_mcp_tools_simple.py::TestMCPToolRegistration::test_team_management_tools_count PASSED [ 57%]
tests/test_mcp_tools_simple.py::TestMCPToolRegistration::test_member_management_tools_count PASSED [ 57%]
tests/test_mcp_tools_simple.py::TestMCPToolRegistration::test_memory_management_tools_count PASSED [ 58%]
tests/test_mcp_tools_simple.py::TestMCPToolRegistration::test_credit_management_tools_count PASSED [ 58%]
tests/test_mcp_tools_simple.py::TestMCPToolRegistration::test_activity_management_tools_count PASSED [ 58%]
tests/test_mcp_tools_simple.py::TestMCPToolRegistration::test_stats_management_tools_count PASSED [ 58%]
tests/test_mcp_tools_simple.py::TestTeamMCPToolsClass::test_initialization PASSED [ 58%]
tests/test_mcp_tools_simple.py::TestTeamMCPToolsClass::test_log_activity_basic PASSED [ 58%]
tests/test_mcp_tools_simple.py::TestToolParameters::test_create_team_parameters PASSED [ 59%]
tests/test_mcp_tools_simple.py::TestToolParameters::test_get_team_parameters PASSED [ 59%]
tests/test_mcp_tools_simple.py::TestToolParameters::test_create_team_memory_parameters PASSED [ 59%]
tests/test_mcp_tools_simple.py::TestToolParameters::test_search_team_memories_parameters PASSED [ 59%]
tests/test_mcp_tools_simple.py::TestToolParameters::test_all_tools_have_description PASSED [ 59%]
tests/test_mcp_tools_simple.py::TestToolCategories::test_team_management_category PASSED [ 59%]
tests/test_mcp_tools_simple.py::TestToolCategories::test_member_management_category FAILED [ 60%]
tests/test_mcp_tools_simple.py::TestToolCategories::test_memory_management_category PASSED [ 60%]
tests/test_mcp_tools_simple.py::TestToolCategories::test_credit_management_category PASSED [ 60%]
tests/test_mcp_tools_simple.py::TestToolIntegration::test_all_tools_registered PASSED [ 60%]
tests/test_mcp_tools_simple.py::TestToolIntegration::test_tools_export_in_init PASSED [ 60%]
tests/test_monitoring.py::TestOpenTelemetrySetup::test_setup_telemetry FAILED [ 60%]
tests/test_monitoring.py::TestOpenTelemetrySetup::test_get_tracer FAILED [ 61%]
tests/test_monitoring.py::TestOpenTelemetrySetup::test_get_meter FAILED  [ 61%]
tests/test_monitoring.py::TestTracing::test_setup_tracing PASSED         [ 61%]
tests/test_monitoring.py::TestTracing::test_get_trace_id FAILED          [ 61%]
tests/test_monitoring.py::TestTracing::test_inject_extract_trace_context PASSED [ 61%]
tests/test_monitoring.py::TestMetrics::test_setup_metrics PASSED         [ 61%]
tests/test_monitoring.py::TestMetrics::test_create_common_metrics FAILED [ 61%]
tests/test_monitoring.py::TestMetrics::test_metric_functions FAILED      [ 62%]
tests/test_monitoring.py::TestLogging::test_setup_logging FAILED         [ 62%]
tests/test_monitoring.py::TestLogging::test_get_logger PASSED            [ 62%]
tests/test_monitoring.py::TestLogging::test_get_logger_with_context PASSED [ 62%]
tests/test_monitoring.py::TestLogging::test_json_formatter FAILED        [ 62%]
tests/test_monitoring.py::TestMonitoringIntegration::test_full_telemetry_flow FAILED [ 62%]
tests/test_monitoring.py::TestMonitoringIntegration::test_trace_context_in_logs FAILED [ 63%]
tests/test_monitoring.py::TestMonitoringIntegration::test_metric_recording_overhead FAILED [ 63%]
tests/test_monitoring.py::TestMonitoringWithServices::test_jaeger_integration SKIPPED [ 63%]
tests/test_monitoring.py::TestMonitoringWithServices::test_prometheus_metrics_export SKIPPED [ 63%]
tests/test_multi_agent.py::TestAgentContext::test_create_context PASSED  [ 63%]
tests/test_multi_agent.py::TestAgentContext::test_dimension_operations PASSED [ 63%]
tests/test_multi_agent.py::TestAgentContext::test_to_dict PASSED         [ 64%]
tests/test_multi_agent.py::TestAgentResult::test_success_result PASSED   [ 64%]
tests/test_multi_agent.py::TestAgentResult::test_failed_result PASSED    [ 64%]
tests/test_multi_agent.py::TestAgentManager::test_register_and_create PASSED [ 64%]
tests/test_multi_agent.py::TestAgentManager::test_unknown_role_raises PASSED [ 64%]
tests/test_multi_agent.py::TestAgentManager::test_list_roles PASSED      [ 64%]
tests/test_multi_agent.py::TestUserInfoAgent::test_extract_user_info PASSED [ 65%]
tests/test_multi_agent.py::TestUserInfoAgent::test_extract_preferences PASSED [ 65%]
tests/test_multi_agent.py::TestUserInfoAgent::test_empty_query PASSED    [ 65%]
tests/test_multi_agent.py::TestTemporalAgent::test_extract_events PASSED [ 65%]
tests/test_multi_agent.py::TestTemporalAgent::test_extract_temporal PASSED [ 65%]
tests/test_multi_agent.py::TestTemporalAgent::test_extract_updates PASSED [ 65%]
tests/test_multi_agent.py::TestGeneralObserver::test_extract_assistant_info PASSED [ 66%]
tests/test_multi_agent.py::TestGeneralObserver::test_data_quality PASSED [ 66%]
tests/test_multi_agent.py::TestDirectFactAgent::test_search_from_context PASSED [ 66%]
tests/test_multi_agent.py::TestDirectFactAgent::test_empty_query FAILED  [ 66%]
tests/test_multi_agent.py::TestContextAgent::test_search_from_context PASSED [ 66%]
tests/test_multi_agent.py::TestTimelineAgent::test_search_from_context PASSED [ 66%]
tests/test_multi_agent.py::TestAggregatorAgent::test_merge_and_rerank PASSED [ 66%]
tests/test_multi_agent.py::TestAggregatorAgent::test_empty_results PASSED [ 67%]
tests/test_multi_agent.py::TestMultiAgentPipeline::test_pipeline_no_db PASSED [ 67%]
tests/test_multi_agent.py::TestMultiAgentPipeline::test_pipeline_with_observations PASSED [ 67%]
tests/test_multi_agent.py::TestMultiAgentPipeline::test_pipeline_fallback PASSED [ 67%]
tests/test_multi_agent.py::TestIntegration::test_full_pipeline_flow PASSED [ 67%]
tests/test_multi_agent.py::TestIntegration::test_concurrent_pipelines FAILED [ 67%]
tests/test_permissions.py::test_has_permission_success ERROR             [ 68%]
tests/test_permissions.py::test_has_permission_deny ERROR                [ 68%]
tests/test_permissions.py::test_has_permission_not_found ERROR           [ 68%]
tests/test_permissions.py::test_grant_permission ERROR                   [ 68%]
tests/test_permissions.py::test_grant_permission_with_scope ERROR        [ 68%]
tests/test_permissions.py::test_revoke_permission ERROR                  [ 68%]
tests/test_permissions.py::test_grant_resource_permission ERROR          [ 69%]
tests/test_permissions.py::test_check_resource_permission ERROR          [ 69%]
tests/test_permissions.py::test_revoke_resource_permission ERROR         [ 69%]
tests/test_permissions.py::test_permission_expiration ERROR              [ 69%]
tests/test_permissions.py::test_get_user_permissions ERROR               [ 69%]
tests/test_permissions.py::test_permission_audit_log ERROR               [ 69%]
tests/test_permissions.py::test_permission_check_performance ERROR       [ 70%]
tests/test_permissions.py::test_permission_scope_check ERROR             [ 70%]
tests/test_permissions.py::test_bulk_permission_operations ERROR         [ 70%]
tests/test_qdrant_client.py::TestQdrantVectorEngine::test_initialization PASSED [ 70%]
tests/test_qdrant_client.py::TestQdrantVectorEngine::test_index_config PASSED [ 70%]
tests/test_qdrant_client.py::TestQdrantVectorEngine::test_create_collection_new FAILED [ 70%]
tests/test_qdrant_client.py::TestQdrantVectorEngine::test_create_collection_exists PASSED [ 71%]
tests/test_qdrant_client.py::TestQdrantVectorEngine::test_create_collection_recreate FAILED [ 71%]
tests/test_qdrant_client.py::TestQdrantVectorEngine::test_health_check_success PASSED [ 71%]
tests/test_qdrant_client.py::TestQdrantVectorEngine::test_health_check_failure PASSED [ 71%]
tests/test_qdrant_client.py::TestQdrantVectorEngine::test_index_memories_empty PASSED [ 71%]
tests/test_qdrant_client.py::TestQdrantVectorEngine::test_index_memories_success FAILED [ 71%]
tests/test_qdrant_client.py::TestQdrantVectorEngine::test_index_memories_batch FAILED [ 71%]
tests/test_qdrant_client.py::TestQdrantVectorEngine::test_search_empty_query FAILED [ 72%]
tests/test_qdrant_client.py::TestQdrantVectorEngine::test_search_success FAILED [ 72%]
tests/test_qdrant_client.py::TestQdrantVectorEngine::test_search_with_filters FAILED [ 72%]
tests/test_qdrant_client.py::TestQdrantVectorEngine::test_delete_memory_success PASSED [ 72%]
tests/test_qdrant_client.py::TestQdrantVectorEngine::test_delete_memory_failure PASSED [ 72%]
tests/test_qdrant_client.py::TestQdrantVectorEngine::test_delete_collection_success PASSED [ 72%]
tests/test_qdrant_client.py::TestQdrantVectorEngine::test_get_collection_info_success PASSED [ 73%]
tests/test_qdrant_client.py::TestQdrantVectorEngine::test_get_collection_info_failure PASSED [ 73%]
tests/test_qdrant_client.py::TestQdrantEngineSingleton::test_get_qdrant_engine_singleton FAILED [ 73%]
tests/test_qdrant_client.py::TestQdrantEngineSingleton::test_get_qdrant_engine_different_params FAILED [ 73%]
tests/test_search_analytics.py::test_search_log_creation ERROR           [ 73%]
tests/test_search_analytics.py::test_search_click_creation ERROR         [ 73%]
tests/test_search_analytics.py::test_search_trends_empty ERROR           [ 74%]
tests/test_search_analytics.py::test_search_trends_with_data ERROR       [ 74%]
tests/test_search_analytics.py::test_search_quality_metrics ERROR        [ 74%]
tests/test_search_analytics.py::test_search_performance_stats ERROR      [ 74%]
tests/test_search_analytics.py::test_zero_results_queries ERROR          [ 74%]
tests/test_search_analytics.py::test_user_search_behavior ERROR          [ 74%]
tests/test_search_analytics.py::test_ab_test_creation ERROR              [ 75%]
tests/test_search_analytics.py::test_ab_test_user_grouping ERROR         [ 75%]
tests/test_search_analytics.py::test_ab_test_group_config ERROR          [ 75%]
tests/test_search_analytics.py::test_ab_test_collect_results ERROR       [ 75%]
tests/test_search_cache.py::test_redis_client_ping FAILED                [ 75%]
tests/test_search_cache.py::test_redis_client_set_get FAILED             [ 75%]
tests/test_search_cache.py::test_redis_client_delete_pattern FAILED      [ 76%]
tests/test_search_cache.py::test_redis_client_stats FAILED               [ 76%]
tests/test_search_cache.py::test_cache_keys_search PASSED                [ 76%]
tests/test_search_cache.py::test_cache_keys_user PASSED                  [ 76%]
tests/test_search_cache.py::test_cache_keys_team PASSED                  [ 76%]
tests/test_search_cache.py::test_cache_keys_memory PASSED                [ 76%]
tests/test_search_cache.py::test_cache_keys_tags PASSED                  [ 76%]
tests/test_search_cache.py::test_cache_hit FAILED                        [ 77%]
tests/test_search_cache.py::test_cache_miss PASSED                       [ 77%]
tests/test_search_cache.py::test_cache_disabled PASSED                   [ 77%]
tests/test_search_cache.py::test_cache_stats FAILED                      [ 77%]
tests/test_search_cache.py::test_clear_cache PASSED                      [ 77%]
tests/test_search_cache.py::test_invalidate_memory FAILED                [ 77%]
tests/test_search_cache.py::test_invalidate_user PASSED                  [ 78%]
tests/test_search_cache.py::test_invalidate_team PASSED                  [ 78%]
tests/test_search_cache.py::test_invalidate_pattern PASSED               [ 78%]
tests/test_search_cache.py::test_invalidate_batch PASSED                 [ 78%]
tests/test_search_cache.py::test_cache_latency FAILED                    [ 78%]
tests/test_search_cache.py::test_concurrent_cache_access PASSED          [ 78%]
tests/test_search_cache.py::test_search_with_invalidation FAILED         [ 79%]
tests/test_services.py::test_create_agent_service PASSED                 [ 79%]
tests/test_services.py::test_get_balance_service FAILED                  [ 79%]
tests/test_services.py::test_upload_memory_service FAILED                [ 79%]
tests/test_services.py::test_search_memories_service FAILED              [ 79%]
tests/test_services.py::test_search_memories_with_filters PASSED         [ 79%]
tests/test_services.py::test_keyword_search PASSED                       [ 80%]
tests/test_services.py::test_semantic_search FAILED                      [ 80%]
tests/test_services.py::test_hybrid_search FAILED                        [ 80%]
tests/test_services.py::test_search_sorting PASSED                       [ 80%]
tests/test_services.py::test_purchase_memory_service PASSED              [ 80%]
tests/test_services.py::test_purchase_own_memory_service PASSED          [ 80%]
tests/test_services.py::test_rate_memory_service PASSED                  [ 80%]
tests/test_services.py::test_verify_memory_service PASSED                [ 81%]
tests/test_services.py::test_verify_own_memory_service PASSED            [ 81%]
tests/test_services.py::test_update_memory_service FAILED                [ 81%]
tests/test_services.py::test_update_memory_unauthorized PASSED           [ 81%]
tests/test_services.py::test_get_my_memories_service PASSED              [ 81%]
tests/test_services.py::test_get_memory_detail_service FAILED            [ 81%]
tests/test_services.py::test_get_memory_versions_service FAILED          [ 82%]
tests/test_services.py::test_get_memory_version_service PASSED           [ 82%]
tests/test_services.py::test_memory_pagination PASSED                    [ 82%]
tests/test_services.py::test_verification_score_calculation PASSED       [ 82%]
tests/test_services.py::test_commission_system PASSED                    [ 82%]
tests/test_services.py::test_market_stats_update FAILED                  [ 82%]
tests/test_smart_reranking.py::TestFeatureExtractor::test_basic_feature_extraction PASSED [ 83%]
tests/test_smart_reranking.py::TestFeatureExtractor::test_keyword_match_no_overlap PASSED [ 83%]
tests/test_smart_reranking.py::TestFeatureExtractor::test_recency_score_decay PASSED [ 83%]
tests/test_smart_reranking.py::TestFeatureExtractor::test_freshness_score_boundaries PASSED [ 83%]
tests/test_smart_reranking.py::TestFeatureExtractor::test_no_created_at PASSED [ 83%]
tests/test_smart_reranking.py::TestFeatureExtractor::test_quality_signal PASSED [ 83%]
tests/test_smart_reranking.py::TestFeatureExtractor::test_user_interest_match PASSED [ 84%]
tests/test_smart_reranking.py::TestFeatureExtractor::test_user_profile_no_match PASSED [ 84%]
tests/test_smart_reranking.py::TestFeatureExtractor::test_batch_extraction PASSED [ 84%]
tests/test_smart_reranking.py::TestFeatureExtractor::test_tokenization PASSED [ 84%]
tests/test_smart_reranking.py::TestFeatureExtractor::test_bm25_score PASSED [ 84%]
tests/test_smart_reranking.py::TestSmartRerankingService::test_rerank_returns_sorted PASSED [ 84%]
tests/test_smart_reranking.py::TestSmartRerankingService::test_rerank_empty_candidates PASSED [ 85%]
tests/test_smart_reranking.py::TestSmartRerankingService::test_rerank_too_few_candidates PASSED [ 85%]
tests/test_smart_reranking.py::TestSmartRerankingService::test_top_k_truncation PASSED [ 85%]
tests/test_smart_reranking.py::TestSmartRerankingService::test_threshold_filter PASSED [ 85%]
tests/test_smart_reranking.py::TestSmartRerankingService::test_strategy_switching PASSED [ 85%]
tests/test_smart_reranking.py::TestSmartRerankingService::test_override_weights PASSED [ 85%]
tests/test_smart_reranking.py::TestSmartRerankingService::test_result_has_feature_vector PASSED [ 85%]
tests/test_smart_reranking.py::TestSmartRerankingService::test_user_profile_personalization PASSED [ 86%]
tests/test_smart_reranking.py::TestSmartRerankingService::test_stats_tracking PASSED [ 86%]
tests/test_smart_reranking.py::TestSmartRerankingService::test_config_update PASSED [ 86%]
tests/test_smart_reranking.py::TestRerankingEvaluator::test_mrr_calculation PASSED [ 86%]
tests/test_smart_reranking.py::TestRerankingEvaluator::test_ndcg_calculation PASSED [ 86%]
tests/test_smart_reranking.py::TestRerankingEvaluator::test_precision_at_k PASSED [ 86%]
tests/test_smart_reranking.py::TestRerankingEvaluator::test_recall_at_k PASSED [ 87%]
tests/test_smart_reranking.py::TestRerankingEvaluator::test_average_precision PASSED [ 87%]
tests/test_smart_reranking.py::TestRerankingEvaluator::test_hit_rate PASSED [ 87%]
tests/test_smart_reranking.py::TestRerankingEvaluator::test_composite_score PASSED [ 87%]
tests/test_smart_reranking.py::TestABTester::test_ab_result_structure PASSED [ 87%]
tests/test_smart_reranking.py::TestRerankingConfig::test_weights_validation PASSED [ 87%]
tests/test_smart_reranking.py::TestRerankingConfig::test_weights_to_dict PASSED [ 88%]
tests/test_smart_reranking.py::TestRerankingConfig::test_weights_from_dict PASSED [ 88%]
tests/test_smart_reranking.py::TestRerankingConfig::test_preset_strategies_exist PASSED [ 88%]
tests/test_smart_reranking.py::TestRerankingConfig::test_config_roundtrip PASSED [ 88%]
tests/test_smart_reranking.py::TestEvalHistory::test_add_and_get_report PASSED [ 88%]
tests/test_smart_reranking.py::TestEvalHistory::test_list_reports_filter PASSED [ 88%]
tests/test_smart_reranking.py::TestEvalHistory::test_compare_reports PASSED [ 89%]
tests/test_smart_reranking.py::TestDynamicWeights::test_short_query_boosts_keywords PASSED [ 89%]
tests/test_smart_reranking.py::TestDynamicWeights::test_long_query_boosts_semantic PASSED [ 89%]
tests/test_smart_reranking.py::TestDynamicWeights::test_user_profile_boosts_personalization PASSED [ 89%]
tests/test_team_api.py::TestTeamAPI::test_create_team PASSED             [ 89%]
tests/test_team_api.py::TestTeamAPI::test_create_team_duplicate_name PASSED [ 89%]
tests/test_team_api.py::TestTeamAPI::test_get_team PASSED                [ 90%]
tests/test_team_api.py::TestTeamAPI::test_get_team_not_found PASSED      [ 90%]
tests/test_team_api.py::TestTeamAPI::test_update_team PASSED             [ 90%]
tests/test_team_api.py::TestTeamAPI::test_update_team_unauthorized PASSED [ 90%]
tests/test_team_api.py::TestTeamAPI::test_delete_team PASSED             [ 90%]
tests/test_team_api.py::TestTeamAPI::test_get_team_members PASSED        [ 90%]
tests/test_team_api.py::TestTeamMemberAPI::test_generate_invite_code PASSED [ 90%]
tests/test_team_api.py::TestTeamMemberAPI::test_join_team_by_code PASSED [ 91%]
tests/test_team_api.py::TestTeamMemberAPI::test_join_team_invalid_code PASSED [ 91%]
tests/test_team_api.py::TestTeamMemberAPI::test_update_member_role PASSED [ 91%]
tests/test_team_api.py::TestTeamMemberAPI::test_remove_member PASSED     [ 91%]
tests/test_team_api.py::TestTeamMemberAPI::test_get_invite_codes PASSED  [ 91%]
tests/test_team_api.py::TestTeamCreditAPI::test_add_credits PASSED       [ 91%]
tests/test_team_api.py::TestTeamCreditAPI::test_add_credits_insufficient_balance PASSED [ 92%]
tests/test_team_api.py::TestTeamCreditAPI::test_transfer_credits PASSED  [ 92%]
tests/test_team_api.py::TestTeamCreditAPI::test_get_transactions PASSED  [ 92%]
tests/test_team_memory_collab.py::test_create_team_memory_visibility [VectorSearch] Failed to index memory mem_c42763f2da4f: No module named 'sentence_transformers'
FAILED [ 92%]
tests/test_team_memory_collab.py::test_private_memory_not_visible_in_team PASSED [ 92%]
tests/test_team_memory_collab.py::test_team_only_memory_visible_to_members [VectorSearch] Failed to index memory mem_89a3ab09a460: No module named 'sentence_transformers'
FAILED [ 92%]
tests/test_team_memory_collab.py::test_create_team_memory FAILED         [ 93%]
tests/test_team_memory_collab.py::test_get_team_memories FAILED          [ 93%]
tests/test_team_memory_collab.py::test_get_team_memory_detail [VectorSearch] Failed to index memory mem_ea89bc289550: No module named 'sentence_transformers'
FAILED     [ 93%]
tests/test_team_memory_collab.py::test_update_team_memory_admin [VectorSearch] Failed to index memory mem_6b503803572d: No module named 'sentence_transformers'
FAILED   [ 93%]
tests/test_team_memory_collab.py::test_member_cannot_update_memory [VectorSearch] Failed to index memory mem_0c10ab534b06: No module named 'sentence_transformers'
FAILED [ 93%]
tests/test_team_memory_collab.py::test_delete_team_memory [VectorSearch] Failed to index memory mem_2051c3794d7d: No module named 'sentence_transformers'
FAILED         [ 93%]
tests/test_team_memory_collab.py::test_purchase_with_team_credits FAILED [ 94%]
tests/test_team_memory_collab.py::test_cannot_purchase_team_own_memory [VectorSearch] Failed to index memory mem_a42d05051ffd: No module named 'sentence_transformers'
FAILED [ 94%]
tests/test_team_memory_collab.py::test_team_insufficient_credits FAILED  [ 94%]
tests/test_team_memory_collab.py::test_non_member_cannot_access_team_memory [VectorSearch] Failed to index memory mem_947106a8e3e5: No module named 'sentence_transformers'
FAILED [ 94%]
tests/test_team_models.py::TestTeamModel::test_create_team PASSED        [ 94%]
tests/test_team_models.py::TestTeamModel::test_team_relationships PASSED [ 94%]
tests/test_team_models.py::TestTeamModel::test_archive_team PASSED       [ 95%]
tests/test_team_models.py::TestTeamMemberModel::test_add_member_to_team PASSED [ 95%]
tests/test_team_models.py::TestTeamMemberModel::test_remove_member_from_team PASSED [ 95%]
tests/test_team_models.py::TestTeamMemberModel::test_unique_team_member_constraint PASSED [ 95%]
tests/test_team_models.py::TestTeamMemberModel::test_role_enumeration PASSED [ 95%]
tests/test_team_models.py::TestTeamInviteCodeModel::test_create_invite_code PASSED [ 95%]
tests/test_team_models.py::TestTeamInviteCodeModel::test_use_invite_code PASSED [ 95%]
tests/test_team_models.py::TestTeamInviteCodeModel::test_invite_code_expiration PASSED [ 96%]
tests/test_team_models.py::TestTeamCreditTransactionModel::test_recharge_team_credits PASSED [ 96%]
tests/test_team_models.py::TestTeamCreditTransactionModel::test_purchase_with_team_credits PASSED [ 96%]
tests/test_team_models.py::TestTeamCreditTransactionModel::test_transaction_history PASSED [ 96%]
tests/test_team_models.py::TestMemoryWithTeam::test_create_team_memory PASSED [ 96%]
tests/test_team_models.py::TestMemoryWithTeam::test_memory_visibility_levels PASSED [ 96%]
tests/test_team_models.py::TestMemoryWithTeam::test_private_memory_no_team PASSED [ 97%]
tests/test_team_models.py::TestPermissionLogic::test_owner_permissions PASSED [ 97%]
tests/test_team_models.py::TestPermissionLogic::test_admin_cannot_remove_owner PASSED [ 97%]
tests/test_team_models.py::TestPermissionLogic::test_member_permissions PASSED [ 97%]
tests/test_user_profiles.py::TestProfileExtraction::test_rule_based_extraction ERROR [ 97%]
tests/test_user_profiles.py::TestProfileExtraction::test_extract_from_conversation ERROR [ 97%]
tests/test_user_profiles.py::TestUserProfileService::test_create_profile ERROR [ 98%]
tests/test_user_profiles.py::TestUserProfileService::test_get_profile ERROR [ 98%]
tests/test_user_profiles.py::TestUserProfileService::test_add_fact ERROR [ 98%]
tests/test_user_profiles.py::TestUserProfileService::test_get_facts ERROR [ 98%]
tests/test_user_profiles.py::TestUserProfileService::test_delete_fact ERROR [ 98%]
tests/test_user_profiles.py::TestUserProfileService::test_get_changes ERROR [ 98%]
tests/test_user_profiles.py::TestUserProfileService::test_dynamic_context ERROR [ 99%]
tests/test_user_profiles.py::TestUserProfileService::test_profile_completeness ERROR [ 99%]
tests/test_user_profiles.py::TestProfileAPI::test_get_my_profile ERROR   [ 99%]
tests/test_user_profiles.py::TestProfileAPI::test_update_my_profile ERROR [ 99%]
tests/test_user_profiles.py::TestProfileAPI::test_add_fact_api ERROR     [ 99%]
tests/test_user_profiles.py::TestProfileAPI::test_extract_from_conversation_api PASSED [ 99%]
tests/test_user_profiles.py::TestSearchIntegration::test_personalized_search ERROR [100%]

==================================== ERRORS ====================================
____________ ERROR at setup of TestPolicyService.test_create_policy ____________
file /Users/sss/.openclaw/workspace/memory-market/tests/test_advanced_permissions.py, line 451
      async def test_create_policy(
          self,
          db: AsyncSession,
          test_agent: Agent,
          sample_policy_document: dict
      ):
          """测试创建策略"""
          service = PolicyService(db)
          policy = await service.create_policy(
              name="测试策略",
              policy_document=sample_policy_document,
              description="测试描述",
              created_by_agent_id=test_agent.agent_id
          )

          assert policy.policy_id is not None
          assert policy.name == "测试策略"
          assert policy.policy_type == "custom"
          assert policy.version_count == 1
          assert policy.default_version_id is not None
E       fixture 'db' not found
>       available fixtures: _class_scoped_runner, _function_scoped_runner, _module_scoped_runner, _package_scoped_runner, _session_scoped_runner, anyio_backend, anyio_backend_name, anyio_backend_options, auth_headers, cache, capfd, capfdbinary, caplog, capsys, capsysbinary, capteesys, client, conditional_policy_document, cov, db_engine, db_session, deny_policy_document, doctest_namespace, event_loop, event_loop_policy, free_tcp_port, free_tcp_port_factory, free_udp_port, free_udp_port_factory, monkeypatch, no_cover, pytestconfig, record_property, record_testsuite_property, record_xml_attribute, recwarn, sample_policy_document, subtests, test_agent, test_agent2, test_memory, test_permissions, test_role, tmp_path, tmp_path_factory, tmpdir, tmpdir_factory, unused_tcp_port, unused_tcp_port_factory, unused_udp_port, unused_udp_port_factory
>       use 'pytest --fixtures [testpath]' for help on them.

/Users/sss/.openclaw/workspace/memory-market/tests/test_advanced_permissions.py:451
___ ERROR at setup of TestPolicyService.test_create_policy_invalid_document ____
file /Users/sss/.openclaw/workspace/memory-market/tests/test_advanced_permissions.py, line 472
      async def test_create_policy_invalid_document(
          self,
          db: AsyncSession,
          test_agent: Agent
      ):
          """测试创建策略 - 无效文档"""
          service = PolicyService(db)

          with pytest.raises(ValueError, match="must contain 'Statement'"):
              await service.create_policy(
                  name="无效策略",
                  policy_document={"Version": "2024-01-01"},
                  created_by_agent_id=test_agent.agent_id
              )
E       fixture 'db' not found
>       available fixtures: _class_scoped_runner, _function_scoped_runner, _module_scoped_runner, _package_scoped_runner, _session_scoped_runner, anyio_backend, anyio_backend_name, anyio_backend_options, auth_headers, cache, capfd, capfdbinary, caplog, capsys, capsysbinary, capteesys, client, conditional_policy_document, cov, db_engine, db_session, deny_policy_document, doctest_namespace, event_loop, event_loop_policy, free_tcp_port, free_tcp_port_factory, free_udp_port, free_udp_port_factory, monkeypatch, no_cover, pytestconfig, record_property, record_testsuite_property, record_xml_attribute, recwarn, sample_policy_document, subtests, test_agent, test_agent2, test_memory, test_permissions, test_role, tmp_path, tmp_path_factory, tmpdir, tmpdir_factory, unused_tcp_port, unused_tcp_port_factory, unused_udp_port, unused_udp_port_factory
>       use 'pytest --fixtures [testpath]' for help on them.

/Users/sss/.openclaw/workspace/memory-market/tests/test_advanced_permissions.py:472
_____________ ERROR at setup of TestPolicyService.test_get_policy ______________
file /Users/sss/.openclaw/workspace/memory-market/tests/test_advanced_permissions.py, line 487
      async def test_get_policy(
          self,
          db: AsyncSession,
          test_agent: Agent,
          sample_policy_document: dict
      ):
          """测试获取策略"""
          service = PolicyService(db)
          policy = await service.create_policy(
              name="获取测试",
              policy_document=sample_policy_document,
              created_by_agent_id=test_agent.agent_id
          )

          fetched = await service.get_policy(policy.policy_id)
          assert fetched is not None
          assert fetched.name == "获取测试"
E       fixture 'db' not found
>       available fixtures: _class_scoped_runner, _function_scoped_runner, _module_scoped_runner, _package_scoped_runner, _session_scoped_runner, anyio_backend, anyio_backend_name, anyio_backend_options, auth_headers, cache, capfd, capfdbinary, caplog, capsys, capsysbinary, capteesys, client, conditional_policy_document, cov, db_engine, db_session, deny_policy_document, doctest_namespace, event_loop, event_loop_policy, free_tcp_port, free_tcp_port_factory, free_udp_port, free_udp_port_factory, monkeypatch, no_cover, pytestconfig, record_property, record_testsuite_property, record_xml_attribute, recwarn, sample_policy_document, subtests, test_agent, test_agent2, test_memory, test_permissions, test_role, tmp_path, tmp_path_factory, tmpdir, tmpdir_factory, unused_tcp_port, unused_tcp_port_factory, unused_udp_port, unused_udp_port_factory
>       use 'pytest --fixtures [testpath]' for help on them.

/Users/sss/.openclaw/workspace/memory-market/tests/test_advanced_permissions.py:487
____________ ERROR at setup of TestPolicyService.test_list_policies ____________
file /Users/sss/.openclaw/workspace/memory-market/tests/test_advanced_permissions.py, line 505
      async def test_list_policies(
          self,
          db: AsyncSession,
          test_agent: Agent,
          sample_policy_document: dict
      ):
          """测试列出策略"""
          service = PolicyService(db)

          # 创建多个策略
          for i in range(3):
              await service.create_policy(
                  name=f"列表测试{i}",
                  policy_document=sample_policy_document,
                  created_by_agent_id=test_agent.agent_id
              )

          result = await service.list_policies(page=1, page_size=10)
          assert result["total"] >= 3
E       fixture 'db' not found
>       available fixtures: _class_scoped_runner, _function_scoped_runner, _module_scoped_runner, _package_scoped_runner, _session_scoped_runner, anyio_backend, anyio_backend_name, anyio_backend_options, auth_headers, cache, capfd, capfdbinary, caplog, capsys, capsysbinary, capteesys, client, conditional_policy_document, cov, db_engine, db_session, deny_policy_document, doctest_namespace, event_loop, event_loop_policy, free_tcp_port, free_tcp_port_factory, free_udp_port, free_udp_port_factory, monkeypatch, no_cover, pytestconfig, record_property, record_testsuite_property, record_xml_attribute, recwarn, sample_policy_document, subtests, test_agent, test_agent2, test_memory, test_permissions, test_role, tmp_path, tmp_path_factory, tmpdir, tmpdir_factory, unused_tcp_port, unused_tcp_port_factory, unused_udp_port, unused_udp_port_factory
>       use 'pytest --fixtures [testpath]' for help on them.

/Users/sss/.openclaw/workspace/memory-market/tests/test_advanced_permissions.py:505
____________ ERROR at setup of TestPolicyService.test_update_policy ____________
file /Users/sss/.openclaw/workspace/memory-market/tests/test_advanced_permissions.py, line 525
      async def test_update_policy(
          self,
          db: AsyncSession,
          test_agent: Agent,
          sample_policy_document: dict
      ):
          """测试更新策略"""
          service = PolicyService(db)
          policy = await service.create_policy(
              name="更新测试",
              policy_document=sample_policy_document,
              created_by_agent_id=test_agent.agent_id
          )

          # 更新基本信息
          updated = await service.update_policy(
              policy_id=policy.policy_id,
              name="更新后的名称"
          )
          assert updated.name == "更新后的名称"

          # 更新策略文档（创建新版本）
          new_doc = {
              "Version": "2024-01-01",
              "Statement": [{
                  "Effect": "Allow",
                  "Action": ["memory:get", "memory:list", "memory:create"],
                  "Resource": ["memory:*"]
              }]
          }
          updated = await service.update_policy(
              policy_id=policy.policy_id,
              policy_document=new_doc,
              changelog="添加了 create 权限"
          )
          assert updated.version_count == 2

          # 验证版本
          versions = await service.get_policy_versions(policy.policy_id)
          assert len(versions) == 2
E       fixture 'db' not found
>       available fixtures: _class_scoped_runner, _function_scoped_runner, _module_scoped_runner, _package_scoped_runner, _session_scoped_runner, anyio_backend, anyio_backend_name, anyio_backend_options, auth_headers, cache, capfd, capfdbinary, caplog, capsys, capsysbinary, capteesys, client, conditional_policy_document, cov, db_engine, db_session, deny_policy_document, doctest_namespace, event_loop, event_loop_policy, free_tcp_port, free_tcp_port_factory, free_udp_port, free_udp_port_factory, monkeypatch, no_cover, pytestconfig, record_property, record_testsuite_property, record_xml_attribute, recwarn, sample_policy_document, subtests, test_agent, test_agent2, test_memory, test_permissions, test_role, tmp_path, tmp_path_factory, tmpdir, tmpdir_factory, unused_tcp_port, unused_tcp_port_factory, unused_udp_port, unused_udp_port_factory
>       use 'pytest --fixtures [testpath]' for help on them.

/Users/sss/.openclaw/workspace/memory-market/tests/test_advanced_permissions.py:525
____________ ERROR at setup of TestPolicyService.test_delete_policy ____________
file /Users/sss/.openclaw/workspace/memory-market/tests/test_advanced_permissions.py, line 566
      async def test_delete_policy(
          self,
          db: AsyncSession,
          test_agent: Agent,
          sample_policy_document: dict
      ):
          """测试删除策略"""
          service = PolicyService(db)
          policy = await service.create_policy(
              name="删除测试",
              policy_document=sample_policy_document,
              created_by_agent_id=test_agent.agent_id
          )

          success = await service.delete_policy(policy.policy_id)
          assert success is True

          fetched = await service.get_policy(policy.policy_id)
          assert fetched is None
E       fixture 'db' not found
>       available fixtures: _class_scoped_runner, _function_scoped_runner, _module_scoped_runner, _package_scoped_runner, _session_scoped_runner, anyio_backend, anyio_backend_name, anyio_backend_options, auth_headers, cache, capfd, capfdbinary, caplog, capsys, capsysbinary, capteesys, client, conditional_policy_document, cov, db_engine, db_session, deny_policy_document, doctest_namespace, event_loop, event_loop_policy, free_tcp_port, free_tcp_port_factory, free_udp_port, free_udp_port_factory, monkeypatch, no_cover, pytestconfig, record_property, record_testsuite_property, record_xml_attribute, recwarn, sample_policy_document, subtests, test_agent, test_agent2, test_memory, test_permissions, test_role, tmp_path, tmp_path_factory, tmpdir, tmpdir_factory, unused_tcp_port, unused_tcp_port_factory, unused_udp_port, unused_udp_port_factory
>       use 'pytest --fixtures [testpath]' for help on them.

/Users/sss/.openclaw/workspace/memory-market/tests/test_advanced_permissions.py:566
________ ERROR at setup of TestPolicyService.test_delete_system_policy _________
file /Users/sss/.openclaw/workspace/memory-market/tests/test_advanced_permissions.py, line 586
      async def test_delete_system_policy(
          self,
          db: AsyncSession,
          test_agent: Agent,
          sample_policy_document: dict
      ):
          """测试不能删除系统策略"""
          service = PolicyService(db)
          policy = await service.create_policy(
              name="系统策略",
              policy_document=sample_policy_document,
              policy_type="managed",
              created_by_agent_id=test_agent.agent_id
          )
          policy.is_system = True
          await db.commit()

          with pytest.raises(ValueError, match="Cannot delete system policy"):
              await service.delete_policy(policy.policy_id)
E       fixture 'db' not found
>       available fixtures: _class_scoped_runner, _function_scoped_runner, _module_scoped_runner, _package_scoped_runner, _session_scoped_runner, anyio_backend, anyio_backend_name, anyio_backend_options, auth_headers, cache, capfd, capfdbinary, caplog, capsys, capsysbinary, capteesys, client, conditional_policy_document, cov, db_engine, db_session, deny_policy_document, doctest_namespace, event_loop, event_loop_policy, free_tcp_port, free_tcp_port_factory, free_udp_port, free_udp_port_factory, monkeypatch, no_cover, pytestconfig, record_property, record_testsuite_property, record_xml_attribute, recwarn, sample_policy_document, subtests, test_agent, test_agent2, test_memory, test_permissions, test_role, tmp_path, tmp_path_factory, tmpdir, tmpdir_factory, unused_tcp_port, unused_tcp_port_factory, unused_udp_port, unused_udp_port_factory
>       use 'pytest --fixtures [testpath]' for help on them.

/Users/sss/.openclaw/workspace/memory-market/tests/test_advanced_permissions.py:586
______ ERROR at setup of TestPolicyService.test_attach_and_detach_policy _______
file /Users/sss/.openclaw/workspace/memory-market/tests/test_advanced_permissions.py, line 606
      async def test_attach_and_detach_policy(
          self,
          db: AsyncSession,
          test_agent: Agent,
          sample_policy_document: dict
      ):
          """测试附加和分离策略"""
          service = PolicyService(db)
          policy = await service.create_policy(
              name="附加测试",
              policy_document=sample_policy_document,
              created_by_agent_id=test_agent.agent_id
          )

          # 附加到用户
          attachment = await service.attach_policy(
              policy_id=policy.policy_id,
              agent_id=test_agent.agent_id
          )
          assert attachment.attachment_id is not None

          # 查询附加
          attachments = await service.get_attached_policies(agent_id=test_agent.agent_id)
          assert len(attachments) == 1

          # 分离
          success = await service.detach_policy(
              policy_id=policy.policy_id,
              agent_id=test_agent.agent_id
          )
          assert success is True
E       fixture 'db' not found
>       available fixtures: _class_scoped_runner, _function_scoped_runner, _module_scoped_runner, _package_scoped_runner, _session_scoped_runner, anyio_backend, anyio_backend_name, anyio_backend_options, auth_headers, cache, capfd, capfdbinary, caplog, capsys, capsysbinary, capteesys, client, conditional_policy_document, cov, db_engine, db_session, deny_policy_document, doctest_namespace, event_loop, event_loop_policy, free_tcp_port, free_tcp_port_factory, free_udp_port, free_udp_port_factory, monkeypatch, no_cover, pytestconfig, record_property, record_testsuite_property, record_xml_attribute, recwarn, sample_policy_document, subtests, test_agent, test_agent2, test_memory, test_permissions, test_role, tmp_path, tmp_path_factory, tmpdir, tmpdir_factory, unused_tcp_port, unused_tcp_port_factory, unused_udp_port, unused_udp_port_factory
>       use 'pytest --fixtures [testpath]' for help on them.

/Users/sss/.openclaw/workspace/memory-market/tests/test_advanced_permissions.py:606
_________ ERROR at setup of TestPolicyService.test_version_management __________
file /Users/sss/.openclaw/workspace/memory-market/tests/test_advanced_permissions.py, line 638
      async def test_version_management(
          self,
          db: AsyncSession,
          test_agent: Agent,
          sample_policy_document: dict
      ):
          """测试版本管理"""
          service = PolicyService(db)
          policy = await service.create_policy(
              name="版本测试",
              policy_document=sample_policy_document,
              created_by_agent_id=test_agent.agent_id
          )

          # 创建多个版本
          for i in range(3):
              await service.update_policy(
                  policy_id=policy.policy_id,
                  policy_document={
                      "Version": "2024-01-01",
                      "Statement": [{
                          "Effect": "Allow",
                          "Action": [f"memory:action{i}"],
                          "Resource": ["memory:*"]
                      }]
                  },
                  changelog=f"Version {i+2}"
              )

          versions = await service.get_policy_versions(policy.policy_id)
          assert len(versions) == 4  # 1 initial + 3 updates

          # 设置默认版本
          old_version = versions[-1]  # 最早的版本
          success = await service.set_default_version(policy.policy_id, old_version.version_id)
          assert success is True
E       fixture 'db' not found
>       available fixtures: _class_scoped_runner, _function_scoped_runner, _module_scoped_runner, _package_scoped_runner, _session_scoped_runner, anyio_backend, anyio_backend_name, anyio_backend_options, auth_headers, cache, capfd, capfdbinary, caplog, capsys, capsysbinary, capteesys, client, conditional_policy_document, cov, db_engine, db_session, deny_policy_document, doctest_namespace, event_loop, event_loop_policy, free_tcp_port, free_tcp_port_factory, free_udp_port, free_udp_port_factory, monkeypatch, no_cover, pytestconfig, record_property, record_testsuite_property, record_xml_attribute, recwarn, sample_policy_document, subtests, test_agent, test_agent2, test_memory, test_permissions, test_role, tmp_path, tmp_path_factory, tmpdir, tmpdir_factory, unused_tcp_port, unused_tcp_port_factory, unused_udp_port, unused_udp_port_factory
>       use 'pytest --fixtures [testpath]' for help on them.

/Users/sss/.openclaw/workspace/memory-market/tests/test_advanced_permissions.py:638
____ ERROR at setup of TestPolicyService.test_check_permission_with_policy _____
file /Users/sss/.openclaw/workspace/memory-market/tests/test_advanced_permissions.py, line 675
      async def test_check_permission_with_policy(
          self,
          db: AsyncSession,
          test_agent: Agent,
          sample_policy_document: dict
      ):
          """测试通过策略检查权限"""
          service = PolicyService(db)
          policy = await service.create_policy(
              name="权限检查测试",
              policy_document=sample_policy_document,
              created_by_agent_id=test_agent.agent_id
          )

          await service.attach_policy(
              policy_id=policy.policy_id,
              agent_id=test_agent.agent_id
          )

          # 检查允许的操作
          result = await service.check_permission(
              agent_id=test_agent.agent_id,
              action="memory:get",
              resource="memory:mem_123"
          )
          assert result["allowed"] is True

          # 检查不允许的操作
          result = await service.check_permission(
              agent_id=test_agent.agent_id,
              action="memory:delete",
              resource="memory:mem_123"
          )
          assert result["allowed"] is False
E       fixture 'db' not found
>       available fixtures: _class_scoped_runner, _function_scoped_runner, _module_scoped_runner, _package_scoped_runner, _session_scoped_runner, anyio_backend, anyio_backend_name, anyio_backend_options, auth_headers, cache, capfd, capfdbinary, caplog, capsys, capsysbinary, capteesys, client, conditional_policy_document, cov, db_engine, db_session, deny_policy_document, doctest_namespace, event_loop, event_loop_policy, free_tcp_port, free_tcp_port_factory, free_udp_port, free_udp_port_factory, monkeypatch, no_cover, pytestconfig, record_property, record_testsuite_property, record_xml_attribute, recwarn, sample_policy_document, subtests, test_agent, test_agent2, test_memory, test_permissions, test_role, tmp_path, tmp_path_factory, tmpdir, tmpdir_factory, unused_tcp_port, unused_tcp_port_factory, unused_udp_port, unused_udp_port_factory
>       use 'pytest --fixtures [testpath]' for help on them.

/Users/sss/.openclaw/workspace/memory-market/tests/test_advanced_permissions.py:675
______ ERROR at setup of TestPolicyService.test_conditional_policy_check _______
file /Users/sss/.openclaw/workspace/memory-market/tests/test_advanced_permissions.py, line 710
      async def test_conditional_policy_check(
          self,
          db: AsyncSession,
          test_agent: Agent,
          conditional_policy_document: dict
      ):
          """测试带条件的策略检查"""
          service = PolicyService(db)
          policy = await service.create_policy(
              name="条件策略测试",
              policy_document=conditional_policy_document,
              created_by_agent_id=test_agent.agent_id
          )

          await service.attach_policy(
              policy_id=policy.policy_id,
              agent_id=test_agent.agent_id
          )

          # 满足条件
          result = await service.check_permission(
              agent_id=test_agent.agent_id,
              action="memory:get",
              resource="memory:mem_123",
              context={"category": "技术"}
          )
          assert result["allowed"] is True

          # 不满足条件
          result = await service.check_permission(
              agent_id=test_agent.agent_id,
              action="memory:get",
              resource="memory:mem_123",
              context={"category": "生活"}
          )
          assert result["allowed"] is False
E       fixture 'db' not found
>       available fixtures: _class_scoped_runner, _function_scoped_runner, _module_scoped_runner, _package_scoped_runner, _session_scoped_runner, anyio_backend, anyio_backend_name, anyio_backend_options, auth_headers, cache, capfd, capfdbinary, caplog, capsys, capsysbinary, capteesys, client, conditional_policy_document, cov, db_engine, db_session, deny_policy_document, doctest_namespace, event_loop, event_loop_policy, free_tcp_port, free_tcp_port_factory, free_udp_port, free_udp_port_factory, monkeypatch, no_cover, pytestconfig, record_property, record_testsuite_property, record_xml_attribute, recwarn, sample_policy_document, subtests, test_agent, test_agent2, test_memory, test_permissions, test_role, tmp_path, tmp_path_factory, tmpdir, tmpdir_factory, unused_tcp_port, unused_tcp_port_factory, unused_udp_port, unused_udp_port_factory
>       use 'pytest --fixtures [testpath]' for help on them.

/Users/sss/.openclaw/workspace/memory-market/tests/test_advanced_permissions.py:710
___ ERROR at setup of TestPolicyService.test_deny_overrides_allow_in_service ___
file /Users/sss/.openclaw/workspace/memory-market/tests/test_advanced_permissions.py, line 747
      async def test_deny_overrides_allow_in_service(
          self,
          db: AsyncSession,
          test_agent: Agent,
          sample_policy_document: dict,
          deny_policy_document: dict
      ):
          """测试服务层 Deny 优先于 Allow"""
          service = PolicyService(db)

          # Allow 策略
          allow_policy = await service.create_policy(
              name="Allow策略",
              policy_document=sample_policy_document,
              created_by_agent_id=test_agent.agent_id
          )
          await service.attach_policy(
              policy_id=allow_policy.policy_id,
              agent_id=test_agent.agent_id
          )

          # Deny 策略
          deny_policy = await service.create_policy(
              name="Deny策略",
              policy_document=deny_policy_document,
              created_by_agent_id=test_agent.agent_id
          )
          await service.attach_policy(
              policy_id=deny_policy.policy_id,
              agent_id=test_agent.agent_id
          )

          # delete 操作被 Deny
          result = await service.check_permission(
              agent_id=test_agent.agent_id,
              action="memory:delete",
              resource="memory:mem_123"
          )
          assert result["allowed"] is False

          # get 操作仍然 Allow
          result = await service.check_permission(
              agent_id=test_agent.agent_id,
              action="memory:get",
              resource="memory:mem_123"
          )
          assert result["allowed"] is True
E       fixture 'db' not found
>       available fixtures: _class_scoped_runner, _function_scoped_runner, _module_scoped_runner, _package_scoped_runner, _session_scoped_runner, anyio_backend, anyio_backend_name, anyio_backend_options, auth_headers, cache, capfd, capfdbinary, caplog, capsys, capsysbinary, capteesys, client, conditional_policy_document, cov, db_engine, db_session, deny_policy_document, doctest_namespace, event_loop, event_loop_policy, free_tcp_port, free_tcp_port_factory, free_udp_port, free_udp_port_factory, monkeypatch, no_cover, pytestconfig, record_property, record_testsuite_property, record_xml_attribute, recwarn, sample_policy_document, subtests, test_agent, test_agent2, test_memory, test_permissions, test_role, tmp_path, tmp_path_factory, tmpdir, tmpdir_factory, unused_tcp_port, unused_tcp_port_factory, unused_udp_port, unused_udp_port_factory
>       use 'pytest --fixtures [testpath]' for help on them.

/Users/sss/.openclaw/workspace/memory-market/tests/test_advanced_permissions.py:747
_______ ERROR at setup of TestRBACService.test_get_effective_permissions _______
file /Users/sss/.openclaw/workspace/memory-market/tests/test_advanced_permissions.py, line 801
      async def test_get_effective_permissions(
          self,
          db: AsyncSession,
          test_agent: Agent,
          test_permissions: list
      ):
          """测试获取有效权限"""
          # 授予用户直接权限
          user_perm = UserPermission(
              agent_id=test_agent.agent_id,
              permission_id=test_permissions[0].permission_id,
              grant_type="allow"
          )
          db.add(user_perm)
          await db.commit()

          rbac_service = RBACService(db)
          result = await rbac_service.get_effective_permissions(test_agent.agent_id)

          assert test_permissions[0].code in result["effective_permissions"]
          assert len(result["direct_permissions"]) == 1
E       fixture 'db' not found
>       available fixtures: _class_scoped_runner, _function_scoped_runner, _module_scoped_runner, _package_scoped_runner, _session_scoped_runner, anyio_backend, anyio_backend_name, anyio_backend_options, auth_headers, cache, capfd, capfdbinary, caplog, capsys, capsysbinary, capteesys, client, conditional_policy_document, cov, db_engine, db_session, deny_policy_document, doctest_namespace, event_loop, event_loop_policy, free_tcp_port, free_tcp_port_factory, free_udp_port, free_udp_port_factory, monkeypatch, no_cover, pytestconfig, record_property, record_testsuite_property, record_xml_attribute, recwarn, sample_policy_document, subtests, test_agent, test_agent2, test_memory, test_permissions, test_role, tmp_path, tmp_path_factory, tmpdir, tmpdir_factory, unused_tcp_port, unused_tcp_port_factory, unused_udp_port, unused_udp_port_factory
>       use 'pytest --fixtures [testpath]' for help on them.

/Users/sss/.openclaw/workspace/memory-market/tests/test_advanced_permissions.py:801
_____________ ERROR at setup of TestRBACService.test_deny_priority _____________
file /Users/sss/.openclaw/workspace/memory-market/tests/test_advanced_permissions.py, line 823
      async def test_deny_priority(
          self,
          db: AsyncSession,
          test_agent: Agent,
          test_permissions: list
      ):
          """测试 Deny 优先级"""
          # Allow
          allow_perm = UserPermission(
              agent_id=test_agent.agent_id,
              permission_id=test_permissions[0].permission_id,
              grant_type="allow"
          )
          db.add(allow_perm)

          # Deny（同权限）
          deny_perm = UserPermission(
              agent_id=test_agent.agent_id,
              permission_id=test_permissions[0].permission_id,
              grant_type="deny"
          )
          db.add(deny_perm)
          await db.commit()

          rbac_service = RBACService(db)
          result = await rbac_service.get_effective_permissions(test_agent.agent_id)

          # Deny 优先，不应在有效权限中
          assert test_permissions[0].code not in result["effective_permissions"]
          assert len(result["denied_permissions"]) == 1
E       fixture 'db' not found
>       available fixtures: _class_scoped_runner, _function_scoped_runner, _module_scoped_runner, _package_scoped_runner, _session_scoped_runner, anyio_backend, anyio_backend_name, anyio_backend_options, auth_headers, cache, capfd, capfdbinary, caplog, capsys, capsysbinary, capteesys, client, conditional_policy_document, cov, db_engine, db_session, deny_policy_document, doctest_namespace, event_loop, event_loop_policy, free_tcp_port, free_tcp_port_factory, free_udp_port, free_udp_port_factory, monkeypatch, no_cover, pytestconfig, record_property, record_testsuite_property, record_xml_attribute, recwarn, sample_policy_document, subtests, test_agent, test_agent2, test_memory, test_permissions, test_role, tmp_path, tmp_path_factory, tmpdir, tmpdir_factory, unused_tcp_port, unused_tcp_port_factory, unused_udp_port, unused_udp_port_factory
>       use 'pytest --fixtures [testpath]' for help on them.

/Users/sss/.openclaw/workspace/memory-market/tests/test_advanced_permissions.py:823
____________ ERROR at setup of TestRBACService.test_role_hierarchy _____________
file /Users/sss/.openclaw/workspace/memory-market/tests/test_advanced_permissions.py, line 854
      async def test_role_hierarchy(
          self,
          db: AsyncSession,
          test_role: Role
      ):
          """测试角色继承"""
          # 创建父角色
          parent_role = Role(
              code="parent_role",
              name="父角色",
              category="platform",
              level=2
          )
          db.add(parent_role)
          await db.commit()

          # 设置继承
          test_role.inherit_from_id = parent_role.role_id
          await db.commit()

          rbac_service = RBACService(db)
          hierarchy = await rbac_service.get_role_hierarchy(test_role.role_id)

          assert len(hierarchy["parents"]) == 1
          assert hierarchy["parents"][0]["code"] == "parent_role"
E       fixture 'db' not found
>       available fixtures: _class_scoped_runner, _function_scoped_runner, _module_scoped_runner, _package_scoped_runner, _session_scoped_runner, anyio_backend, anyio_backend_name, anyio_backend_options, auth_headers, cache, capfd, capfdbinary, caplog, capsys, capsysbinary, capteesys, client, conditional_policy_document, cov, db_engine, db_session, deny_policy_document, doctest_namespace, event_loop, event_loop_policy, free_tcp_port, free_tcp_port_factory, free_udp_port, free_udp_port_factory, monkeypatch, no_cover, pytestconfig, record_property, record_testsuite_property, record_xml_attribute, recwarn, sample_policy_document, subtests, test_agent, test_agent2, test_memory, test_permissions, test_role, tmp_path, tmp_path_factory, tmpdir, tmpdir_factory, unused_tcp_port, unused_tcp_port_factory, unused_udp_port, unused_udp_port_factory
>       use 'pytest --fixtures [testpath]' for help on them.

/Users/sss/.openclaw/workspace/memory-market/tests/test_advanced_permissions.py:854
_________ ERROR at setup of TestRBACService.test_condition_evaluation __________
file /Users/sss/.openclaw/workspace/memory-market/tests/test_advanced_permissions.py, line 880
      async def test_condition_evaluation(
          self,
          db: AsyncSession
      ):
          """测试条件评估"""
          rbac_service = RBACService(db)

          # 简单条件
          result = await rbac_service.evaluate_conditions(
              {"StringEquals": {"category": "技术"}},
              {"category": "技术"}
          )
          assert result is True

          # AND 条件
          result = await rbac_service.evaluate_conditions(
              {
                  "AND": [
                      {"StringEquals": {"category": "技术"}},
                      {"NumericGreaterThan": {"price": 50}}
                  ]
              },
              {"category": "技术", "price": 100}
          )
          assert result is True

          # OR 条件
          result = await rbac_service.evaluate_conditions(
              {
                  "OR": [
                      {"StringEquals": {"category": "技术"}},
                      {"StringEquals": {"category": "生活"}}
                  ]
              },
              {"category": "生活"}
          )
          assert result is True

          # NOT 条件
          result = await rbac_service.evaluate_conditions(
              {"NOT": {"StringEquals": {"category": "技术"}}},
              {"category": "生活"}
          )
          assert result is True
E       fixture 'db' not found
>       available fixtures: _class_scoped_runner, _function_scoped_runner, _module_scoped_runner, _package_scoped_runner, _session_scoped_runner, anyio_backend, anyio_backend_name, anyio_backend_options, auth_headers, cache, capfd, capfdbinary, caplog, capsys, capsysbinary, capteesys, client, conditional_policy_document, cov, db_engine, db_session, deny_policy_document, doctest_namespace, event_loop, event_loop_policy, free_tcp_port, free_tcp_port_factory, free_udp_port, free_udp_port_factory, monkeypatch, no_cover, pytestconfig, record_property, record_testsuite_property, record_xml_attribute, recwarn, sample_policy_document, subtests, test_agent, test_agent2, test_memory, test_permissions, test_role, tmp_path, tmp_path_factory, tmpdir, tmpdir_factory, unused_tcp_port, unused_tcp_port_factory, unused_udp_port, unused_udp_port_factory
>       use 'pytest --fixtures [testpath]' for help on them.

/Users/sss/.openclaw/workspace/memory-market/tests/test_advanced_permissions.py:880
____________ ERROR at setup of TestAuditService.test_log_and_query _____________
file /Users/sss/.openclaw/workspace/memory-market/tests/test_advanced_permissions.py, line 931
      async def test_log_and_query(
          self,
          db: AsyncSession,
          test_agent: Agent
      ):
          """测试记录和查询审计日志"""
          audit_service = AuditService(db)

          # 记录审计日志
          await audit_service.log_permission_check(
              agent_id=test_agent.agent_id,
              permission_code="memory:get",
              resource_type="memory",
              resource_id="mem_123",
              status="success",
              reason="explicit_allow"
          )
          await db.commit()

          # 查询
          result = await audit_service.query_permission_audit_logs(
              actor_agent_id=test_agent.agent_id
          )

          assert result["total"] >= 1
          assert len(result["logs"]) >= 1
E       fixture 'db' not found
>       available fixtures: _class_scoped_runner, _function_scoped_runner, _module_scoped_runner, _package_scoped_runner, _session_scoped_runner, anyio_backend, anyio_backend_name, anyio_backend_options, auth_headers, cache, capfd, capfdbinary, caplog, capsys, capsysbinary, capteesys, client, conditional_policy_document, cov, db_engine, db_session, deny_policy_document, doctest_namespace, event_loop, event_loop_policy, free_tcp_port, free_tcp_port_factory, free_udp_port, free_udp_port_factory, monkeypatch, no_cover, pytestconfig, record_property, record_testsuite_property, record_xml_attribute, recwarn, sample_policy_document, subtests, test_agent, test_agent2, test_memory, test_permissions, test_role, tmp_path, tmp_path_factory, tmpdir, tmpdir_factory, unused_tcp_port, unused_tcp_port_factory, unused_udp_port, unused_udp_port_factory
>       use 'pytest --fixtures [testpath]' for help on them.

/Users/sss/.openclaw/workspace/memory-market/tests/test_advanced_permissions.py:931
___________ ERROR at setup of TestAuditService.test_generate_report ____________
file /Users/sss/.openclaw/workspace/memory-market/tests/test_advanced_permissions.py, line 958
      async def test_generate_report(
          self,
          db: AsyncSession,
          test_agent: Agent
      ):
          """测试生成审计报告"""
          audit_service = AuditService(db)

          # 记录一些审计日志
          for status in ["success", "success", "forbidden"]:
              await audit_service.log_permission_check(
                  agent_id=test_agent.agent_id,
                  permission_code="memory:get",
                  status=status
              )
          await db.commit()

          report = await audit_service.generate_permission_report()

          assert "summary" in report
          assert "permission_checks" in report
          assert "policy_statistics" in report
E       fixture 'db' not found
>       available fixtures: _class_scoped_runner, _function_scoped_runner, _module_scoped_runner, _package_scoped_runner, _session_scoped_runner, anyio_backend, anyio_backend_name, anyio_backend_options, auth_headers, cache, capfd, capfdbinary, caplog, capsys, capsysbinary, capteesys, client, conditional_policy_document, cov, db_engine, db_session, deny_policy_document, doctest_namespace, event_loop, event_loop_policy, free_tcp_port, free_tcp_port_factory, free_udp_port, free_udp_port_factory, monkeypatch, no_cover, pytestconfig, record_property, record_testsuite_property, record_xml_attribute, recwarn, sample_policy_document, subtests, test_agent, test_agent2, test_memory, test_permissions, test_role, tmp_path, tmp_path_factory, tmpdir, tmpdir_factory, unused_tcp_port, unused_tcp_port_factory, unused_udp_port, unused_udp_port_factory
>       use 'pytest --fixtures [testpath]' for help on them.

/Users/sss/.openclaw/workspace/memory-market/tests/test_advanced_permissions.py:958
________ ERROR at setup of TestAuditService.test_log_permission_change _________
file /Users/sss/.openclaw/workspace/memory-market/tests/test_advanced_permissions.py, line 981
      async def test_log_permission_change(
          self,
          db: AsyncSession,
          test_agent: Agent,
          test_agent2: Agent
      ):
          """测试记录权限变更审计日志"""
          audit_service = AuditService(db)

          await audit_service.log_permission_change(
              actor_agent_id=test_agent.agent_id,
              action_type="grant",
              target_agent_id=test_agent2.agent_id,
              permission_code="memory:get"
          )
          await db.commit()

          result = await audit_service.query_permission_audit_logs(
              action_type="grant"
          )

          assert result["total"] >= 1
E       fixture 'db' not found
>       available fixtures: _class_scoped_runner, _function_scoped_runner, _module_scoped_runner, _package_scoped_runner, _session_scoped_runner, anyio_backend, anyio_backend_name, anyio_backend_options, auth_headers, cache, capfd, capfdbinary, caplog, capsys, capsysbinary, capteesys, client, conditional_policy_document, cov, db_engine, db_session, deny_policy_document, doctest_namespace, event_loop, event_loop_policy, free_tcp_port, free_tcp_port_factory, free_udp_port, free_udp_port_factory, monkeypatch, no_cover, pytestconfig, record_property, record_testsuite_property, record_xml_attribute, recwarn, sample_policy_document, subtests, test_agent, test_agent2, test_memory, test_permissions, test_role, tmp_path, tmp_path_factory, tmpdir, tmpdir_factory, unused_tcp_port, unused_tcp_port_factory, unused_udp_port, unused_udp_port_factory
>       use 'pytest --fixtures [testpath]' for help on them.

/Users/sss/.openclaw/workspace/memory-market/tests/test_advanced_permissions.py:981
_______ ERROR at setup of TestPolicyVersionCleanup.test_version_cleanup ________
file /Users/sss/.openclaw/workspace/memory-market/tests/test_advanced_permissions.py, line 1010
      async def test_version_cleanup(
          self,
          db: AsyncSession,
          test_agent: Agent,
          sample_policy_document: dict
      ):
          """测试版本清理（超过 MAX_VERSIONS）"""
          service = PolicyService(db)
          policy = await service.create_policy(
              name="版本清理测试",
              policy_document=sample_policy_document,
              created_by_agent_id=test_agent.agent_id
          )

          # 创建超过 MAX_VERSIONS 的版本
          for i in range(service.MAX_VERSIONS + 3):
              await service.update_policy(
                  policy_id=policy.policy_id,
                  policy_document={
                      "Version": "2024-01-01",
                      "Statement": [{
                          "Effect": "Allow",
                          "Action": [f"memory:action{i}"],
                          "Resource": ["memory:*"]
                      }]
                  }
              )

          versions = await service.get_policy_versions(policy.policy_id)
          assert len(versions) <= service.MAX_VERSIONS + 1  # +1 for initial version
E       fixture 'db' not found
>       available fixtures: _class_scoped_runner, _function_scoped_runner, _module_scoped_runner, _package_scoped_runner, _session_scoped_runner, anyio_backend, anyio_backend_name, anyio_backend_options, auth_headers, cache, capfd, capfdbinary, caplog, capsys, capsysbinary, capteesys, client, conditional_policy_document, cov, db_engine, db_session, deny_policy_document, doctest_namespace, event_loop, event_loop_policy, free_tcp_port, free_tcp_port_factory, free_udp_port, free_udp_port_factory, monkeypatch, no_cover, pytestconfig, record_property, record_testsuite_property, record_xml_attribute, recwarn, sample_policy_document, subtests, test_agent, test_agent2, test_memory, test_permissions, test_role, tmp_path, tmp_path_factory, tmpdir, tmpdir_factory, unused_tcp_port, unused_tcp_port_factory, unused_udp_port, unused_udp_port_factory
>       use 'pytest --fixtures [testpath]' for help on them.

/Users/sss/.openclaw/workspace/memory-market/tests/test_advanced_permissions.py:1010
_________ ERROR at setup of TestIntegration.test_full_policy_lifecycle _________
file /Users/sss/.openclaw/workspace/memory-market/tests/test_advanced_permissions.py, line 1047
      async def test_full_policy_lifecycle(
          self,
          db: AsyncSession,
          test_agent: Agent,
          sample_policy_document: dict
      ):
          """测试完整的策略生命周期"""
          service = PolicyService(db)

          # 1. 创建策略
          policy = await service.create_policy(
              name="生命周期测试",
              policy_document=sample_policy_document,
              description="完整生命周期测试",
              created_by_agent_id=test_agent.agent_id
          )
          assert policy.policy_id is not None

          # 2. 附加到用户
          await service.attach_policy(
              policy_id=policy.policy_id,
              agent_id=test_agent.agent_id
          )

          # 3. 检查权限
          result = await service.check_permission(
              agent_id=test_agent.agent_id,
              action="memory:get",
              resource="memory:mem_123"
          )
          assert result["allowed"] is True

          # 4. 更新策略
          await service.update_policy(
              policy_id=policy.policy_id,
              name="更新后的名称"
          )

          # 5. 分离策略
          await service.detach_policy(
              policy_id=policy.policy_id,
              agent_id=test_agent.agent_id
          )

          # 6. 删除策略
          success = await service.delete_policy(policy.policy_id)
          assert success is True
E       fixture 'db' not found
>       available fixtures: _class_scoped_runner, _function_scoped_runner, _module_scoped_runner, _package_scoped_runner, _session_scoped_runner, anyio_backend, anyio_backend_name, anyio_backend_options, auth_headers, cache, capfd, capfdbinary, caplog, capsys, capsysbinary, capteesys, client, conditional_policy_document, cov, db_engine, db_session, deny_policy_document, doctest_namespace, event_loop, event_loop_policy, free_tcp_port, free_tcp_port_factory, free_udp_port, free_udp_port_factory, monkeypatch, no_cover, pytestconfig, record_property, record_testsuite_property, record_xml_attribute, recwarn, sample_policy_document, subtests, test_agent, test_agent2, test_memory, test_permissions, test_role, tmp_path, tmp_path_factory, tmpdir, tmpdir_factory, unused_tcp_port, unused_tcp_port_factory, unused_udp_port, unused_udp_port_factory
>       use 'pytest --fixtures [testpath]' for help on them.

/Users/sss/.openclaw/workspace/memory-market/tests/test_advanced_permissions.py:1047
___ ERROR at setup of TestIntegration.test_policy_with_resource_permissions ____
file /Users/sss/.openclaw/workspace/memory-market/tests/test_advanced_permissions.py, line 1095
      async def test_policy_with_resource_permissions(
          self,
          db: AsyncSession,
          test_agent: Agent,
          test_memory: Memory,
          sample_policy_document: dict
      ):
          """测试策略与资源权限的整合"""
          service = PolicyService(db)

          # 创建并附加策略
          policy = await service.create_policy(
              name="资源整合测试",
              policy_document=sample_policy_document,
              created_by_agent_id=test_agent.agent_id
          )
          await service.attach_policy(
              policy_id=policy.policy_id,
              agent_id=test_agent.agent_id
          )

          # 添加资源级权限
          resource_perm = ResourcePermission(
              resource_type="memory",
              resource_id=test_memory.memory_id,
              permission_code="memory:get",
              agent_id=test_agent.agent_id,
              grant_type="allow"
          )
          db.add(resource_perm)
          await db.commit()

          # 检查权限（策略 + 资源权限合并）
          result = await service.check_permission(
              agent_id=test_agent.agent_id,
              action="memory:get",
              resource=f"memory:{test_memory.memory_id}"
          )
          assert result["allowed"] is True
E       fixture 'db' not found
>       available fixtures: _class_scoped_runner, _function_scoped_runner, _module_scoped_runner, _package_scoped_runner, _session_scoped_runner, anyio_backend, anyio_backend_name, anyio_backend_options, auth_headers, cache, capfd, capfdbinary, caplog, capsys, capsysbinary, capteesys, client, conditional_policy_document, cov, db_engine, db_session, deny_policy_document, doctest_namespace, event_loop, event_loop_policy, free_tcp_port, free_tcp_port_factory, free_udp_port, free_udp_port_factory, monkeypatch, no_cover, pytestconfig, record_property, record_testsuite_property, record_xml_attribute, recwarn, sample_policy_document, subtests, test_agent, test_agent2, test_memory, test_permissions, test_role, tmp_path, tmp_path_factory, tmpdir, tmpdir_factory, unused_tcp_port, unused_tcp_port_factory, unused_udp_port, unused_udp_port_factory
>       use 'pytest --fixtures [testpath]' for help on them.

/Users/sss/.openclaw/workspace/memory-market/tests/test_advanced_permissions.py:1095
___________________ ERROR at setup of test_remote_login_rule ___________________
file /Users/sss/.openclaw/workspace/memory-market/tests/test_anomaly_detection.py, line 50
  def test_remote_login_rule(db: Session, test_agent: Agent):
E       fixture 'db' not found
>       available fixtures: _class_scoped_runner, _function_scoped_runner, _module_scoped_runner, _package_scoped_runner, _session_scoped_runner, alerting_service, anyio_backend, anyio_backend_name, anyio_backend_options, auth_headers, cache, capfd, capfdbinary, caplog, capsys, capsysbinary, capteesys, client, cov, db_engine, db_session, detection_service, doctest_namespace, event_loop, event_loop_policy, free_tcp_port, free_tcp_port_factory, free_udp_port, free_udp_port_factory, monkeypatch, no_cover, pytestconfig, record_property, record_testsuite_property, record_xml_attribute, recwarn, subtests, test_agent, test_agent2, test_memory, tmp_path, tmp_path_factory, tmpdir, tmpdir_factory, unused_tcp_port, unused_tcp_port_factory, unused_udp_port, unused_udp_port_factory
>       use 'pytest --fixtures [testpath]' for help on them.

/Users/sss/.openclaw/workspace/memory-market/tests/test_anomaly_detection.py:50
______________ ERROR at setup of test_frequent_failed_login_rule _______________
file /Users/sss/.openclaw/workspace/memory-market/tests/test_anomaly_detection.py, line 101
  def test_frequent_failed_login_rule(db: Session, test_agent: Agent):
E       fixture 'db' not found
>       available fixtures: _class_scoped_runner, _function_scoped_runner, _module_scoped_runner, _package_scoped_runner, _session_scoped_runner, alerting_service, anyio_backend, anyio_backend_name, anyio_backend_options, auth_headers, cache, capfd, capfdbinary, caplog, capsys, capsysbinary, capteesys, client, cov, db_engine, db_session, detection_service, doctest_namespace, event_loop, event_loop_policy, free_tcp_port, free_tcp_port_factory, free_udp_port, free_udp_port_factory, monkeypatch, no_cover, pytestconfig, record_property, record_testsuite_property, record_xml_attribute, recwarn, subtests, test_agent, test_agent2, test_memory, tmp_path, tmp_path_factory, tmpdir, tmpdir_factory, unused_tcp_port, unused_tcp_port_factory, unused_udp_port, unused_udp_port_factory
>       use 'pytest --fixtures [testpath]' for help on them.

/Users/sss/.openclaw/workspace/memory-market/tests/test_anomaly_detection.py:101
_____________ ERROR at setup of test_large_amount_transaction_rule _____________
file /Users/sss/.openclaw/workspace/memory-market/tests/test_anomaly_detection.py, line 144
  def test_large_amount_transaction_rule(db: Session, test_agent: Agent):
E       fixture 'db' not found
>       available fixtures: _class_scoped_runner, _function_scoped_runner, _module_scoped_runner, _package_scoped_runner, _session_scoped_runner, alerting_service, anyio_backend, anyio_backend_name, anyio_backend_options, auth_headers, cache, capfd, capfdbinary, caplog, capsys, capsysbinary, capteesys, client, cov, db_engine, db_session, detection_service, doctest_namespace, event_loop, event_loop_policy, free_tcp_port, free_tcp_port_factory, free_udp_port, free_udp_port_factory, monkeypatch, no_cover, pytestconfig, record_property, record_testsuite_property, record_xml_attribute, recwarn, subtests, test_agent, test_agent2, test_memory, tmp_path, tmp_path_factory, tmpdir, tmpdir_factory, unused_tcp_port, unused_tcp_port_factory, unused_udp_port, unused_udp_port_factory
>       use 'pytest --fixtures [testpath]' for help on them.

/Users/sss/.openclaw/workspace/memory-market/tests/test_anomaly_detection.py:144
_______________ ERROR at setup of test_sensitive_word_query_rule _______________
file /Users/sss/.openclaw/workspace/memory-market/tests/test_anomaly_detection.py, line 194
  def test_sensitive_word_query_rule(db: Session):
E       fixture 'db' not found
>       available fixtures: _class_scoped_runner, _function_scoped_runner, _module_scoped_runner, _package_scoped_runner, _session_scoped_runner, alerting_service, anyio_backend, anyio_backend_name, anyio_backend_options, auth_headers, cache, capfd, capfdbinary, caplog, capsys, capsysbinary, capteesys, client, cov, db_engine, db_session, detection_service, doctest_namespace, event_loop, event_loop_policy, free_tcp_port, free_tcp_port_factory, free_udp_port, free_udp_port_factory, monkeypatch, no_cover, pytestconfig, record_property, record_testsuite_property, record_xml_attribute, recwarn, subtests, test_agent, test_agent2, test_memory, tmp_path, tmp_path_factory, tmpdir, tmpdir_factory, unused_tcp_port, unused_tcp_port_factory, unused_udp_port, unused_udp_port_factory
>       use 'pytest --fixtures [testpath]' for help on them.

/Users/sss/.openclaw/workspace/memory-market/tests/test_anomaly_detection.py:194
_________ ERROR at setup of test_anomaly_detection_service_check_event _________
file /Users/sss/.openclaw/workspace/memory-market/tests/test_anomaly_detection.py, line 248
  def test_anomaly_detection_service_check_event(
E       fixture 'db' not found
>       available fixtures: _class_scoped_runner, _function_scoped_runner, _module_scoped_runner, _package_scoped_runner, _session_scoped_runner, alerting_service, anyio_backend, anyio_backend_name, anyio_backend_options, auth_headers, cache, capfd, capfdbinary, caplog, capsys, capsysbinary, capteesys, client, cov, db_engine, db_session, detection_service, doctest_namespace, event_loop, event_loop_policy, free_tcp_port, free_tcp_port_factory, free_udp_port, free_udp_port_factory, monkeypatch, no_cover, pytestconfig, record_property, record_testsuite_property, record_xml_attribute, recwarn, subtests, test_agent, test_agent2, test_memory, tmp_path, tmp_path_factory, tmpdir, tmpdir_factory, unused_tcp_port, unused_tcp_port_factory, unused_udp_port, unused_udp_port_factory
>       use 'pytest --fixtures [testpath]' for help on them.

/Users/sss/.openclaw/workspace/memory-market/tests/test_anomaly_detection.py:248
________ ERROR at setup of test_anomaly_detection_service_create_events ________
file /Users/sss/.openclaw/workspace/memory-market/tests/test_anomaly_detection.py, line 283
  def test_anomaly_detection_service_create_events(
E       fixture 'db' not found
>       available fixtures: _class_scoped_runner, _function_scoped_runner, _module_scoped_runner, _package_scoped_runner, _session_scoped_runner, alerting_service, anyio_backend, anyio_backend_name, anyio_backend_options, auth_headers, cache, capfd, capfdbinary, caplog, capsys, capsysbinary, capteesys, client, cov, db_engine, db_session, detection_service, doctest_namespace, event_loop, event_loop_policy, free_tcp_port, free_tcp_port_factory, free_udp_port, free_udp_port_factory, monkeypatch, no_cover, pytestconfig, record_property, record_testsuite_property, record_xml_attribute, recwarn, subtests, test_agent, test_agent2, test_memory, tmp_path, tmp_path_factory, tmpdir, tmpdir_factory, unused_tcp_port, unused_tcp_port_factory, unused_udp_port, unused_udp_port_factory
>       use 'pytest --fixtures [testpath]' for help on them.

/Users/sss/.openclaw/workspace/memory-market/tests/test_anomaly_detection.py:283
_______ ERROR at setup of test_anomaly_detection_service_confirm_anomaly _______
file /Users/sss/.openclaw/workspace/memory-market/tests/test_anomaly_detection.py, line 318
  def test_anomaly_detection_service_confirm_anomaly(
E       fixture 'db' not found
>       available fixtures: _class_scoped_runner, _function_scoped_runner, _module_scoped_runner, _package_scoped_runner, _session_scoped_runner, alerting_service, anyio_backend, anyio_backend_name, anyio_backend_options, auth_headers, cache, capfd, capfdbinary, caplog, capsys, capsysbinary, capteesys, client, cov, db_engine, db_session, detection_service, doctest_namespace, event_loop, event_loop_policy, free_tcp_port, free_tcp_port_factory, free_udp_port, free_udp_port_factory, monkeypatch, no_cover, pytestconfig, record_property, record_testsuite_property, record_xml_attribute, recwarn, subtests, test_agent, test_agent2, test_memory, tmp_path, tmp_path_factory, tmpdir, tmpdir_factory, unused_tcp_port, unused_tcp_port_factory, unused_udp_port, unused_udp_port_factory
>       use 'pytest --fixtures [testpath]' for help on them.

/Users/sss/.openclaw/workspace/memory-market/tests/test_anomaly_detection.py:318
__________ ERROR at setup of test_anomaly_detection_service_get_stats __________
file /Users/sss/.openclaw/workspace/memory-market/tests/test_anomaly_detection.py, line 352
  def test_anomaly_detection_service_get_stats(
E       fixture 'db' not found
>       available fixtures: _class_scoped_runner, _function_scoped_runner, _module_scoped_runner, _package_scoped_runner, _session_scoped_runner, alerting_service, anyio_backend, anyio_backend_name, anyio_backend_options, auth_headers, cache, capfd, capfdbinary, caplog, capsys, capsysbinary, capteesys, client, cov, db_engine, db_session, detection_service, doctest_namespace, event_loop, event_loop_policy, free_tcp_port, free_tcp_port_factory, free_udp_port, free_udp_port_factory, monkeypatch, no_cover, pytestconfig, record_property, record_testsuite_property, record_xml_attribute, recwarn, subtests, test_agent, test_agent2, test_memory, tmp_path, tmp_path_factory, tmpdir, tmpdir_factory, unused_tcp_port, unused_tcp_port_factory, unused_udp_port, unused_udp_port_factory
>       use 'pytest --fixtures [testpath]' for help on them.

/Users/sss/.openclaw/workspace/memory-market/tests/test_anomaly_detection.py:352
____________ ERROR at setup of test_alerting_service_create_alerts _____________
file /Users/sss/.openclaw/workspace/memory-market/tests/test_anomaly_detection.py, line 384
  def test_alerting_service_create_alerts(
E       fixture 'db' not found
>       available fixtures: _class_scoped_runner, _function_scoped_runner, _module_scoped_runner, _package_scoped_runner, _session_scoped_runner, alerting_service, anyio_backend, anyio_backend_name, anyio_backend_options, auth_headers, cache, capfd, capfdbinary, caplog, capsys, capsysbinary, capteesys, client, cov, db_engine, db_session, detection_service, doctest_namespace, event_loop, event_loop_policy, free_tcp_port, free_tcp_port_factory, free_udp_port, free_udp_port_factory, monkeypatch, no_cover, pytestconfig, record_property, record_testsuite_property, record_xml_attribute, recwarn, subtests, test_agent, test_agent2, test_memory, tmp_path, tmp_path_factory, tmpdir, tmpdir_factory, unused_tcp_port, unused_tcp_port_factory, unused_udp_port, unused_udp_port_factory
>       use 'pytest --fixtures [testpath]' for help on them.

/Users/sss/.openclaw/workspace/memory-market/tests/test_anomaly_detection.py:384
__________ ERROR at setup of test_alerting_service_acknowledge_alert ___________
file /Users/sss/.openclaw/workspace/memory-market/tests/test_anomaly_detection.py, line 416
  def test_alerting_service_acknowledge_alert(
E       fixture 'db' not found
>       available fixtures: _class_scoped_runner, _function_scoped_runner, _module_scoped_runner, _package_scoped_runner, _session_scoped_runner, alerting_service, anyio_backend, anyio_backend_name, anyio_backend_options, auth_headers, cache, capfd, capfdbinary, caplog, capsys, capsysbinary, capteesys, client, cov, db_engine, db_session, detection_service, doctest_namespace, event_loop, event_loop_policy, free_tcp_port, free_tcp_port_factory, free_udp_port, free_udp_port_factory, monkeypatch, no_cover, pytestconfig, record_property, record_testsuite_property, record_xml_attribute, recwarn, subtests, test_agent, test_agent2, test_memory, tmp_path, tmp_path_factory, tmpdir, tmpdir_factory, unused_tcp_port, unused_tcp_port_factory, unused_udp_port, unused_udp_port_factory
>       use 'pytest --fixtures [testpath]' for help on them.

/Users/sss/.openclaw/workspace/memory-market/tests/test_anomaly_detection.py:416
______________ ERROR at setup of test_alerting_service_get_stats _______________
file /Users/sss/.openclaw/workspace/memory-market/tests/test_anomaly_detection.py, line 446
  def test_alerting_service_get_stats(
E       fixture 'db' not found
>       available fixtures: _class_scoped_runner, _function_scoped_runner, _module_scoped_runner, _package_scoped_runner, _session_scoped_runner, alerting_service, anyio_backend, anyio_backend_name, anyio_backend_options, auth_headers, cache, capfd, capfdbinary, caplog, capsys, capsysbinary, capteesys, client, cov, db_engine, db_session, detection_service, doctest_namespace, event_loop, event_loop_policy, free_tcp_port, free_tcp_port_factory, free_udp_port, free_udp_port_factory, monkeypatch, no_cover, pytestconfig, record_property, record_testsuite_property, record_xml_attribute, recwarn, subtests, test_agent, test_agent2, test_memory, tmp_path, tmp_path_factory, tmpdir, tmpdir_factory, unused_tcp_port, unused_tcp_port_factory, unused_udp_port, unused_udp_port_factory
>       use 'pytest --fixtures [testpath]' for help on them.

/Users/sss/.openclaw/workspace/memory-market/tests/test_anomaly_detection.py:446
_____________ ERROR at setup of test_end_to_end_anomaly_detection ______________
file /Users/sss/.openclaw/workspace/memory-market/tests/test_anomaly_detection.py, line 479
  def test_end_to_end_anomaly_detection(
E       fixture 'db' not found
>       available fixtures: _class_scoped_runner, _function_scoped_runner, _module_scoped_runner, _package_scoped_runner, _session_scoped_runner, alerting_service, anyio_backend, anyio_backend_name, anyio_backend_options, auth_headers, cache, capfd, capfdbinary, caplog, capsys, capsysbinary, capteesys, client, cov, db_engine, db_session, detection_service, doctest_namespace, event_loop, event_loop_policy, free_tcp_port, free_tcp_port_factory, free_udp_port, free_udp_port_factory, monkeypatch, no_cover, pytestconfig, record_property, record_testsuite_property, record_xml_attribute, recwarn, subtests, test_agent, test_agent2, test_memory, tmp_path, tmp_path_factory, tmpdir, tmpdir_factory, unused_tcp_port, unused_tcp_port_factory, unused_udp_port, unused_udp_port_factory
>       use 'pytest --fixtures [testpath]' for help on them.

/Users/sss/.openclaw/workspace/memory-market/tests/test_anomaly_detection.py:479
_________________ ERROR at setup of test_accuracy_calculation __________________
file /Users/sss/.openclaw/workspace/memory-market/tests/test_anomaly_detection.py, line 539
  def test_accuracy_calculation(
E       fixture 'db' not found
>       available fixtures: _class_scoped_runner, _function_scoped_runner, _module_scoped_runner, _package_scoped_runner, _session_scoped_runner, alerting_service, anyio_backend, anyio_backend_name, anyio_backend_options, auth_headers, cache, capfd, capfdbinary, caplog, capsys, capsysbinary, capteesys, client, cov, db_engine, db_session, detection_service, doctest_namespace, event_loop, event_loop_policy, free_tcp_port, free_tcp_port_factory, free_udp_port, free_udp_port_factory, monkeypatch, no_cover, pytestconfig, record_property, record_testsuite_property, record_xml_attribute, recwarn, subtests, test_agent, test_agent2, test_memory, tmp_path, tmp_path_factory, tmpdir, tmpdir_factory, unused_tcp_port, unused_tcp_port_factory, unused_udp_port, unused_udp_port_factory
>       use 'pytest --fixtures [testpath]' for help on them.

/Users/sss/.openclaw/workspace/memory-market/tests/test_anomaly_detection.py:539
_____________ ERROR at setup of test_anomaly_type_coverage[login] ______________
file /Users/sss/.openclaw/workspace/memory-market/tests/test_anomaly_detection.py, line 595
  @pytest.mark.parametrize("anomaly_type", ["login", "transaction", "query", "behavior", "system"])
  def test_anomaly_type_coverage(
E       fixture 'db' not found
>       available fixtures: _class_scoped_runner, _function_scoped_runner, _module_scoped_runner, _package_scoped_runner, _session_scoped_runner, alerting_service, anyio_backend, anyio_backend_name, anyio_backend_options, auth_headers, cache, capfd, capfdbinary, caplog, capsys, capsysbinary, capteesys, client, cov, db_engine, db_session, detection_service, doctest_namespace, event_loop, event_loop_policy, free_tcp_port, free_tcp_port_factory, free_udp_port, free_udp_port_factory, monkeypatch, no_cover, pytestconfig, record_property, record_testsuite_property, record_xml_attribute, recwarn, subtests, test_agent, test_agent2, test_memory, tmp_path, tmp_path_factory, tmpdir, tmpdir_factory, unused_tcp_port, unused_tcp_port_factory, unused_udp_port, unused_udp_port_factory
>       use 'pytest --fixtures [testpath]' for help on them.

/Users/sss/.openclaw/workspace/memory-market/tests/test_anomaly_detection.py:595
__________ ERROR at setup of test_anomaly_type_coverage[transaction] ___________
file /Users/sss/.openclaw/workspace/memory-market/tests/test_anomaly_detection.py, line 595
  @pytest.mark.parametrize("anomaly_type", ["login", "transaction", "query", "behavior", "system"])
  def test_anomaly_type_coverage(
E       fixture 'db' not found
>       available fixtures: _class_scoped_runner, _function_scoped_runner, _module_scoped_runner, _package_scoped_runner, _session_scoped_runner, alerting_service, anyio_backend, anyio_backend_name, anyio_backend_options, auth_headers, cache, capfd, capfdbinary, caplog, capsys, capsysbinary, capteesys, client, cov, db_engine, db_session, detection_service, doctest_namespace, event_loop, event_loop_policy, free_tcp_port, free_tcp_port_factory, free_udp_port, free_udp_port_factory, monkeypatch, no_cover, pytestconfig, record_property, record_testsuite_property, record_xml_attribute, recwarn, subtests, test_agent, test_agent2, test_memory, tmp_path, tmp_path_factory, tmpdir, tmpdir_factory, unused_tcp_port, unused_tcp_port_factory, unused_udp_port, unused_udp_port_factory
>       use 'pytest --fixtures [testpath]' for help on them.

/Users/sss/.openclaw/workspace/memory-market/tests/test_anomaly_detection.py:595
_____________ ERROR at setup of test_anomaly_type_coverage[query] ______________
file /Users/sss/.openclaw/workspace/memory-market/tests/test_anomaly_detection.py, line 595
  @pytest.mark.parametrize("anomaly_type", ["login", "transaction", "query", "behavior", "system"])
  def test_anomaly_type_coverage(
E       fixture 'db' not found
>       available fixtures: _class_scoped_runner, _function_scoped_runner, _module_scoped_runner, _package_scoped_runner, _session_scoped_runner, alerting_service, anyio_backend, anyio_backend_name, anyio_backend_options, auth_headers, cache, capfd, capfdbinary, caplog, capsys, capsysbinary, capteesys, client, cov, db_engine, db_session, detection_service, doctest_namespace, event_loop, event_loop_policy, free_tcp_port, free_tcp_port_factory, free_udp_port, free_udp_port_factory, monkeypatch, no_cover, pytestconfig, record_property, record_testsuite_property, record_xml_attribute, recwarn, subtests, test_agent, test_agent2, test_memory, tmp_path, tmp_path_factory, tmpdir, tmpdir_factory, unused_tcp_port, unused_tcp_port_factory, unused_udp_port, unused_udp_port_factory
>       use 'pytest --fixtures [testpath]' for help on them.

/Users/sss/.openclaw/workspace/memory-market/tests/test_anomaly_detection.py:595
____________ ERROR at setup of test_anomaly_type_coverage[behavior] ____________
file /Users/sss/.openclaw/workspace/memory-market/tests/test_anomaly_detection.py, line 595
  @pytest.mark.parametrize("anomaly_type", ["login", "transaction", "query", "behavior", "system"])
  def test_anomaly_type_coverage(
E       fixture 'db' not found
>       available fixtures: _class_scoped_runner, _function_scoped_runner, _module_scoped_runner, _package_scoped_runner, _session_scoped_runner, alerting_service, anyio_backend, anyio_backend_name, anyio_backend_options, auth_headers, cache, capfd, capfdbinary, caplog, capsys, capsysbinary, capteesys, client, cov, db_engine, db_session, detection_service, doctest_namespace, event_loop, event_loop_policy, free_tcp_port, free_tcp_port_factory, free_udp_port, free_udp_port_factory, monkeypatch, no_cover, pytestconfig, record_property, record_testsuite_property, record_xml_attribute, recwarn, subtests, test_agent, test_agent2, test_memory, tmp_path, tmp_path_factory, tmpdir, tmpdir_factory, unused_tcp_port, unused_tcp_port_factory, unused_udp_port, unused_udp_port_factory
>       use 'pytest --fixtures [testpath]' for help on them.

/Users/sss/.openclaw/workspace/memory-market/tests/test_anomaly_detection.py:595
_____________ ERROR at setup of test_anomaly_type_coverage[system] _____________
file /Users/sss/.openclaw/workspace/memory-market/tests/test_anomaly_detection.py, line 595
  @pytest.mark.parametrize("anomaly_type", ["login", "transaction", "query", "behavior", "system"])
  def test_anomaly_type_coverage(
E       fixture 'db' not found
>       available fixtures: _class_scoped_runner, _function_scoped_runner, _module_scoped_runner, _package_scoped_runner, _session_scoped_runner, alerting_service, anyio_backend, anyio_backend_name, anyio_backend_options, auth_headers, cache, capfd, capfdbinary, caplog, capsys, capsysbinary, capteesys, client, cov, db_engine, db_session, detection_service, doctest_namespace, event_loop, event_loop_policy, free_tcp_port, free_tcp_port_factory, free_udp_port, free_udp_port_factory, monkeypatch, no_cover, pytestconfig, record_property, record_testsuite_property, record_xml_attribute, recwarn, subtests, test_agent, test_agent2, test_memory, tmp_path, tmp_path_factory, tmpdir, tmpdir_factory, unused_tcp_port, unused_tcp_port_factory, unused_udp_port, unused_udp_port_factory
>       use 'pytest --fixtures [testpath]' for help on them.

/Users/sss/.openclaw/workspace/memory-market/tests/test_anomaly_detection.py:595
___________________ ERROR at setup of test_create_audit_log ____________________
file /Users/sss/.openclaw/workspace/memory-market/tests/test_audit_logs.py, line 116
  @pytest.mark.asyncio
  async def test_create_audit_log(db: AsyncSession):
      """测试创建审计日志"""
      from app.db.database import async_session_maker

      # 创建测试用户
      agent = Agent(
          name="Test Agent",
          api_key="test_api_key_123",
      )
      db.add(agent)
      await db.commit()
      await db.refresh(agent)

      # 创建审计日志
      log = await log_audit_event(
          db=db,
          actor_id=agent.agent_id,
          actor_name=agent.name,
          action_type="create",
          action_category="memory",
          target_type="memory",
          target_id="mem_test123",
          target_name="Test Memory",
          status="success",
          status_code=200,
          request_data={"title": "Test"},
          response_data={"id": "mem_test123"},
      )

      assert log.log_id is not None
      assert log.actor_agent_id == agent.agent_id
      assert log.action_type == "create"
      assert log.target_type == "memory"
      assert log.status == "success"

      await db.commit()
E       fixture 'db' not found
>       available fixtures: _class_scoped_runner, _function_scoped_runner, _module_scoped_runner, _package_scoped_runner, _session_scoped_runner, anyio_backend, anyio_backend_name, anyio_backend_options, auth_headers, cache, capfd, capfdbinary, caplog, capsys, capsysbinary, capteesys, client, cov, db_engine, db_session, doctest_namespace, event_loop, event_loop_policy, free_tcp_port, free_tcp_port_factory, free_udp_port, free_udp_port_factory, monkeypatch, no_cover, pytestconfig, record_property, record_testsuite_property, record_xml_attribute, recwarn, subtests, test_agent, test_agent2, test_memory, tmp_path, tmp_path_factory, tmpdir, tmpdir_factory, unused_tcp_port, unused_tcp_port_factory, unused_udp_port, unused_udp_port_factory
>       use 'pytest --fixtures [testpath]' for help on them.

/Users/sss/.openclaw/workspace/memory-market/tests/test_audit_logs.py:116
__________________ ERROR at setup of test_audit_log_filtering __________________
file /Users/sss/.openclaw/workspace/memory-market/tests/test_audit_logs.py, line 155
  @pytest.mark.asyncio
  async def test_audit_log_filtering(db: AsyncSession):
      """测试审计日志过滤"""
      # 创建多个审计日志
      agent = Agent(name="Test Agent", api_key="test_key")
      db.add(agent)
      await db.commit()

      # 创建不同类型的日志
      logs_to_create = [
          {
              "action_type": "create",
              "action_category": "memory",
              "status": "success",
          },
          {
              "action_type": "update",
              "action_category": "memory",
              "status": "success",
          },
          {
              "action_type": "delete",
              "action_category": "memory",
              "status": "failure",
          },
      ]

      for log_data in logs_to_create:
          await log_audit_event(
              db=db,
              actor_id=agent.agent_id,
              actor_name=agent.name,
              **log_data,
          )

      await db.commit()

      # 测试过滤
      from sqlalchemy import select

      # 按操作类型过滤
      result = await db.execute(
          select(AuditLog).where(AuditLog.action_type == "create")
      )
      create_logs = result.scalars().all()
      assert len(create_logs) >= 1

      # 按状态过滤
      result = await db.execute(
          select(AuditLog).where(AuditLog.status == "success")
      )
      success_logs = result.scalars().all()
      assert len(success_logs) >= 2
E       fixture 'db' not found
>       available fixtures: _class_scoped_runner, _function_scoped_runner, _module_scoped_runner, _package_scoped_runner, _session_scoped_runner, anyio_backend, anyio_backend_name, anyio_backend_options, auth_headers, cache, capfd, capfdbinary, caplog, capsys, capsysbinary, capteesys, client, cov, db_engine, db_session, doctest_namespace, event_loop, event_loop_policy, free_tcp_port, free_tcp_port_factory, free_udp_port, free_udp_port_factory, monkeypatch, no_cover, pytestconfig, record_property, record_testsuite_property, record_xml_attribute, recwarn, subtests, test_agent, test_agent2, test_memory, tmp_path, tmp_path_factory, tmpdir, tmpdir_factory, unused_tcp_port, unused_tcp_port_factory, unused_udp_port, unused_udp_port_factory
>       use 'pytest --fixtures [testpath]' for help on them.

/Users/sss/.openclaw/workspace/memory-market/tests/test_audit_logs.py:155
_____________ ERROR at setup of test_export_service_count_records ______________
file /Users/sss/.openclaw/workspace/memory-market/tests/test_audit_logs.py, line 212
  @pytest.mark.asyncio
  async def test_export_service_count_records(db: AsyncSession):
      """测试导出服务统计记录"""
      export_service = AuditExportService()

      # 创建测试数据
      agent = Agent(name="Test Agent", api_key="test_key")
      db.add(agent)

      for i in range(10):
          await log_audit_event(
              db=db,
              actor_id=agent.agent_id,
              actor_name=agent.name,
              action_type="create",
              action_category="memory",
              status="success",
          )

      await db.commit()

      # 测试统计
      count = await export_service.count_records(db)
      assert count >= 10

      # 测试带过滤条件的统计
      count_filtered = await export_service.count_records(db, action_type="create")
      assert count_filtered >= 10
E       fixture 'db' not found
>       available fixtures: _class_scoped_runner, _function_scoped_runner, _module_scoped_runner, _package_scoped_runner, _session_scoped_runner, anyio_backend, anyio_backend_name, anyio_backend_options, auth_headers, cache, capfd, capfdbinary, caplog, capsys, capsysbinary, capteesys, client, cov, db_engine, db_session, doctest_namespace, event_loop, event_loop_policy, free_tcp_port, free_tcp_port_factory, free_udp_port, free_udp_port_factory, monkeypatch, no_cover, pytestconfig, record_property, record_testsuite_property, record_xml_attribute, recwarn, subtests, test_agent, test_agent2, test_memory, tmp_path, tmp_path_factory, tmpdir, tmpdir_factory, unused_tcp_port, unused_tcp_port_factory, unused_udp_port, unused_udp_port_factory
>       use 'pytest --fixtures [testpath]' for help on them.

/Users/sss/.openclaw/workspace/memory-market/tests/test_audit_logs.py:212
_______________ ERROR at setup of test_export_create_export_task _______________
file /Users/sss/.openclaw/workspace/memory-market/tests/test_audit_logs.py, line 242
  @pytest.mark.asyncio
  async def test_export_create_export_task(db: AsyncSession):
      """测试创建导出任务"""
      export_service = AuditExportService()

      # 创建测试用户
      agent = Agent(name="Test Agent", api_key="test_key")
      db.add(agent)
      await db.commit()

      # 创建导出任务
      export = await export_service.create_export(
          db=db,
          exported_by_id=agent.agent_id,
          exported_by_name=agent.name,
          export_format="csv",
          filters={},
          record_count=0,
      )

      assert export.export_id is not None
      assert export.export_format == "csv"
      assert export.status == "pending"
      assert export.progress == 0
E       fixture 'db' not found
>       available fixtures: _class_scoped_runner, _function_scoped_runner, _module_scoped_runner, _package_scoped_runner, _session_scoped_runner, anyio_backend, anyio_backend_name, anyio_backend_options, auth_headers, cache, capfd, capfdbinary, caplog, capsys, capsysbinary, capteesys, client, cov, db_engine, db_session, doctest_namespace, event_loop, event_loop_policy, free_tcp_port, free_tcp_port_factory, free_udp_port, free_udp_port_factory, monkeypatch, no_cover, pytestconfig, record_property, record_testsuite_property, record_xml_attribute, recwarn, subtests, test_agent, test_agent2, test_memory, tmp_path, tmp_path_factory, tmpdir, tmpdir_factory, unused_tcp_port, unused_tcp_port_factory, unused_udp_port, unused_udp_port_factory
>       use 'pytest --fixtures [testpath]' for help on them.

/Users/sss/.openclaw/workspace/memory-market/tests/test_audit_logs.py:242
______________________ ERROR at setup of test_export_csv _______________________
file /Users/sss/.openclaw/workspace/memory-market/tests/test_audit_logs.py, line 268
  @pytest.mark.asyncio
  async def test_export_csv(db: AsyncSession, tmp_path):
      """测试 CSV 导出"""
      from pathlib import Path

      # 创建测试数据
      agent = Agent(name="Test Agent", api_key="test_key")
      db.add(agent)
      await db.commit()

      # 创建审计日志
      await log_audit_event(
          db=db,
          actor_id=agent.agent_id,
          actor_name=agent.name,
          action_type="create",
          action_category="memory",
          target_id="mem_test",
          target_name="Test Memory",
          status="success",
      )
      await db.commit()

      # 获取记录
      export_service = AuditExportService()
      records = await export_service.fetch_records(db)

      # 导出为 CSV
      import asyncio

      # 临时修改导出目录
      original_dir = export_service.EXPORT_DIR
      export_service.EXPORT_DIR = Path(tmp_path)

      try:
          file_path = await export_service._export_data(
              records=records,
              export_format="csv",
              export_id="test123",
          )

          # 验证文件存在
          assert file_path.exists()
          assert file_path.suffix == ".csv"

          # 验证内容
          import csv

          with open(file_path, 'r', encoding='utf-8') as f:
              reader = csv.DictReader(f)
              rows = list(reader)
              assert len(rows) >= 1
              assert rows[0]['action_type'] == 'create'

      finally:
          # 恢复原始目录
          export_service.EXPORT_DIR = original_dir
E       fixture 'db' not found
>       available fixtures: _class_scoped_runner, _function_scoped_runner, _module_scoped_runner, _package_scoped_runner, _session_scoped_runner, anyio_backend, anyio_backend_name, anyio_backend_options, auth_headers, cache, capfd, capfdbinary, caplog, capsys, capsysbinary, capteesys, client, cov, db_engine, db_session, doctest_namespace, event_loop, event_loop_policy, free_tcp_port, free_tcp_port_factory, free_udp_port, free_udp_port_factory, monkeypatch, no_cover, pytestconfig, record_property, record_testsuite_property, record_xml_attribute, recwarn, subtests, test_agent, test_agent2, test_memory, tmp_path, tmp_path_factory, tmpdir, tmpdir_factory, unused_tcp_port, unused_tcp_port_factory, unused_udp_port, unused_udp_port_factory
>       use 'pytest --fixtures [testpath]' for help on them.

/Users/sss/.openclaw/workspace/memory-market/tests/test_audit_logs.py:268
___________________ ERROR at setup of test_retention_cleanup ___________________
file /Users/sss/.openclaw/workspace/memory-market/tests/test_audit_logs.py, line 329
  @pytest.mark.asyncio
  async def test_retention_cleanup(db: AsyncSession):
      """测试保留清理"""
      retention_service = AuditRetentionService(retention_days=7)

      # 创建测试数据（包含过期记录）
      agent = Agent(name="Test Agent", api_key="test_key")
      db.add(agent)

      # 创建10天前的日志（应该被删除）
      old_log = AuditLog(
          actor_agent_id=agent.agent_id,
          actor_name="Test",
          action_type="create",
          action_category="memory",
          status="success",
          created_at=datetime.now() - timedelta(days=10),
      )
      db.add(old_log)

      # 创建昨天的日志（应该保留）
      new_log = AuditLog(
          actor_agent_id=agent.agent_id,
          actor_name="Test",
          action_type="create",
          action_category="memory",
          status="success",
          created_at=datetime.now() - timedelta(days=1),
      )
      db.add(new_log)

      await db.commit()

      # 运行清理
      stats = await retention_service.cleanup_expired_logs(db)

      # 验证结果
      assert stats["deleted_count"] >= 1

      # 验证过期日志已被删除
      from sqlalchemy import select

      result = await db.execute(
          select(AuditLog).where(AuditLog.log_id == old_log.log_id)
      )
      assert result.scalar_one_or_none() is None

      # 验证新日志仍然存在
      result = await db.execute(
          select(AuditLog).where(AuditLog.log_id == new_log.log_id)
      )
      assert result.scalar_one_or_none() is not None
E       fixture 'db' not found
>       available fixtures: _class_scoped_runner, _function_scoped_runner, _module_scoped_runner, _package_scoped_runner, _session_scoped_runner, anyio_backend, anyio_backend_name, anyio_backend_options, auth_headers, cache, capfd, capfdbinary, caplog, capsys, capsysbinary, capteesys, client, cov, db_engine, db_session, doctest_namespace, event_loop, event_loop_policy, free_tcp_port, free_tcp_port_factory, free_udp_port, free_udp_port_factory, monkeypatch, no_cover, pytestconfig, record_property, record_testsuite_property, record_xml_attribute, recwarn, subtests, test_agent, test_agent2, test_memory, tmp_path, tmp_path_factory, tmpdir, tmpdir_factory, unused_tcp_port, unused_tcp_port_factory, unused_udp_port, unused_udp_port_factory
>       use 'pytest --fixtures [testpath]' for help on them.

/Users/sss/.openclaw/workspace/memory-market/tests/test_audit_logs.py:329
____________________ ERROR at setup of test_retention_stats ____________________
file /Users/sss/.openclaw/workspace/memory-market/tests/test_audit_logs.py, line 383
  @pytest.mark.asyncio
  async def test_retention_stats(db: AsyncSession):
      """测试保留统计"""
      retention_service = AuditRetentionService(retention_days=90)

      # 创建测试数据
      agent = Agent(name="Test Agent", api_key="test_key")
      db.add(agent)

      # 创建不同时间的日志
      for days_ago in [1, 7, 30, 100]:
          log = AuditLog(
              actor_agent_id=agent.agent_id,
              actor_name="Test",
              action_type="create",
              action_category="memory",
              status="success",
              created_at=datetime.now() - timedelta(days=days_ago),
          )
          db.add(log)

      await db.commit()

      # 获取统计信息
      stats = await retention_service.get_retention_stats(db)

      assert stats["total_records"] >= 4
      assert stats["active_records"] >= 3  # 1, 7, 30天的
      assert stats["expired_records"] >= 1  # 100天的
      assert stats["retention_days"] == 90
E       fixture 'db' not found
>       available fixtures: _class_scoped_runner, _function_scoped_runner, _module_scoped_runner, _package_scoped_runner, _session_scoped_runner, anyio_backend, anyio_backend_name, anyio_backend_options, auth_headers, cache, capfd, capfdbinary, caplog, capsys, capsysbinary, capteesys, client, cov, db_engine, db_session, doctest_namespace, event_loop, event_loop_policy, free_tcp_port, free_tcp_port_factory, free_udp_port, free_udp_port_factory, monkeypatch, no_cover, pytestconfig, record_property, record_testsuite_property, record_xml_attribute, recwarn, subtests, test_agent, test_agent2, test_memory, tmp_path, tmp_path_factory, tmpdir, tmpdir_factory, unused_tcp_port, unused_tcp_port_factory, unused_udp_port, unused_udp_port_factory
>       use 'pytest --fixtures [testpath]' for help on them.

/Users/sss/.openclaw/workspace/memory-market/tests/test_audit_logs.py:383
______ ERROR at setup of TestAuditSignatureMiddleware.test_sign_audit_log ______
file /Users/sss/.openclaw/workspace/memory-market/tests/test_digital_signature.py, line 219
      def test_sign_audit_log(self, db: Session):
E       fixture 'db' not found
>       available fixtures: _class_scoped_runner, _function_scoped_runner, _module_scoped_runner, _package_scoped_runner, _session_scoped_runner, anyio_backend, anyio_backend_name, anyio_backend_options, auth_headers, cache, capfd, capfdbinary, caplog, capsys, capsysbinary, capteesys, client, cov, db_engine, db_session, doctest_namespace, event_loop, event_loop_policy, free_tcp_port, free_tcp_port_factory, free_udp_port, free_udp_port_factory, monkeypatch, no_cover, pytestconfig, record_property, record_testsuite_property, record_xml_attribute, recwarn, subtests, test_agent, test_agent2, test_memory, tmp_path, tmp_path_factory, tmpdir, tmpdir_factory, unused_tcp_port, unused_tcp_port_factory, unused_udp_port, unused_udp_port_factory
>       use 'pytest --fixtures [testpath]' for help on them.

/Users/sss/.openclaw/workspace/memory-market/tests/test_digital_signature.py:219
_____ ERROR at setup of TestAuditSignatureMiddleware.test_verify_audit_log _____
file /Users/sss/.openclaw/workspace/memory-market/tests/test_digital_signature.py, line 243
      def test_verify_audit_log(self, db: Session):
E       fixture 'db' not found
>       available fixtures: _class_scoped_runner, _function_scoped_runner, _module_scoped_runner, _package_scoped_runner, _session_scoped_runner, anyio_backend, anyio_backend_name, anyio_backend_options, auth_headers, cache, capfd, capfdbinary, caplog, capsys, capsysbinary, capteesys, client, cov, db_engine, db_session, doctest_namespace, event_loop, event_loop_policy, free_tcp_port, free_tcp_port_factory, free_udp_port, free_udp_port_factory, monkeypatch, no_cover, pytestconfig, record_property, record_testsuite_property, record_xml_attribute, recwarn, subtests, test_agent, test_agent2, test_memory, tmp_path, tmp_path_factory, tmpdir, tmpdir_factory, unused_tcp_port, unused_tcp_port_factory, unused_udp_port, unused_udp_port_factory
>       use 'pytest --fixtures [testpath]' for help on them.

/Users/sss/.openclaw/workspace/memory-market/tests/test_digital_signature.py:243
_____ ERROR at setup of TestAuditSignatureMiddleware.test_detect_tampering _____
file /Users/sss/.openclaw/workspace/memory-market/tests/test_digital_signature.py, line 267
      def test_detect_tampering(self, db: Session):
E       fixture 'db' not found
>       available fixtures: _class_scoped_runner, _function_scoped_runner, _module_scoped_runner, _package_scoped_runner, _session_scoped_runner, anyio_backend, anyio_backend_name, anyio_backend_options, auth_headers, cache, capfd, capfdbinary, caplog, capsys, capsysbinary, capteesys, client, cov, db_engine, db_session, doctest_namespace, event_loop, event_loop_policy, free_tcp_port, free_tcp_port_factory, free_udp_port, free_udp_port_factory, monkeypatch, no_cover, pytestconfig, record_property, record_testsuite_property, record_xml_attribute, recwarn, subtests, test_agent, test_agent2, test_memory, tmp_path, tmp_path_factory, tmpdir, tmpdir_factory, unused_tcp_port, unused_tcp_port_factory, unused_udp_port, unused_udp_port_factory
>       use 'pytest --fixtures [testpath]' for help on them.

/Users/sss/.openclaw/workspace/memory-market/tests/test_digital_signature.py:267
_ ERROR at setup of TestAuditSignatureMiddleware.test_multiple_logs_signature_coverage _
file /Users/sss/.openclaw/workspace/memory-market/tests/test_digital_signature.py, line 293
      def test_multiple_logs_signature_coverage(self, db: Session):
E       fixture 'db' not found
>       available fixtures: _class_scoped_runner, _function_scoped_runner, _module_scoped_runner, _package_scoped_runner, _session_scoped_runner, anyio_backend, anyio_backend_name, anyio_backend_options, auth_headers, cache, capfd, capfdbinary, caplog, capsys, capsysbinary, capteesys, client, cov, db_engine, db_session, doctest_namespace, event_loop, event_loop_policy, free_tcp_port, free_tcp_port_factory, free_udp_port, free_udp_port_factory, monkeypatch, no_cover, pytestconfig, record_property, record_testsuite_property, record_xml_attribute, recwarn, subtests, test_agent, test_agent2, test_memory, tmp_path, tmp_path_factory, tmpdir, tmpdir_factory, unused_tcp_port, unused_tcp_port_factory, unused_udp_port, unused_udp_port_factory
>       use 'pytest --fixtures [testpath]' for help on them.

/Users/sss/.openclaw/workspace/memory-market/tests/test_digital_signature.py:293
_ ERROR at setup of TestEndToEndSigningWorkflow.test_complete_signing_workflow _
file /Users/sss/.openclaw/workspace/memory-market/tests/test_digital_signature.py, line 323
      def test_complete_signing_workflow(self, db: Session):
E       fixture 'db' not found
>       available fixtures: _class_scoped_runner, _function_scoped_runner, _module_scoped_runner, _package_scoped_runner, _session_scoped_runner, anyio_backend, anyio_backend_name, anyio_backend_options, auth_headers, cache, capfd, capfdbinary, caplog, capsys, capsysbinary, capteesys, client, cov, db_engine, db_session, doctest_namespace, event_loop, event_loop_policy, free_tcp_port, free_tcp_port_factory, free_udp_port, free_udp_port_factory, monkeypatch, no_cover, pytestconfig, record_property, record_testsuite_property, record_xml_attribute, recwarn, subtests, test_agent, test_agent2, test_memory, tmp_path, tmp_path_factory, tmpdir, tmpdir_factory, unused_tcp_port, unused_tcp_port_factory, unused_udp_port, unused_udp_port_factory
>       use 'pytest --fixtures [testpath]' for help on them.

/Users/sss/.openclaw/workspace/memory-market/tests/test_digital_signature.py:323
________________ ERROR at setup of test_has_permission_success _________________
file /Users/sss/.openclaw/workspace/memory-market/tests/test_permissions.py, line 112
  async def test_has_permission_success(
      db: AsyncSession,
      test_user: Agent,
      test_permissions: list
  ):
      """测试权限检查成功"""
      # 创建权限
      user_perm = UserPermission(
          agent_id=test_user.agent_id,
          permission_id=test_permissions[0].permission_id,
          grant_type="allow"
      )
      db.add(user_perm)
      await db.commit()

      # 检查权限
      service = PermissionService(db)
      has_perm = await service.has_permission(
          agent_id=test_user.agent_id,
          permission_code="memory.create"
      )

      assert has_perm is True
E       fixture 'db' not found
>       available fixtures: _class_scoped_runner, _function_scoped_runner, _module_scoped_runner, _package_scoped_runner, _session_scoped_runner, anyio_backend, anyio_backend_name, anyio_backend_options, auth_headers, cache, capfd, capfdbinary, caplog, capsys, capsysbinary, capteesys, client, cov, db_engine, db_session, doctest_namespace, event_loop, event_loop_policy, free_tcp_port, free_tcp_port_factory, free_udp_port, free_udp_port_factory, monkeypatch, no_cover, pytestconfig, record_property, record_testsuite_property, record_xml_attribute, recwarn, subtests, test_agent, test_agent2, test_memory, test_permissions, test_role, test_user, tmp_path, tmp_path_factory, tmpdir, tmpdir_factory, unused_tcp_port, unused_tcp_port_factory, unused_udp_port, unused_udp_port_factory
>       use 'pytest --fixtures [testpath]' for help on them.

/Users/sss/.openclaw/workspace/memory-market/tests/test_permissions.py:112
__________________ ERROR at setup of test_has_permission_deny __________________
file /Users/sss/.openclaw/workspace/memory-market/tests/test_permissions.py, line 137
  async def test_has_permission_deny(
      db: AsyncSession,
      test_user: Agent,
      test_permissions: list
  ):
      """测试权限拒绝（deny优先）"""
      # 先授予权限
      user_perm_allow = UserPermission(
          agent_id=test_user.agent_id,
          permission_id=test_permissions[0].permission_id,
          grant_type="allow"
      )
      db.add(user_perm_allow)

      # 再拒绝权限
      user_perm_deny = UserPermission(
          agent_id=test_user.agent_id,
          permission_id=test_permissions[0].permission_id,
          grant_type="deny"
      )
      db.add(user_perm_deny)
      await db.commit()

      # 检查权限
      service = PermissionService(db)
      has_perm = await service.has_permission(
          agent_id=test_user.agent_id,
          permission_code="memory.create"
      )

      assert has_perm is False
E       fixture 'db' not found
>       available fixtures: _class_scoped_runner, _function_scoped_runner, _module_scoped_runner, _package_scoped_runner, _session_scoped_runner, anyio_backend, anyio_backend_name, anyio_backend_options, auth_headers, cache, capfd, capfdbinary, caplog, capsys, capsysbinary, capteesys, client, cov, db_engine, db_session, doctest_namespace, event_loop, event_loop_policy, free_tcp_port, free_tcp_port_factory, free_udp_port, free_udp_port_factory, monkeypatch, no_cover, pytestconfig, record_property, record_testsuite_property, record_xml_attribute, recwarn, subtests, test_agent, test_agent2, test_memory, test_permissions, test_role, test_user, tmp_path, tmp_path_factory, tmpdir, tmpdir_factory, unused_tcp_port, unused_tcp_port_factory, unused_udp_port, unused_udp_port_factory
>       use 'pytest --fixtures [testpath]' for help on them.

/Users/sss/.openclaw/workspace/memory-market/tests/test_permissions.py:137
_______________ ERROR at setup of test_has_permission_not_found ________________
file /Users/sss/.openclaw/workspace/memory-market/tests/test_permissions.py, line 170
  async def test_has_permission_not_found(
      db: AsyncSession,
      test_user: Agent,
      test_permissions: list
  ):
      """测试权限不存在"""
      service = PermissionService(db)
      has_perm = await service.has_permission(
          agent_id=test_user.agent_id,
          permission_code="nonexistent.permission"
      )

      assert has_perm is False
E       fixture 'db' not found
>       available fixtures: _class_scoped_runner, _function_scoped_runner, _module_scoped_runner, _package_scoped_runner, _session_scoped_runner, anyio_backend, anyio_backend_name, anyio_backend_options, auth_headers, cache, capfd, capfdbinary, caplog, capsys, capsysbinary, capteesys, client, cov, db_engine, db_session, doctest_namespace, event_loop, event_loop_policy, free_tcp_port, free_tcp_port_factory, free_udp_port, free_udp_port_factory, monkeypatch, no_cover, pytestconfig, record_property, record_testsuite_property, record_xml_attribute, recwarn, subtests, test_agent, test_agent2, test_memory, test_permissions, test_role, test_user, tmp_path, tmp_path_factory, tmpdir, tmpdir_factory, unused_tcp_port, unused_tcp_port_factory, unused_udp_port, unused_udp_port_factory
>       use 'pytest --fixtures [testpath]' for help on them.

/Users/sss/.openclaw/workspace/memory-market/tests/test_permissions.py:170
___________________ ERROR at setup of test_grant_permission ____________________
file /Users/sss/.openclaw/workspace/memory-market/tests/test_permissions.py, line 187
  async def test_grant_permission(
      db: AsyncSession,
      test_user: Agent,
      test_permissions: list
  ):
      """测试授予权限"""
      service = PermissionService(db)
      success = await service.grant_permission(
          agent_id=test_user.agent_id,
          permission_code="memory.create",
          grant_type="allow",
          actor_agent_id=test_user.agent_id
      )

      assert success is True

      # 验证权限已授予
      query = select(UserPermission).where(
          UserPermission.agent_id == test_user.agent_id
      )
      result = await db.execute(query)
      perms = result.scalars().all()
      assert len(perms) == 1
E       fixture 'db' not found
>       available fixtures: _class_scoped_runner, _function_scoped_runner, _module_scoped_runner, _package_scoped_runner, _session_scoped_runner, anyio_backend, anyio_backend_name, anyio_backend_options, auth_headers, cache, capfd, capfdbinary, caplog, capsys, capsysbinary, capteesys, client, cov, db_engine, db_session, doctest_namespace, event_loop, event_loop_policy, free_tcp_port, free_tcp_port_factory, free_udp_port, free_udp_port_factory, monkeypatch, no_cover, pytestconfig, record_property, record_testsuite_property, record_xml_attribute, recwarn, subtests, test_agent, test_agent2, test_memory, test_permissions, test_role, test_user, tmp_path, tmp_path_factory, tmpdir, tmpdir_factory, unused_tcp_port, unused_tcp_port_factory, unused_udp_port, unused_udp_port_factory
>       use 'pytest --fixtures [testpath]' for help on them.

/Users/sss/.openclaw/workspace/memory-market/tests/test_permissions.py:187
______________ ERROR at setup of test_grant_permission_with_scope ______________
file /Users/sss/.openclaw/workspace/memory-market/tests/test_permissions.py, line 212
  async def test_grant_permission_with_scope(
      db: AsyncSession,
      test_user: Agent,
      test_permissions: list,
      test_memory: Memory
  ):
      """测试授予带范围限制的权限"""
      service = PermissionService(db)
      success = await service.grant_permission(
          agent_id=test_user.agent_id,
          permission_code="memory.view",
          grant_type="allow",
          scope={"memory_ids": [test_memory.memory_id]},
          actor_agent_id=test_user.agent_id
      )

      assert success is True

      # 验证权限已授予
      query = select(UserPermission).where(
          UserPermission.agent_id == test_user.agent_id
      )
      result = await db.execute(query)
      perm = result.scalar_one_or_none()
      assert perm is not None
      assert perm.scope is not None
      assert test_memory.memory_id in perm.scope.get("memory_ids", [])
E       fixture 'db' not found
>       available fixtures: _class_scoped_runner, _function_scoped_runner, _module_scoped_runner, _package_scoped_runner, _session_scoped_runner, anyio_backend, anyio_backend_name, anyio_backend_options, auth_headers, cache, capfd, capfdbinary, caplog, capsys, capsysbinary, capteesys, client, cov, db_engine, db_session, doctest_namespace, event_loop, event_loop_policy, free_tcp_port, free_tcp_port_factory, free_udp_port, free_udp_port_factory, monkeypatch, no_cover, pytestconfig, record_property, record_testsuite_property, record_xml_attribute, recwarn, subtests, test_agent, test_agent2, test_memory, test_permissions, test_role, test_user, tmp_path, tmp_path_factory, tmpdir, tmpdir_factory, unused_tcp_port, unused_tcp_port_factory, unused_udp_port, unused_udp_port_factory
>       use 'pytest --fixtures [testpath]' for help on them.

/Users/sss/.openclaw/workspace/memory-market/tests/test_permissions.py:212
___________________ ERROR at setup of test_revoke_permission ___________________
file /Users/sss/.openclaw/workspace/memory-market/tests/test_permissions.py, line 241
  async def test_revoke_permission(
      db: AsyncSession,
      test_user: Agent,
      test_permissions: list
  ):
      """测试撤销权限"""
      # 先授予权限
      service = PermissionService(db)
      await service.grant_permission(
          agent_id=test_user.agent_id,
          permission_code="memory.create",
          grant_type="allow",
          actor_agent_id=test_user.agent_id
      )

      # 撤销权限
      success = await service.revoke_permission(
          agent_id=test_user.agent_id,
          permission_code="memory.create",
          actor_agent_id=test_user.agent_id
      )

      assert success is True

      # 验证权限已撤销
      query = select(UserPermission).where(
          UserPermission.agent_id == test_user.agent_id
      )
      result = await db.execute(query)
      perms = result.scalars().all()
      assert len(perms) == 0
E       fixture 'db' not found
>       available fixtures: _class_scoped_runner, _function_scoped_runner, _module_scoped_runner, _package_scoped_runner, _session_scoped_runner, anyio_backend, anyio_backend_name, anyio_backend_options, auth_headers, cache, capfd, capfdbinary, caplog, capsys, capsysbinary, capteesys, client, cov, db_engine, db_session, doctest_namespace, event_loop, event_loop_policy, free_tcp_port, free_tcp_port_factory, free_udp_port, free_udp_port_factory, monkeypatch, no_cover, pytestconfig, record_property, record_testsuite_property, record_xml_attribute, recwarn, subtests, test_agent, test_agent2, test_memory, test_permissions, test_role, test_user, tmp_path, tmp_path_factory, tmpdir, tmpdir_factory, unused_tcp_port, unused_tcp_port_factory, unused_udp_port, unused_udp_port_factory
>       use 'pytest --fixtures [testpath]' for help on them.

/Users/sss/.openclaw/workspace/memory-market/tests/test_permissions.py:241
_______________ ERROR at setup of test_grant_resource_permission _______________
file /Users/sss/.openclaw/workspace/memory-market/tests/test_permissions.py, line 276
  async def test_grant_resource_permission(
      db: AsyncSession,
      test_user: Agent,
      test_memory: Memory
  ):
      """测试授予资源权限"""
      service = PermissionService(db)
      success = await service.grant_resource_permission(
          resource_type="memory",
          resource_id=test_memory.memory_id,
          permission_code="memory.view",
          agent_id=test_user.agent_id,
          actor_agent_id=test_user.agent_id
      )

      assert success is True

      # 验证资源权限已授予
      query = select(ResourcePermission).where(
          and_(
              ResourcePermission.resource_type == "memory",
              ResourcePermission.resource_id == test_memory.memory_id,
              ResourcePermission.agent_id == test_user.agent_id
          )
      )
      result = await db.execute(query)
      perm = result.scalar_one_or_none()
      assert perm is not None
E       fixture 'db' not found
>       available fixtures: _class_scoped_runner, _function_scoped_runner, _module_scoped_runner, _package_scoped_runner, _session_scoped_runner, anyio_backend, anyio_backend_name, anyio_backend_options, auth_headers, cache, capfd, capfdbinary, caplog, capsys, capsysbinary, capteesys, client, cov, db_engine, db_session, doctest_namespace, event_loop, event_loop_policy, free_tcp_port, free_tcp_port_factory, free_udp_port, free_udp_port_factory, monkeypatch, no_cover, pytestconfig, record_property, record_testsuite_property, record_xml_attribute, recwarn, subtests, test_agent, test_agent2, test_memory, test_permissions, test_role, test_user, tmp_path, tmp_path_factory, tmpdir, tmpdir_factory, unused_tcp_port, unused_tcp_port_factory, unused_udp_port, unused_udp_port_factory
>       use 'pytest --fixtures [testpath]' for help on them.

/Users/sss/.openclaw/workspace/memory-market/tests/test_permissions.py:276
_______________ ERROR at setup of test_check_resource_permission _______________
file /Users/sss/.openclaw/workspace/memory-market/tests/test_permissions.py, line 306
  async def test_check_resource_permission(
      db: AsyncSession,
      test_user: Agent,
      test_memory: Memory
  ):
      """测试检查资源权限"""
      # 授予资源权限
      service = PermissionService(db)
      await service.grant_resource_permission(
          resource_type="memory",
          resource_id=test_memory.memory_id,
          permission_code="memory.view",
          agent_id=test_user.agent_id,
          actor_agent_id=test_user.agent_id
      )

      # 检查资源权限
      has_perm = await service.has_permission(
          agent_id=test_user.agent_id,
          permission_code="memory.view",
          resource_type="memory",
          resource_id=test_memory.memory_id
      )

      assert has_perm is True
E       fixture 'db' not found
>       available fixtures: _class_scoped_runner, _function_scoped_runner, _module_scoped_runner, _package_scoped_runner, _session_scoped_runner, anyio_backend, anyio_backend_name, anyio_backend_options, auth_headers, cache, capfd, capfdbinary, caplog, capsys, capsysbinary, capteesys, client, cov, db_engine, db_session, doctest_namespace, event_loop, event_loop_policy, free_tcp_port, free_tcp_port_factory, free_udp_port, free_udp_port_factory, monkeypatch, no_cover, pytestconfig, record_property, record_testsuite_property, record_xml_attribute, recwarn, subtests, test_agent, test_agent2, test_memory, test_permissions, test_role, test_user, tmp_path, tmp_path_factory, tmpdir, tmpdir_factory, unused_tcp_port, unused_tcp_port_factory, unused_udp_port, unused_udp_port_factory
>       use 'pytest --fixtures [testpath]' for help on them.

/Users/sss/.openclaw/workspace/memory-market/tests/test_permissions.py:306
______________ ERROR at setup of test_revoke_resource_permission _______________
file /Users/sss/.openclaw/workspace/memory-market/tests/test_permissions.py, line 333
  async def test_revoke_resource_permission(
      db: AsyncSession,
      test_user: Agent,
      test_memory: Memory
  ):
      """测试撤销资源权限"""
      # 授予资源权限
      service = PermissionService(db)
      await service.grant_resource_permission(
          resource_type="memory",
          resource_id=test_memory.memory_id,
          permission_code="memory.view",
          agent_id=test_user.agent_id,
          actor_agent_id=test_user.agent_id
      )

      # 撤销资源权限
      success = await service.revoke_resource_permission(
          resource_type="memory",
          resource_id=test_memory.memory_id,
          permission_code="memory.view",
          agent_id=test_user.agent_id,
          actor_agent_id=test_user.agent_id
      )

      assert success is True

      # 验证资源权限已撤销
      query = select(ResourcePermission).where(
          and_(
              ResourcePermission.resource_type == "memory",
              ResourcePermission.resource_id == test_memory.memory_id,
              ResourcePermission.agent_id == test_user.agent_id
          )
      )
      result = await db.execute(query)
      perm = result.scalar_one_or_none()
      assert perm is None
E       fixture 'db' not found
>       available fixtures: _class_scoped_runner, _function_scoped_runner, _module_scoped_runner, _package_scoped_runner, _session_scoped_runner, anyio_backend, anyio_backend_name, anyio_backend_options, auth_headers, cache, capfd, capfdbinary, caplog, capsys, capsysbinary, capteesys, client, cov, db_engine, db_session, doctest_namespace, event_loop, event_loop_policy, free_tcp_port, free_tcp_port_factory, free_udp_port, free_udp_port_factory, monkeypatch, no_cover, pytestconfig, record_property, record_testsuite_property, record_xml_attribute, recwarn, subtests, test_agent, test_agent2, test_memory, test_permissions, test_role, test_user, tmp_path, tmp_path_factory, tmpdir, tmpdir_factory, unused_tcp_port, unused_tcp_port_factory, unused_udp_port, unused_udp_port_factory
>       use 'pytest --fixtures [testpath]' for help on them.

/Users/sss/.openclaw/workspace/memory-market/tests/test_permissions.py:333
_________________ ERROR at setup of test_permission_expiration _________________
file /Users/sss/.openclaw/workspace/memory-market/tests/test_permissions.py, line 375
  async def test_permission_expiration(
      db: AsyncSession,
      test_user: Agent,
      test_permissions: list
  ):
      """测试权限过期"""
      # 授予过期权限
      service = PermissionService(db)
      await service.grant_permission(
          agent_id=test_user.agent_id,
          permission_code="memory.create",
          grant_type="allow",
          expires_at=datetime.now() - timedelta(days=1),  # 已过期
          actor_agent_id=test_user.agent_id
      )

      # 检查权限
      has_perm = await service.has_permission(
          agent_id=test_user.agent_id,
          permission_code="memory.create"
      )

      assert has_perm is False
E       fixture 'db' not found
>       available fixtures: _class_scoped_runner, _function_scoped_runner, _module_scoped_runner, _package_scoped_runner, _session_scoped_runner, anyio_backend, anyio_backend_name, anyio_backend_options, auth_headers, cache, capfd, capfdbinary, caplog, capsys, capsysbinary, capteesys, client, cov, db_engine, db_session, doctest_namespace, event_loop, event_loop_policy, free_tcp_port, free_tcp_port_factory, free_udp_port, free_udp_port_factory, monkeypatch, no_cover, pytestconfig, record_property, record_testsuite_property, record_xml_attribute, recwarn, subtests, test_agent, test_agent2, test_memory, test_permissions, test_role, test_user, tmp_path, tmp_path_factory, tmpdir, tmpdir_factory, unused_tcp_port, unused_tcp_port_factory, unused_udp_port, unused_udp_port_factory
>       use 'pytest --fixtures [testpath]' for help on them.

/Users/sss/.openclaw/workspace/memory-market/tests/test_permissions.py:375
_________________ ERROR at setup of test_get_user_permissions __________________
file /Users/sss/.openclaw/workspace/memory-market/tests/test_permissions.py, line 402
  async def test_get_user_permissions(
      db: AsyncSession,
      test_user: Agent,
      test_permissions: list
  ):
      """测试获取用户权限列表"""
      # 授予权限
      service = PermissionService(db)
      await service.grant_permission(
          agent_id=test_user.agent_id,
          permission_code="memory.create",
          grant_type="allow",
          actor_agent_id=test_user.agent_id
      )
      await service.grant_permission(
          agent_id=test_user.agent_id,
          permission_code="memory.view",
          grant_type="allow",
          actor_agent_id=test_user.agent_id
      )

      # 获取用户权限
      permissions = await service.get_user_permissions(test_user.agent_id)

      assert len(permissions) == 2
      perm_codes = [perm["code"] for perm in permissions]
      assert "memory.create" in perm_codes
      assert "memory.view" in perm_codes
E       fixture 'db' not found
>       available fixtures: _class_scoped_runner, _function_scoped_runner, _module_scoped_runner, _package_scoped_runner, _session_scoped_runner, anyio_backend, anyio_backend_name, anyio_backend_options, auth_headers, cache, capfd, capfdbinary, caplog, capsys, capsysbinary, capteesys, client, cov, db_engine, db_session, doctest_namespace, event_loop, event_loop_policy, free_tcp_port, free_tcp_port_factory, free_udp_port, free_udp_port_factory, monkeypatch, no_cover, pytestconfig, record_property, record_testsuite_property, record_xml_attribute, recwarn, subtests, test_agent, test_agent2, test_memory, test_permissions, test_role, test_user, tmp_path, tmp_path_factory, tmpdir, tmpdir_factory, unused_tcp_port, unused_tcp_port_factory, unused_udp_port, unused_udp_port_factory
>       use 'pytest --fixtures [testpath]' for help on them.

/Users/sss/.openclaw/workspace/memory-market/tests/test_permissions.py:402
_________________ ERROR at setup of test_permission_audit_log __________________
file /Users/sss/.openclaw/workspace/memory-market/tests/test_permissions.py, line 434
  async def test_permission_audit_log(
      db: AsyncSession,
      test_user: Agent,
      test_permissions: list
  ):
      """测试权限审计日志"""
      # 授予权限
      service = PermissionService(db)
      await service.grant_permission(
          agent_id=test_user.agent_id,
          permission_code="memory.create",
          grant_type="allow",
          actor_agent_id=test_user.agent_id
      )

      # 检查审计日志
      query = select(PermissionAuditLog).where(
          PermissionAuditLog.action_type == "grant"
      )
      result = await db.execute(query)
      logs = result.scalars().all()

      assert len(logs) > 0
      assert logs[0].action_category == "permission"
      assert logs[0].permission_code == "memory.create"
E       fixture 'db' not found
>       available fixtures: _class_scoped_runner, _function_scoped_runner, _module_scoped_runner, _package_scoped_runner, _session_scoped_runner, anyio_backend, anyio_backend_name, anyio_backend_options, auth_headers, cache, capfd, capfdbinary, caplog, capsys, capsysbinary, capteesys, client, cov, db_engine, db_session, doctest_namespace, event_loop, event_loop_policy, free_tcp_port, free_tcp_port_factory, free_udp_port, free_udp_port_factory, monkeypatch, no_cover, pytestconfig, record_property, record_testsuite_property, record_xml_attribute, recwarn, subtests, test_agent, test_agent2, test_memory, test_permissions, test_role, test_user, tmp_path, tmp_path_factory, tmpdir, tmpdir_factory, unused_tcp_port, unused_tcp_port_factory, unused_udp_port, unused_udp_port_factory
>       use 'pytest --fixtures [testpath]' for help on them.

/Users/sss/.openclaw/workspace/memory-market/tests/test_permissions.py:434
_____________ ERROR at setup of test_permission_check_performance ______________
file /Users/sss/.openclaw/workspace/memory-market/tests/test_permissions.py, line 463
  async def test_permission_check_performance(
      db: AsyncSession,
      test_user: Agent,
      test_permissions: list
  ):
      """测试权限检查性能（目标<5ms）"""
      import time

      # 授予权限
      service = PermissionService(db)
      await service.grant_permission(
          agent_id=test_user.agent_id,
          permission_code="memory.create",
          grant_type="allow",
          actor_agent_id=test_user.agent_id
      )

      # 测试权限检查性能
      iterations = 100
      total_time = 0

      for _ in range(iterations):
          start = time.time()
          await service.has_permission(
              agent_id=test_user.agent_id,
              permission_code="memory.create"
          )
          end = time.time()
          total_time += (end - start)

      avg_time = (total_time / iterations) * 1000  # 转换为毫秒

      print(f"\n平均权限检查时间: {avg_time:.2f}ms")
      assert avg_time < 5.0, f"权限检查性能不达标: {avg_time:.2f}ms > 5ms"
E       fixture 'db' not found
>       available fixtures: _class_scoped_runner, _function_scoped_runner, _module_scoped_runner, _package_scoped_runner, _session_scoped_runner, anyio_backend, anyio_backend_name, anyio_backend_options, auth_headers, cache, capfd, capfdbinary, caplog, capsys, capsysbinary, capteesys, client, cov, db_engine, db_session, doctest_namespace, event_loop, event_loop_policy, free_tcp_port, free_tcp_port_factory, free_udp_port, free_udp_port_factory, monkeypatch, no_cover, pytestconfig, record_property, record_testsuite_property, record_xml_attribute, recwarn, subtests, test_agent, test_agent2, test_memory, test_permissions, test_role, test_user, tmp_path, tmp_path_factory, tmpdir, tmpdir_factory, unused_tcp_port, unused_tcp_port_factory, unused_udp_port, unused_udp_port_factory
>       use 'pytest --fixtures [testpath]' for help on them.

/Users/sss/.openclaw/workspace/memory-market/tests/test_permissions.py:463
________________ ERROR at setup of test_permission_scope_check _________________
file /Users/sss/.openclaw/workspace/memory-market/tests/test_permissions.py, line 501
  async def test_permission_scope_check(
      db: AsyncSession,
      test_user: Agent,
      test_permissions: list,
      test_memory: Memory
  ):
      """测试权限范围检查"""
      # 授予特定记忆的查看权限
      service = PermissionService(db)
      await service.grant_permission(
          agent_id=test_user.agent_id,
          permission_code="memory.view",
          grant_type="allow",
          scope={"memory_ids": [test_memory.memory_id]},
          actor_agent_id=test_user.agent_id
      )

      # 检查对指定记忆的权限
      has_perm_authorized = await service.has_permission(
          agent_id=test_user.agent_id,
          permission_code="memory.view",
          resource_type="memory",
          resource_id=test_memory.memory_id
      )
      assert has_perm_authorized is True

      # 检查对未授权记忆的权限
      has_perm_unauthorized = await service.has_permission(
          agent_id=test_user.agent_id,
          permission_code="memory.view",
          resource_type="memory",
          resource_id="unauthorized_memory_id"
      )
      assert has_perm_unauthorized is False
E       fixture 'db' not found
>       available fixtures: _class_scoped_runner, _function_scoped_runner, _module_scoped_runner, _package_scoped_runner, _session_scoped_runner, anyio_backend, anyio_backend_name, anyio_backend_options, auth_headers, cache, capfd, capfdbinary, caplog, capsys, capsysbinary, capteesys, client, cov, db_engine, db_session, doctest_namespace, event_loop, event_loop_policy, free_tcp_port, free_tcp_port_factory, free_udp_port, free_udp_port_factory, monkeypatch, no_cover, pytestconfig, record_property, record_testsuite_property, record_xml_attribute, recwarn, subtests, test_agent, test_agent2, test_memory, test_permissions, test_role, test_user, tmp_path, tmp_path_factory, tmpdir, tmpdir_factory, unused_tcp_port, unused_tcp_port_factory, unused_udp_port, unused_udp_port_factory
>       use 'pytest --fixtures [testpath]' for help on them.

/Users/sss/.openclaw/workspace/memory-market/tests/test_permissions.py:501
______________ ERROR at setup of test_bulk_permission_operations _______________
file /Users/sss/.openclaw/workspace/memory-market/tests/test_permissions.py, line 539
  async def test_bulk_permission_operations(
      db: AsyncSession,
      test_user: Agent,
      test_permissions: list
  ):
      """测试批量权限操作"""
      service = PermissionService(db)

      # 批量授予权限
      for perm in test_permissions:
          await service.grant_permission(
              agent_id=test_user.agent_id,
              permission_code=perm.code,
              grant_type="allow",
              actor_agent_id=test_user.agent_id
          )

      # 验证所有权限已授予
      permissions = await service.get_user_permissions(test_user.agent_id)
      assert len(permissions) == len(test_permissions)

      # 批量撤销权限
      for perm in test_permissions:
          await service.revoke_permission(
              agent_id=test_user.agent_id,
              permission_code=perm.code,
              actor_agent_id=test_user.agent_id
          )

      # 验证所有权限已撤销
      permissions = await service.get_user_permissions(test_user.agent_id)
      assert len(permissions) == 0
E       fixture 'db' not found
>       available fixtures: _class_scoped_runner, _function_scoped_runner, _module_scoped_runner, _package_scoped_runner, _session_scoped_runner, anyio_backend, anyio_backend_name, anyio_backend_options, auth_headers, cache, capfd, capfdbinary, caplog, capsys, capsysbinary, capteesys, client, cov, db_engine, db_session, doctest_namespace, event_loop, event_loop_policy, free_tcp_port, free_tcp_port_factory, free_udp_port, free_udp_port_factory, monkeypatch, no_cover, pytestconfig, record_property, record_testsuite_property, record_xml_attribute, recwarn, subtests, test_agent, test_agent2, test_memory, test_permissions, test_role, test_user, tmp_path, tmp_path_factory, tmpdir, tmpdir_factory, unused_tcp_port, unused_tcp_port_factory, unused_udp_port, unused_udp_port_factory
>       use 'pytest --fixtures [testpath]' for help on them.

/Users/sss/.openclaw/workspace/memory-market/tests/test_permissions.py:539
__________________ ERROR at setup of test_search_log_creation __________________
file /Users/sss/.openclaw/workspace/memory-market/tests/test_search_analytics.py, line 17
  @pytest.mark.asyncio
  async def test_search_log_creation(db: AsyncSession, test_agent: Agent):
      """测试搜索日志创建"""
      log = SearchLog(
          agent_id=test_agent.agent_id,
          query="抖音爆款视频",
          search_type="hybrid",
          category="抖音",
          result_count=10,
          top_result_id="mem_test123",
          response_time_ms=150
      )

      db.add(log)
      await db.commit()
      await db.refresh(log)

      assert log.log_id is not None
      assert log.query == "抖音爆款视频"
      assert log.result_count == 10
E       fixture 'db' not found
>       available fixtures: _class_scoped_runner, _function_scoped_runner, _module_scoped_runner, _package_scoped_runner, _session_scoped_runner, anyio_backend, anyio_backend_name, anyio_backend_options, auth_headers, cache, capfd, capfdbinary, caplog, capsys, capsysbinary, capteesys, client, cov, db_engine, db_session, doctest_namespace, event_loop, event_loop_policy, free_tcp_port, free_tcp_port_factory, free_udp_port, free_udp_port_factory, monkeypatch, no_cover, pytestconfig, record_property, record_testsuite_property, record_xml_attribute, recwarn, subtests, test_agent, test_agent2, test_memory, test_search_log, tmp_path, tmp_path_factory, tmpdir, tmpdir_factory, unused_tcp_port, unused_tcp_port_factory, unused_udp_port, unused_udp_port_factory
>       use 'pytest --fixtures [testpath]' for help on them.

/Users/sss/.openclaw/workspace/memory-market/tests/test_search_analytics.py:17
_________________ ERROR at setup of test_search_click_creation _________________
file /Users/sss/.openclaw/workspace/memory-market/tests/test_search_analytics.py, line 39
  @pytest.mark.asyncio
  async def test_search_click_creation(db: AsyncSession, test_agent: Agent, test_search_log: SearchLog):
      """测试搜索点击创建"""
      click = SearchClick(
          search_log_id=test_search_log.log_id,
          memory_id="mem_test123",
          position=1,
          agent_id=test_agent.agent_id,
          click_type="detail"
      )

      db.add(click)
      await db.commit()
      await db.refresh(click)

      assert click.click_id is not None
      assert click.position == 1
E       fixture 'db' not found
>       available fixtures: _class_scoped_runner, _function_scoped_runner, _module_scoped_runner, _package_scoped_runner, _session_scoped_runner, anyio_backend, anyio_backend_name, anyio_backend_options, auth_headers, cache, capfd, capfdbinary, caplog, capsys, capsysbinary, capteesys, client, cov, db_engine, db_session, doctest_namespace, event_loop, event_loop_policy, free_tcp_port, free_tcp_port_factory, free_udp_port, free_udp_port_factory, monkeypatch, no_cover, pytestconfig, record_property, record_testsuite_property, record_xml_attribute, recwarn, subtests, test_agent, test_agent2, test_memory, test_search_log, tmp_path, tmp_path_factory, tmpdir, tmpdir_factory, unused_tcp_port, unused_tcp_port_factory, unused_udp_port, unused_udp_port_factory
>       use 'pytest --fixtures [testpath]' for help on them.

/Users/sss/.openclaw/workspace/memory-market/tests/test_search_analytics.py:39
__________________ ERROR at setup of test_search_trends_empty __________________
file /Users/sss/.openclaw/workspace/memory-market/tests/test_search_analytics.py, line 58
  @pytest.mark.asyncio
  async def test_search_trends_empty(db: AsyncSession, admin_agent: Agent):
      """测试空数据的搜索趋势"""
      trends = await get_search_trends(days=7, limit=10, db=db, current_agent=admin_agent)

      assert isinstance(trends, list)
      assert len(trends) == 0
E       fixture 'db' not found
>       available fixtures: _class_scoped_runner, _function_scoped_runner, _module_scoped_runner, _package_scoped_runner, _session_scoped_runner, anyio_backend, anyio_backend_name, anyio_backend_options, auth_headers, cache, capfd, capfdbinary, caplog, capsys, capsysbinary, capteesys, client, cov, db_engine, db_session, doctest_namespace, event_loop, event_loop_policy, free_tcp_port, free_tcp_port_factory, free_udp_port, free_udp_port_factory, monkeypatch, no_cover, pytestconfig, record_property, record_testsuite_property, record_xml_attribute, recwarn, subtests, test_agent, test_agent2, test_memory, test_search_log, tmp_path, tmp_path_factory, tmpdir, tmpdir_factory, unused_tcp_port, unused_tcp_port_factory, unused_udp_port, unused_udp_port_factory
>       use 'pytest --fixtures [testpath]' for help on them.

/Users/sss/.openclaw/workspace/memory-market/tests/test_search_analytics.py:58
________________ ERROR at setup of test_search_trends_with_data ________________
file /Users/sss/.openclaw/workspace/memory-market/tests/test_search_analytics.py, line 67
  @pytest.mark.asyncio
  async def test_search_trends_with_data(db: AsyncSession, admin_agent: Agent, test_agent: Agent):
      """测试有数据的搜索趋势"""
      # 创建测试搜索日志
      now = datetime.utcnow()

      logs = [
          SearchLog(
              agent_id=test_agent.agent_id,
              query="抖音爆款",
              search_type="hybrid",
              category="抖音",
              result_count=10,
              response_time_ms=150,
              created_at=now - timedelta(hours=1)
          ),
          SearchLog(
              agent_id=test_agent.agent_id,
              query="抖音爆款",
              search_type="hybrid",
              category="抖音",
              result_count=8,
              response_time_ms=160,
              created_at=now - timedelta(hours=2)
          ),
          SearchLog(
              agent_id=test_agent.agent_id,
              query="小红书种草",
              search_type="hybrid",
              category="小红书",
              result_count=5,
              response_time_ms=120,
              created_at=now - timedelta(hours=3)
          )
      ]

      for log in logs:
          db.add(log)
      await db.commit()

      # 获取搜索趋势
      trends = await get_search_trends(days=1, limit=10, db=db, current_agent=admin_agent)

      assert len(trends) >= 1

      # 检查"抖音爆款"是否在结果中
      trend_queries = [t.query for t in trends]
      assert "抖音爆款" in trend_queries
E       fixture 'db' not found
>       available fixtures: _class_scoped_runner, _function_scoped_runner, _module_scoped_runner, _package_scoped_runner, _session_scoped_runner, anyio_backend, anyio_backend_name, anyio_backend_options, auth_headers, cache, capfd, capfdbinary, caplog, capsys, capsysbinary, capteesys, client, cov, db_engine, db_session, doctest_namespace, event_loop, event_loop_policy, free_tcp_port, free_tcp_port_factory, free_udp_port, free_udp_port_factory, monkeypatch, no_cover, pytestconfig, record_property, record_testsuite_property, record_xml_attribute, recwarn, subtests, test_agent, test_agent2, test_memory, test_search_log, tmp_path, tmp_path_factory, tmpdir, tmpdir_factory, unused_tcp_port, unused_tcp_port_factory, unused_udp_port, unused_udp_port_factory
>       use 'pytest --fixtures [testpath]' for help on them.

/Users/sss/.openclaw/workspace/memory-market/tests/test_search_analytics.py:67
________________ ERROR at setup of test_search_quality_metrics _________________
file /Users/sss/.openclaw/workspace/memory-market/tests/test_search_analytics.py, line 117
  @pytest.mark.asyncio
  async def test_search_quality_metrics(db: AsyncSession, admin_agent: Agent, test_agent: Agent):
      """测试搜索质量指标"""
      # 创建测试数据
      now = datetime.utcnow()

      # 正常搜索
      for i in range(10):
          log = SearchLog(
              agent_id=test_agent.agent_id,
              query=f"测试查询{i}",
              search_type="hybrid",
              result_count=10,
              response_time_ms=150,
              created_at=now - timedelta(hours=i)
          )
          db.add(log)

      # 零结果搜索
      for i in range(2):
          log = SearchLog(
              agent_id=test_agent.agent_id,
              query="无结果查询",
              search_type="hybrid",
              result_count=0,
              response_time_ms=100,
              created_at=now - timedelta(hours=i + 10)
          )
          db.add(log)

      await db.commit()

      # 获取质量指标
      quality = await get_search_quality(days=1, db=db, current_agent=admin_agent)

      assert quality.total_searches >= 12
      assert quality.avg_result_count > 0
      assert quality.avg_response_time_ms > 0
      assert quality.zero_results_rate > 0
E       fixture 'db' not found
>       available fixtures: _class_scoped_runner, _function_scoped_runner, _module_scoped_runner, _package_scoped_runner, _session_scoped_runner, anyio_backend, anyio_backend_name, anyio_backend_options, auth_headers, cache, capfd, capfdbinary, caplog, capsys, capsysbinary, capteesys, client, cov, db_engine, db_session, doctest_namespace, event_loop, event_loop_policy, free_tcp_port, free_tcp_port_factory, free_udp_port, free_udp_port_factory, monkeypatch, no_cover, pytestconfig, record_property, record_testsuite_property, record_xml_attribute, recwarn, subtests, test_agent, test_agent2, test_memory, test_search_log, tmp_path, tmp_path_factory, tmpdir, tmpdir_factory, unused_tcp_port, unused_tcp_port_factory, unused_udp_port, unused_udp_port_factory
>       use 'pytest --fixtures [testpath]' for help on them.

/Users/sss/.openclaw/workspace/memory-market/tests/test_search_analytics.py:117
_______________ ERROR at setup of test_search_performance_stats ________________
file /Users/sss/.openclaw/workspace/memory-market/tests/test_search_analytics.py, line 158
  @pytest.mark.asyncio
  async def test_search_performance_stats(db: AsyncSession, admin_agent: Agent, test_agent: Agent):
      """测试搜索性能统计"""
      # 创建测试数据
      now = datetime.utcnow()

      # 正常搜索
      for i in range(10):
          log = SearchLog(
              agent_id=test_agent.agent_id,
              query=f"性能测试{i}",
              search_type="hybrid",
              result_count=10,
              response_time_ms=100 + i * 10,  # 100-190ms
              created_at=now - timedelta(hours=i)
          )
          db.add(log)

      await db.commit()

      # 获取性能统计
      performance = await get_search_performance(period="hour", db=db, current_agent=admin_agent)

      assert performance.search_count >= 10
      assert performance.avg_response_time_ms > 0
      assert performance.slow_searches_count == 0  # 所有搜索都<1s
E       fixture 'db' not found
>       available fixtures: _class_scoped_runner, _function_scoped_runner, _module_scoped_runner, _package_scoped_runner, _session_scoped_runner, anyio_backend, anyio_backend_name, anyio_backend_options, auth_headers, cache, capfd, capfdbinary, caplog, capsys, capsysbinary, capteesys, client, cov, db_engine, db_session, doctest_namespace, event_loop, event_loop_policy, free_tcp_port, free_tcp_port_factory, free_udp_port, free_udp_port_factory, monkeypatch, no_cover, pytestconfig, record_property, record_testsuite_property, record_xml_attribute, recwarn, subtests, test_agent, test_agent2, test_memory, test_search_log, tmp_path, tmp_path_factory, tmpdir, tmpdir_factory, unused_tcp_port, unused_tcp_port_factory, unused_udp_port, unused_udp_port_factory
>       use 'pytest --fixtures [testpath]' for help on them.

/Users/sss/.openclaw/workspace/memory-market/tests/test_search_analytics.py:158
_________________ ERROR at setup of test_zero_results_queries __________________
file /Users/sss/.openclaw/workspace/memory-market/tests/test_search_analytics.py, line 186
  @pytest.mark.asyncio
  async def test_zero_results_queries(db: AsyncSession, admin_agent: Agent, test_agent: Agent):
      """测试零结果查询"""
      # 创建测试数据
      now = datetime.utcnow()

      zero_result_queries = ["无结果1", "无结果2", "无结果3"]
      for query in zero_result_queries:
          for i in range(3):
              log = SearchLog(
                  agent_id=test_agent.agent_id,
                  query=query,
                  search_type="hybrid",
                  result_count=0,
                  response_time_ms=100,
                  created_at=now - timedelta(hours=i)
              )
              db.add(log)

      await db.commit()

      # 获取零结果查询
      result = await get_zero_results_queries(days=1, limit=10, db=db, current_agent=admin_agent)

      assert result["period_days"] == 1
      assert len(result["queries"]) >= 1

      # 检查"无结果1"是否在结果中
      query_list = [q["query"] for q in result["queries"]]
      assert "无结果1" in query_list
E       fixture 'db' not found
>       available fixtures: _class_scoped_runner, _function_scoped_runner, _module_scoped_runner, _package_scoped_runner, _session_scoped_runner, anyio_backend, anyio_backend_name, anyio_backend_options, auth_headers, cache, capfd, capfdbinary, caplog, capsys, capsysbinary, capteesys, client, cov, db_engine, db_session, doctest_namespace, event_loop, event_loop_policy, free_tcp_port, free_tcp_port_factory, free_udp_port, free_udp_port_factory, monkeypatch, no_cover, pytestconfig, record_property, record_testsuite_property, record_xml_attribute, recwarn, subtests, test_agent, test_agent2, test_memory, test_search_log, tmp_path, tmp_path_factory, tmpdir, tmpdir_factory, unused_tcp_port, unused_tcp_port_factory, unused_udp_port, unused_udp_port_factory
>       use 'pytest --fixtures [testpath]' for help on them.

/Users/sss/.openclaw/workspace/memory-market/tests/test_search_analytics.py:186
_________________ ERROR at setup of test_user_search_behavior __________________
file /Users/sss/.openclaw/workspace/memory-market/tests/test_search_analytics.py, line 218
  @pytest.mark.asyncio
  async def test_user_search_behavior(db: AsyncSession, admin_agent: Agent, test_agent: Agent):
      """测试用户搜索行为"""
      # 创建测试数据
      now = datetime.utcnow()

      for i in range(20):
          log = SearchLog(
              agent_id=test_agent.agent_id,
              query=f"用户行为测试{i % 5}",  # 5个不同查询
              search_type="hybrid",
              result_count=10,
              response_time_ms=150,
              created_at=now - timedelta(hours=i)
          )
          db.add(log)

      await db.commit()

      # 获取用户搜索行为
      behaviors = await get_user_search_behavior(days=1, limit=10, db=db, current_agent=admin_agent)

      assert len(behaviors) >= 1

      # 检查test_agent的数据
      user_data = next((b for b in behaviors if b.agent_id == test_agent.agent_id), None)
      assert user_data is not None
      assert user_data.total_searches >= 20
      assert user_data.unique_queries <= 5
E       fixture 'db' not found
>       available fixtures: _class_scoped_runner, _function_scoped_runner, _module_scoped_runner, _package_scoped_runner, _session_scoped_runner, anyio_backend, anyio_backend_name, anyio_backend_options, auth_headers, cache, capfd, capfdbinary, caplog, capsys, capsysbinary, capteesys, client, cov, db_engine, db_session, doctest_namespace, event_loop, event_loop_policy, free_tcp_port, free_tcp_port_factory, free_udp_port, free_udp_port_factory, monkeypatch, no_cover, pytestconfig, record_property, record_testsuite_property, record_xml_attribute, recwarn, subtests, test_agent, test_agent2, test_memory, test_search_log, tmp_path, tmp_path_factory, tmpdir, tmpdir_factory, unused_tcp_port, unused_tcp_port_factory, unused_udp_port, unused_udp_port_factory
>       use 'pytest --fixtures [testpath]' for help on them.

/Users/sss/.openclaw/workspace/memory-market/tests/test_search_analytics.py:218
___________________ ERROR at setup of test_ab_test_creation ____________________
file /Users/sss/.openclaw/workspace/memory-market/tests/test_search_analytics.py, line 249
  @pytest.mark.asyncio
  async def test_ab_test_creation(db: AsyncSession, test_agent: Agent):
      """测试A/B测试创建"""
      from app.models.schemas import ABTestCreate

      ab_test_service = ABTestService()

      test_config = ABTestCreate(
          name="算法对比测试",
          description="对比向量搜索和混合搜索",
          test_type="algorithm",
          start_at=datetime.utcnow() + timedelta(hours=1),
          end_at=datetime.utcnow() + timedelta(days=7),
          split_ratio={"A": 0.5, "B": 0.5},
          group_configs={
              "A": {"algorithm": "vector"},
              "B": {"algorithm": "hybrid"}
          },
          metrics=["ctr", "zero_results_rate", "avg_response_time"]
      )

      test = await ab_test_service.create_test(db, test_agent.agent_id, test_config)

      assert test.test_id is not None
      assert test.name == "算法对比测试"
      assert test.status == "draft"
      assert test.split_ratio == {"A": 0.5, "B": 0.5}
E       fixture 'db' not found
>       available fixtures: _class_scoped_runner, _function_scoped_runner, _module_scoped_runner, _package_scoped_runner, _session_scoped_runner, anyio_backend, anyio_backend_name, anyio_backend_options, auth_headers, cache, capfd, capfdbinary, caplog, capsys, capsysbinary, capteesys, client, cov, db_engine, db_session, doctest_namespace, event_loop, event_loop_policy, free_tcp_port, free_tcp_port_factory, free_udp_port, free_udp_port_factory, monkeypatch, no_cover, pytestconfig, record_property, record_testsuite_property, record_xml_attribute, recwarn, subtests, test_agent, test_agent2, test_memory, test_search_log, tmp_path, tmp_path_factory, tmpdir, tmpdir_factory, unused_tcp_port, unused_tcp_port_factory, unused_udp_port, unused_udp_port_factory
>       use 'pytest --fixtures [testpath]' for help on them.

/Users/sss/.openclaw/workspace/memory-market/tests/test_search_analytics.py:249
_________________ ERROR at setup of test_ab_test_user_grouping _________________
file /Users/sss/.openclaw/workspace/memory-market/tests/test_search_analytics.py, line 278
  @pytest.mark.asyncio
  async def test_ab_test_user_grouping(db: AsyncSession, test_agent: Agent):
      """测试A/B测试用户分组"""
      from app.models.schemas import ABTestCreate

      ab_test_service = ABTestService()

      # 创建测试
      test_config = ABTestCreate(
          name="用户分组测试",
          test_type="algorithm",
          start_at=datetime.utcnow() - timedelta(hours=1),
          end_at=datetime.utcnow() + timedelta(days=7),
          split_ratio={"A": 0.5, "B": 0.5},
          group_configs={
              "A": {"algorithm": "vector"},
              "B": {"algorithm": "hybrid"}
          },
          metrics=["ctr"]
      )

      test = await ab_test_service.create_test(db, test_agent.agent_id, test_config)
      test.status = "running"
      await db.commit()

      # 获取用户分组
      group = await ab_test_service.get_user_group(db, test.test_id, test_agent.agent_id)

      assert group in ["A", "B"]

      # 同一用户应该始终在同一组
      group2 = await ab_test_service.get_user_group(db, test.test_id, test_agent.agent_id)
      assert group == group2
E       fixture 'db' not found
>       available fixtures: _class_scoped_runner, _function_scoped_runner, _module_scoped_runner, _package_scoped_runner, _session_scoped_runner, anyio_backend, anyio_backend_name, anyio_backend_options, auth_headers, cache, capfd, capfdbinary, caplog, capsys, capsysbinary, capteesys, client, cov, db_engine, db_session, doctest_namespace, event_loop, event_loop_policy, free_tcp_port, free_tcp_port_factory, free_udp_port, free_udp_port_factory, monkeypatch, no_cover, pytestconfig, record_property, record_testsuite_property, record_xml_attribute, recwarn, subtests, test_agent, test_agent2, test_memory, test_search_log, tmp_path, tmp_path_factory, tmpdir, tmpdir_factory, unused_tcp_port, unused_tcp_port_factory, unused_udp_port, unused_udp_port_factory
>       use 'pytest --fixtures [testpath]' for help on them.

/Users/sss/.openclaw/workspace/memory-market/tests/test_search_analytics.py:278
_________________ ERROR at setup of test_ab_test_group_config __________________
file /Users/sss/.openclaw/workspace/memory-market/tests/test_search_analytics.py, line 313
  @pytest.mark.asyncio
  async def test_ab_test_group_config(db: AsyncSession, test_agent: Agent):
      """测试A/B测试分组配置"""
      from app.models.schemas import ABTestCreate

      ab_test_service = ABTestService()

      test_config = ABTestCreate(
          name="配置测试",
          test_type="algorithm",
          start_at=datetime.utcnow() - timedelta(hours=1),
          end_at=datetime.utcnow() + timedelta(days=7),
          split_ratio={"A": 0.5, "B": 0.5},
          group_configs={
              "A": {"algorithm": "vector"},
              "B": {"algorithm": "hybrid"}
          },
          metrics=["ctr"]
      )

      test = await ab_test_service.create_test(db, test_agent.agent_id, test_config)

      # 获取分组配置
      config_a = await ab_test_service.get_group_config(db, test.test_id, "A")
      config_b = await ab_test_service.get_group_config(db, test.test_id, "B")

      assert config_a == {"algorithm": "vector"}
      assert config_b == {"algorithm": "hybrid"}
E       fixture 'db' not found
>       available fixtures: _class_scoped_runner, _function_scoped_runner, _module_scoped_runner, _package_scoped_runner, _session_scoped_runner, anyio_backend, anyio_backend_name, anyio_backend_options, auth_headers, cache, capfd, capfdbinary, caplog, capsys, capsysbinary, capteesys, client, cov, db_engine, db_session, doctest_namespace, event_loop, event_loop_policy, free_tcp_port, free_tcp_port_factory, free_udp_port, free_udp_port_factory, monkeypatch, no_cover, pytestconfig, record_property, record_testsuite_property, record_xml_attribute, recwarn, subtests, test_agent, test_agent2, test_memory, test_search_log, tmp_path, tmp_path_factory, tmpdir, tmpdir_factory, unused_tcp_port, unused_tcp_port_factory, unused_udp_port, unused_udp_port_factory
>       use 'pytest --fixtures [testpath]' for help on them.

/Users/sss/.openclaw/workspace/memory-market/tests/test_search_analytics.py:313
________________ ERROR at setup of test_ab_test_collect_results ________________
file /Users/sss/.openclaw/workspace/memory-market/tests/test_search_analytics.py, line 343
  @pytest.mark.asyncio
  async def test_ab_test_collect_results(db: AsyncSession, test_agent: Agent):
      """测试A/B测试结果收集"""
      from app.models.schemas import ABTestCreate

      ab_test_service = ABTestService()

      # 创建测试
      test_config = ABTestCreate(
          name="结果收集测试",
          test_type="algorithm",
          start_at=datetime.utcnow() - timedelta(hours=1),
          end_at=datetime.utcnow() + timedelta(days=7),
          split_ratio={"A": 0.5, "B": 0.5},
          group_configs={
              "A": {"algorithm": "vector"},
              "B": {"algorithm": "hybrid"}
          },
          metrics=["ctr"]
      )

      test = await ab_test_service.create_test(db, test_agent.agent_id, test_config)
      test.status = "running"
      await db.commit()

      # 创建测试搜索日志
      now = datetime.utcnow()

      # A组搜索
      for i in range(10):
          log = SearchLog(
              agent_id=test_agent.agent_id,
              query=f"测试{i}",
              search_type="vector",
              result_count=10,
              response_time_ms=150,
              ab_test_id=test.test_id,
              ab_test_group="A",
              created_at=now - timedelta(hours=i)
          )
          db.add(log)

      # B组搜索
      for i in range(10):
          log = SearchLog(
              agent_id=test_agent.agent_id,
              query=f"测试{i}",
              search_type="hybrid",
              result_count=12,
              response_time_ms=160,
              ab_test_id=test.test_id,
              ab_test_group="B",
              created_at=now - timedelta(hours=i + 10)
          )
          db.add(log)

      await db.commit()

      # 收集结果
      group_stats = await ab_test_service.collect_results(db, test.test_id)

      assert "A" in group_stats
      assert "B" in group_stats
      assert group_stats["A"]["searches"] >= 10
      assert group_stats["B"]["searches"] >= 10
E       fixture 'db' not found
>       available fixtures: _class_scoped_runner, _function_scoped_runner, _module_scoped_runner, _package_scoped_runner, _session_scoped_runner, anyio_backend, anyio_backend_name, anyio_backend_options, auth_headers, cache, capfd, capfdbinary, caplog, capsys, capsysbinary, capteesys, client, cov, db_engine, db_session, doctest_namespace, event_loop, event_loop_policy, free_tcp_port, free_tcp_port_factory, free_udp_port, free_udp_port_factory, monkeypatch, no_cover, pytestconfig, record_property, record_testsuite_property, record_xml_attribute, recwarn, subtests, test_agent, test_agent2, test_memory, test_search_log, tmp_path, tmp_path_factory, tmpdir, tmpdir_factory, unused_tcp_port, unused_tcp_port_factory, unused_udp_port, unused_udp_port_factory
>       use 'pytest --fixtures [testpath]' for help on them.

/Users/sss/.openclaw/workspace/memory-market/tests/test_search_analytics.py:343
______ ERROR at setup of TestProfileExtraction.test_rule_based_extraction ______
file /Users/sss/.openclaw/workspace/memory-market/tests/test_user_profiles.py, line 20
      @pytest.mark.asyncio
      async def test_rule_based_extraction(self, db: AsyncSession, test_agent: Agent):
          """测试基于规则的提取"""
          service = get_extraction_service()

          conversation = """
          User: 我是用 Python 的，平时用 VSCode 编辑器
          Assistant: 好的，Python 和 VSCode
          User: 对，我喜欢暗色主题
          """

          result = await service._rule_based_extract(conversation)

          assert len(result) > 0
          assert any(f['field'] == 'language' for f in result)
          assert any(f['field'] == 'editor' for f in result)
          assert any(f['field'] == 'theme' for f in result)
E       fixture 'db' not found
>       available fixtures: _class_scoped_runner, _function_scoped_runner, _module_scoped_runner, _package_scoped_runner, _session_scoped_runner, anyio_backend, anyio_backend_name, anyio_backend_options, auth_headers, cache, capfd, capfdbinary, caplog, capsys, capsysbinary, capteesys, client, cov, db_engine, db_session, doctest_namespace, event_loop, event_loop_policy, free_tcp_port, free_tcp_port_factory, free_udp_port, free_udp_port_factory, monkeypatch, no_cover, pytestconfig, record_property, record_testsuite_property, record_xml_attribute, recwarn, subtests, test_agent, test_agent2, test_memory, tmp_path, tmp_path_factory, tmpdir, tmpdir_factory, unused_tcp_port, unused_tcp_port_factory, unused_udp_port, unused_udp_port_factory
>       use 'pytest --fixtures [testpath]' for help on them.

/Users/sss/.openclaw/workspace/memory-market/tests/test_user_profiles.py:20
____ ERROR at setup of TestProfileExtraction.test_extract_from_conversation ____
file /Users/sss/.openclaw/workspace/memory-market/tests/test_user_profiles.py, line 38
      @pytest.mark.asyncio
      async def test_extract_from_conversation(self, db: AsyncSession, test_agent: Agent):
          """测试从对话中提取画像"""
          service = get_extraction_service()

          conversation = """
          User: 我是用 Python 的工程师，平时用 VSCode 编辑器，喜欢暗色主题
          Assistant: 了解，Python 和 VSCode
          """

          result = await service.extract_from_conversation(
              db,
              test_agent.agent_id,
              conversation,
              conversation_id="test_conv_001"
          )

          assert 'facts' in result
          assert 'extraction_time' in result
          assert result['total_extracted'] >= 0
E       fixture 'db' not found
>       available fixtures: _class_scoped_runner, _function_scoped_runner, _module_scoped_runner, _package_scoped_runner, _session_scoped_runner, anyio_backend, anyio_backend_name, anyio_backend_options, auth_headers, cache, capfd, capfdbinary, caplog, capsys, capsysbinary, capteesys, client, cov, db_engine, db_session, doctest_namespace, event_loop, event_loop_policy, free_tcp_port, free_tcp_port_factory, free_udp_port, free_udp_port_factory, monkeypatch, no_cover, pytestconfig, record_property, record_testsuite_property, record_xml_attribute, recwarn, subtests, test_agent, test_agent2, test_memory, tmp_path, tmp_path_factory, tmpdir, tmpdir_factory, unused_tcp_port, unused_tcp_port_factory, unused_udp_port, unused_udp_port_factory
>       use 'pytest --fixtures [testpath]' for help on them.

/Users/sss/.openclaw/workspace/memory-market/tests/test_user_profiles.py:38
_________ ERROR at setup of TestUserProfileService.test_create_profile _________
file /Users/sss/.openclaw/workspace/memory-market/tests/test_user_profiles.py, line 63
      @pytest.mark.asyncio
      async def test_create_profile(self, db: AsyncSession, test_agent: Agent):
          """测试创建画像"""
          service = get_profile_service()

          profile_data = {
              'real_name': 'Test User',
              'job_title': 'Software Engineer',
              'language': 'en',
              'editor': 'VSCode',
              'theme': 'dark'
          }

          profile = await service.create_or_update_profile(
              db,
              test_agent.agent_id,
              profile_data,
              source='manual'
          )

          assert profile['agent_id'] == test_agent.agent_id
          assert profile['real_name'] == 'Test User'
          assert profile['language'] == 'en'
          assert profile['editor'] == 'VSCode'
E       fixture 'db' not found
>       available fixtures: _class_scoped_runner, _function_scoped_runner, _module_scoped_runner, _package_scoped_runner, _session_scoped_runner, anyio_backend, anyio_backend_name, anyio_backend_options, auth_headers, cache, capfd, capfdbinary, caplog, capsys, capsysbinary, capteesys, client, cov, db_engine, db_session, doctest_namespace, event_loop, event_loop_policy, free_tcp_port, free_tcp_port_factory, free_udp_port, free_udp_port_factory, monkeypatch, no_cover, pytestconfig, record_property, record_testsuite_property, record_xml_attribute, recwarn, subtests, test_agent, test_agent2, test_memory, tmp_path, tmp_path_factory, tmpdir, tmpdir_factory, unused_tcp_port, unused_tcp_port_factory, unused_udp_port, unused_udp_port_factory
>       use 'pytest --fixtures [testpath]' for help on them.

/Users/sss/.openclaw/workspace/memory-market/tests/test_user_profiles.py:63
__________ ERROR at setup of TestUserProfileService.test_get_profile ___________
file /Users/sss/.openclaw/workspace/memory-market/tests/test_user_profiles.py, line 88
      @pytest.mark.asyncio
      async def test_get_profile(self, db: AsyncSession, test_agent: Agent):
          """测试获取画像"""
          service = get_profile_service()

          # 先创建画像
          profile_data = {'language': 'zh', 'theme': 'light'}
          await service.create_or_update_profile(
              db, test_agent.agent_id, profile_data
          )

          # 获取画像
          profile = await service.get_profile(db, test_agent.agent_id)

          assert profile is not None
          assert profile['language'] == 'zh'
          assert profile['theme'] == 'light'
E       fixture 'db' not found
>       available fixtures: _class_scoped_runner, _function_scoped_runner, _module_scoped_runner, _package_scoped_runner, _session_scoped_runner, anyio_backend, anyio_backend_name, anyio_backend_options, auth_headers, cache, capfd, capfdbinary, caplog, capsys, capsysbinary, capteesys, client, cov, db_engine, db_session, doctest_namespace, event_loop, event_loop_policy, free_tcp_port, free_tcp_port_factory, free_udp_port, free_udp_port_factory, monkeypatch, no_cover, pytestconfig, record_property, record_testsuite_property, record_xml_attribute, recwarn, subtests, test_agent, test_agent2, test_memory, tmp_path, tmp_path_factory, tmpdir, tmpdir_factory, unused_tcp_port, unused_tcp_port_factory, unused_udp_port, unused_udp_port_factory
>       use 'pytest --fixtures [testpath]' for help on them.

/Users/sss/.openclaw/workspace/memory-market/tests/test_user_profiles.py:88
____________ ERROR at setup of TestUserProfileService.test_add_fact ____________
file /Users/sss/.openclaw/workspace/memory-market/tests/test_user_profiles.py, line 106
      @pytest.mark.asyncio
      async def test_add_fact(self, db: AsyncSession, test_agent: Agent):
          """测试添加事实"""
          service = get_profile_service()

          # 先创建画像
          await service.create_or_update_profile(
              db, test_agent.agent_id, {}
          )

          # 添加事实
          fact = await service.add_fact(
              db,
              test_agent.agent_id,
              fact_type='preference',
              fact_key='editor',
              fact_value='Vim',
              confidence=0.9,
              source='manual'
          )

          assert fact['fact_key'] == 'editor'
          assert fact['fact_value'] == 'Vim'
          assert fact['confidence'] == 0.9
E       fixture 'db' not found
>       available fixtures: _class_scoped_runner, _function_scoped_runner, _module_scoped_runner, _package_scoped_runner, _session_scoped_runner, anyio_backend, anyio_backend_name, anyio_backend_options, auth_headers, cache, capfd, capfdbinary, caplog, capsys, capsysbinary, capteesys, client, cov, db_engine, db_session, doctest_namespace, event_loop, event_loop_policy, free_tcp_port, free_tcp_port_factory, free_udp_port, free_udp_port_factory, monkeypatch, no_cover, pytestconfig, record_property, record_testsuite_property, record_xml_attribute, recwarn, subtests, test_agent, test_agent2, test_memory, tmp_path, tmp_path_factory, tmpdir, tmpdir_factory, unused_tcp_port, unused_tcp_port_factory, unused_udp_port, unused_udp_port_factory
>       use 'pytest --fixtures [testpath]' for help on them.

/Users/sss/.openclaw/workspace/memory-market/tests/test_user_profiles.py:106
___________ ERROR at setup of TestUserProfileService.test_get_facts ____________
file /Users/sss/.openclaw/workspace/memory-market/tests/test_user_profiles.py, line 131
      @pytest.mark.asyncio
      async def test_get_facts(self, db: AsyncSession, test_agent: Agent):
          """测试获取事实列表"""
          service = get_profile_service()

          # 创建画像和添加事实
          await service.create_or_update_profile(db, test_agent.agent_id, {})
          await service.add_fact(db, test_agent.agent_id, 'preference', 'editor', 'Vim')
          await service.add_fact(db, test_agent.agent_id, 'preference', 'theme', 'dark')

          # 获取事实
          facts = await service.get_facts(db, test_agent.agent_id)

          assert len(facts) >= 2
          assert any(f['fact_key'] == 'editor' for f in facts)
          assert any(f['fact_key'] == 'theme' for f in facts)
E       fixture 'db' not found
>       available fixtures: _class_scoped_runner, _function_scoped_runner, _module_scoped_runner, _package_scoped_runner, _session_scoped_runner, anyio_backend, anyio_backend_name, anyio_backend_options, auth_headers, cache, capfd, capfdbinary, caplog, capsys, capsysbinary, capteesys, client, cov, db_engine, db_session, doctest_namespace, event_loop, event_loop_policy, free_tcp_port, free_tcp_port_factory, free_udp_port, free_udp_port_factory, monkeypatch, no_cover, pytestconfig, record_property, record_testsuite_property, record_xml_attribute, recwarn, subtests, test_agent, test_agent2, test_memory, tmp_path, tmp_path_factory, tmpdir, tmpdir_factory, unused_tcp_port, unused_tcp_port_factory, unused_udp_port, unused_udp_port_factory
>       use 'pytest --fixtures [testpath]' for help on them.

/Users/sss/.openclaw/workspace/memory-market/tests/test_user_profiles.py:131
__________ ERROR at setup of TestUserProfileService.test_delete_fact ___________
file /Users/sss/.openclaw/workspace/memory-market/tests/test_user_profiles.py, line 148
      @pytest.mark.asyncio
      async def test_delete_fact(self, db: AsyncSession, test_agent: Agent):
          """测试删除事实"""
          service = get_profile_service()

          # 创建画像和添加事实
          await service.create_or_update_profile(db, test_agent.agent_id, {})
          fact = await service.add_fact(db, test_agent.agent_id, 'preference', 'editor', 'Vim')

          # 删除事实
          success = await service.delete_fact(
              db,
              test_agent.agent_id,
              fact['fact_id']
          )

          assert success is True
E       fixture 'db' not found
>       available fixtures: _class_scoped_runner, _function_scoped_runner, _module_scoped_runner, _package_scoped_runner, _session_scoped_runner, anyio_backend, anyio_backend_name, anyio_backend_options, auth_headers, cache, capfd, capfdbinary, caplog, capsys, capsysbinary, capteesys, client, cov, db_engine, db_session, doctest_namespace, event_loop, event_loop_policy, free_tcp_port, free_tcp_port_factory, free_udp_port, free_udp_port_factory, monkeypatch, no_cover, pytestconfig, record_property, record_testsuite_property, record_xml_attribute, recwarn, subtests, test_agent, test_agent2, test_memory, tmp_path, tmp_path_factory, tmpdir, tmpdir_factory, unused_tcp_port, unused_tcp_port_factory, unused_udp_port, unused_udp_port_factory
>       use 'pytest --fixtures [testpath]' for help on them.

/Users/sss/.openclaw/workspace/memory-market/tests/test_user_profiles.py:148
__________ ERROR at setup of TestUserProfileService.test_get_changes ___________
file /Users/sss/.openclaw/workspace/memory-market/tests/test_user_profiles.py, line 166
      @pytest.mark.asyncio
      async def test_get_changes(self, db: AsyncSession, test_agent: Agent):
          """测试获取变更历史"""
          service = get_profile_service()

          # 创建画像（会产生变更记录）
          await service.create_or_update_profile(
              db,
              test_agent.agent_id,
              {'language': 'zh'}
          )

          # 获取变更历史
          changes = await service.get_changes(db, test_agent.agent_id)

          assert len(changes) >= 1
          assert changes[0]['change_type'] == 'created'
E       fixture 'db' not found
>       available fixtures: _class_scoped_runner, _function_scoped_runner, _module_scoped_runner, _package_scoped_runner, _session_scoped_runner, anyio_backend, anyio_backend_name, anyio_backend_options, auth_headers, cache, capfd, capfdbinary, caplog, capsys, capsysbinary, capteesys, client, cov, db_engine, db_session, doctest_namespace, event_loop, event_loop_policy, free_tcp_port, free_tcp_port_factory, free_udp_port, free_udp_port_factory, monkeypatch, no_cover, pytestconfig, record_property, record_testsuite_property, record_xml_attribute, recwarn, subtests, test_agent, test_agent2, test_memory, tmp_path, tmp_path_factory, tmpdir, tmpdir_factory, unused_tcp_port, unused_tcp_port_factory, unused_udp_port, unused_udp_port_factory
>       use 'pytest --fixtures [testpath]' for help on them.

/Users/sss/.openclaw/workspace/memory-market/tests/test_user_profiles.py:166
________ ERROR at setup of TestUserProfileService.test_dynamic_context _________
file /Users/sss/.openclaw/workspace/memory-market/tests/test_user_profiles.py, line 184
      @pytest.mark.asyncio
      async def test_dynamic_context(self, db: AsyncSession, test_agent: Agent):
          """测试动态上下文"""
          service = get_profile_service()

          # 更新动态上下文
          context_data = {
              'current_task': 'Debug API issue',
              'work_state': 'busy',
              'search_count_today': 5
          }

          context = await service.update_dynamic_context(
              db,
              test_agent.agent_id,
              context_data
          )

          assert context['current_task'] == 'Debug API issue'
          assert context['work_state'] == 'busy'
          assert context['search_count_today'] == 5
E       fixture 'db' not found
>       available fixtures: _class_scoped_runner, _function_scoped_runner, _module_scoped_runner, _package_scoped_runner, _session_scoped_runner, anyio_backend, anyio_backend_name, anyio_backend_options, auth_headers, cache, capfd, capfdbinary, caplog, capsys, capsysbinary, capteesys, client, cov, db_engine, db_session, doctest_namespace, event_loop, event_loop_policy, free_tcp_port, free_tcp_port_factory, free_udp_port, free_udp_port_factory, monkeypatch, no_cover, pytestconfig, record_property, record_testsuite_property, record_xml_attribute, recwarn, subtests, test_agent, test_agent2, test_memory, tmp_path, tmp_path_factory, tmpdir, tmpdir_factory, unused_tcp_port, unused_tcp_port_factory, unused_udp_port, unused_udp_port_factory
>       use 'pytest --fixtures [testpath]' for help on them.

/Users/sss/.openclaw/workspace/memory-market/tests/test_user_profiles.py:184
______ ERROR at setup of TestUserProfileService.test_profile_completeness ______
file /Users/sss/.openclaw/workspace/memory-market/tests/test_user_profiles.py, line 206
      @pytest.mark.asyncio
      async def test_profile_completeness(self, db: AsyncSession, test_agent: Agent):
          """测试画像完整度计算"""
          service = get_profile_service()

          # 创建部分画像
          profile_data = {
              'language': 'zh',
              'theme': 'dark',
              'editor': 'VSCode'
          }
          await service.create_or_update_profile(
              db, test_agent.agent_id, profile_data
          )

          # 添加更多事实
          await service.add_fact(db, test_agent.agent_id, 'personal', 'job_title', 'Engineer')
          await service.add_fact(db, test_agent.agent_id, 'skill', 'skills', [{'name': 'Python'}])

          # 获取画像
          profile = await service.get_profile(db, test_agent.agent_id)

          assert 'completeness_score' in profile
          assert profile['completeness_score'] > 0
E       fixture 'db' not found
>       available fixtures: _class_scoped_runner, _function_scoped_runner, _module_scoped_runner, _package_scoped_runner, _session_scoped_runner, anyio_backend, anyio_backend_name, anyio_backend_options, auth_headers, cache, capfd, capfdbinary, caplog, capsys, capsysbinary, capteesys, client, cov, db_engine, db_session, doctest_namespace, event_loop, event_loop_policy, free_tcp_port, free_tcp_port_factory, free_udp_port, free_udp_port_factory, monkeypatch, no_cover, pytestconfig, record_property, record_testsuite_property, record_xml_attribute, recwarn, subtests, test_agent, test_agent2, test_memory, tmp_path, tmp_path_factory, tmpdir, tmpdir_factory, unused_tcp_port, unused_tcp_port_factory, unused_udp_port, unused_udp_port_factory
>       use 'pytest --fixtures [testpath]' for help on them.

/Users/sss/.openclaw/workspace/memory-market/tests/test_user_profiles.py:206
_____________ ERROR at setup of TestProfileAPI.test_get_my_profile _____________
file /Users/sss/.openclaw/workspace/memory-market/tests/test_user_profiles.py, line 235
      @pytest.mark.asyncio
      async def test_get_my_profile(self, client, auth_headers, db: AsyncSession):
          """测试获取我的画像 API"""
          # 先创建画像
          service = get_profile_service()
          test_agent_id = "test_agent_api"
          await service.create_or_update_profile(
              db, test_agent_id, {'language': 'zh'}
          )

          # 调用 API（需要认证）
          # response = await client.get(
          #     "/user-profiles/me",
          #     headers=auth_headers
          # )
          # assert response.status_code == 200
          # data = response.json()
          # assert data['agent_id'] == test_agent_id
          # assert data['language'] == 'zh'
          pass  # 实际测试需要认证设置
E       fixture 'db' not found
>       available fixtures: _class_scoped_runner, _function_scoped_runner, _module_scoped_runner, _package_scoped_runner, _session_scoped_runner, anyio_backend, anyio_backend_name, anyio_backend_options, auth_headers, cache, capfd, capfdbinary, caplog, capsys, capsysbinary, capteesys, client, cov, db_engine, db_session, doctest_namespace, event_loop, event_loop_policy, free_tcp_port, free_tcp_port_factory, free_udp_port, free_udp_port_factory, monkeypatch, no_cover, pytestconfig, record_property, record_testsuite_property, record_xml_attribute, recwarn, subtests, test_agent, test_agent2, test_memory, tmp_path, tmp_path_factory, tmpdir, tmpdir_factory, unused_tcp_port, unused_tcp_port_factory, unused_udp_port, unused_udp_port_factory
>       use 'pytest --fixtures [testpath]' for help on them.

/Users/sss/.openclaw/workspace/memory-market/tests/test_user_profiles.py:235
___________ ERROR at setup of TestProfileAPI.test_update_my_profile ____________
file /Users/sss/.openclaw/workspace/memory-market/tests/test_user_profiles.py, line 256
      @pytest.mark.asyncio
      async def test_update_my_profile(self, client, auth_headers, db: AsyncSession):
          """测试更新我的画像 API"""
          # response = await client.put(
          #     "/user-profiles/me",
          #     json={'language': 'en', 'theme': 'light'},
          #     headers=auth_headers
          # )
          # assert response.status_code == 200
          # data = response.json()
          # assert data['language'] == 'en'
          # assert data['theme'] == 'light'
          pass  # 实际测试需要认证设置
E       fixture 'db' not found
>       available fixtures: _class_scoped_runner, _function_scoped_runner, _module_scoped_runner, _package_scoped_runner, _session_scoped_runner, anyio_backend, anyio_backend_name, anyio_backend_options, auth_headers, cache, capfd, capfdbinary, caplog, capsys, capsysbinary, capteesys, client, cov, db_engine, db_session, doctest_namespace, event_loop, event_loop_policy, free_tcp_port, free_tcp_port_factory, free_udp_port, free_udp_port_factory, monkeypatch, no_cover, pytestconfig, record_property, record_testsuite_property, record_xml_attribute, recwarn, subtests, test_agent, test_agent2, test_memory, tmp_path, tmp_path_factory, tmpdir, tmpdir_factory, unused_tcp_port, unused_tcp_port_factory, unused_udp_port, unused_udp_port_factory
>       use 'pytest --fixtures [testpath]' for help on them.

/Users/sss/.openclaw/workspace/memory-market/tests/test_user_profiles.py:256
______________ ERROR at setup of TestProfileAPI.test_add_fact_api ______________
file /Users/sss/.openclaw/workspace/memory-market/tests/test_user_profiles.py, line 270
      @pytest.mark.asyncio
      async def test_add_fact_api(self, client, auth_headers, db: AsyncSession):
          """测试添加事实 API"""
          # response = await client.post(
          #     "/user-profiles/me/facts",
          #     json={
          #         'fact_type': 'preference',
          #         'fact_key': 'editor',
          #         'fact_value': 'Vim'
          #     },
          #     headers=auth_headers
          # )
          # assert response.status_code == 200
          # data = response.json()
          # assert data['fact_key'] == 'editor'
          # assert data['fact_value'] == 'Vim'
          pass  # 实际测试需要认证设置
E       fixture 'db' not found
>       available fixtures: _class_scoped_runner, _function_scoped_runner, _module_scoped_runner, _package_scoped_runner, _session_scoped_runner, anyio_backend, anyio_backend_name, anyio_backend_options, auth_headers, cache, capfd, capfdbinary, caplog, capsys, capsysbinary, capteesys, client, cov, db_engine, db_session, doctest_namespace, event_loop, event_loop_policy, free_tcp_port, free_tcp_port_factory, free_udp_port, free_udp_port_factory, monkeypatch, no_cover, pytestconfig, record_property, record_testsuite_property, record_xml_attribute, recwarn, subtests, test_agent, test_agent2, test_memory, tmp_path, tmp_path_factory, tmpdir, tmpdir_factory, unused_tcp_port, unused_tcp_port_factory, unused_udp_port, unused_udp_port_factory
>       use 'pytest --fixtures [testpath]' for help on them.

/Users/sss/.openclaw/workspace/memory-market/tests/test_user_profiles.py:270
_______ ERROR at setup of TestSearchIntegration.test_personalized_search _______
file /Users/sss/.openclaw/workspace/memory-market/tests/test_user_profiles.py, line 309
      @pytest.mark.asyncio
      async def test_personalized_search(self, db: AsyncSession, test_agent: Agent):
          """测试个性化搜索"""
          # 这个测试需要实际的搜索引擎和记忆数据
          # 这里只是测试接口是否可用
          from app.search.hybrid_search import get_hybrid_engine

          engine = get_hybrid_engine()
          assert engine is not None

          # 测试个性化搜索方法是否存在
          assert hasattr(engine, 'personalized_search')
E       fixture 'db' not found
>       available fixtures: _class_scoped_runner, _function_scoped_runner, _module_scoped_runner, _package_scoped_runner, _session_scoped_runner, anyio_backend, anyio_backend_name, anyio_backend_options, auth_headers, cache, capfd, capfdbinary, caplog, capsys, capsysbinary, capteesys, client, cov, db_engine, db_session, doctest_namespace, event_loop, event_loop_policy, free_tcp_port, free_tcp_port_factory, free_udp_port, free_udp_port_factory, monkeypatch, no_cover, pytestconfig, record_property, record_testsuite_property, record_xml_attribute, recwarn, subtests, test_agent, test_agent2, test_memory, tmp_path, tmp_path_factory, tmpdir, tmpdir_factory, unused_tcp_port, unused_tcp_port_factory, unused_udp_port, unused_udp_port_factory
>       use 'pytest --fixtures [testpath]' for help on them.

/Users/sss/.openclaw/workspace/memory-market/tests/test_user_profiles.py:309
=================================== FAILURES ===================================
_____________________________ test_register_agent ______________________________
tests/test_api.py:25: in test_register_agent
    data = response.json()["data"]
           ^^^^^^^^^^^^^^^^^^^^^^^
E   KeyError: 'data'
_______________________________ test_get_my_info _______________________________
tests/test_api.py:42: in test_get_my_info
    data = response.json()["data"]
           ^^^^^^^^^^^^^^^^^^^^^^^
E   KeyError: 'data'
________________________ test_get_my_info_unauthorized _________________________
tests/test_api.py:52: in test_get_my_info_unauthorized
    assert response.status_code == 401
E   assert 422 == 401
E    +  where 422 = <Response [422 Unprocessable Entity]>.status_code
______________________________ test_upload_memory ______________________________
tests/test_api.py:72: in test_upload_memory
    assert response.status_code == 200
E   assert 422 == 200
E    +  where 422 = <Response [422 Unprocessable Entity]>.status_code
_______________________ test_upload_memory_unauthorized ________________________
tests/test_api.py:94: in test_upload_memory_unauthorized
    assert response.status_code == 401
E   assert 422 == 401
E    +  where 422 = <Response [422 Unprocessable Entity]>.status_code
____________________________ test_get_memory_detail ____________________________
tests/test_api.py:133: in test_get_memory_detail
    assert response.status_code == 200
E   assert 422 == 200
E    +  where 422 = <Response [422 Unprocessable Entity]>.status_code
_______________________ test_get_memory_detail_not_found _______________________
tests/test_api.py:146: in test_get_memory_detail_not_found
    assert response.status_code == 404
E   assert 422 == 404
E    +  where 422 = <Response [422 Unprocessable Entity]>.status_code
______________________ test_purchase_memory_unauthorized _______________________
tests/test_api.py:189: in test_purchase_memory_unauthorized
    assert response.status_code == 401
E   assert 422 == 401
E    +  where 422 = <Response [422 Unprocessable Entity]>.status_code
_______________________________ test_rate_memory _______________________________
tests/test_api.py:225: in test_rate_memory
    assert response.status_code == 200
E   assert 422 == 200
E    +  where 422 = <Response [422 Unprocessable Entity]>.status_code
______________________ test_rate_memory_without_purchase _______________________
tests/test_api.py:246: in test_rate_memory_without_purchase
    assert response.status_code == 400
E   assert 422 == 400
E    +  where 422 = <Response [422 Unprocessable Entity]>.status_code
______________________________ test_update_memory ______________________________
tests/test_api.py:306: in test_update_memory
    data = response.json()["data"]
           ^^^^^^^^^^^^^^^^^^^^^^^
E   KeyError: 'data'
___________________________ test_capture_experience ____________________________
tests/test_api.py:391: in test_capture_experience
    assert response.status_code == 200
E   assert 422 == 200
E    +  where 422 = <Response [422 Unprocessable Entity]>.status_code
________________________ test_batch_capture_experience _________________________
tests/test_api.py:421: in test_batch_capture_experience
    assert response.status_code == 200
E   assert 422 == 200
E    +  where 422 = <Response [422 Unprocessable Entity]>.status_code
_____________________________ test_semantic_search _____________________________
tests/test_api.py:449: in test_semantic_search
    assert response.status_code == 200
E   assert 500 == 200
E    +  where 500 = <Response [500 Internal Server Error]>.status_code
______________________________ test_hybrid_search ______________________________
tests/test_api.py:465: in test_hybrid_search
    assert response.status_code == 200
E   assert 500 == 200
E    +  where 500 = <Response [500 Internal Server Error]>.status_code
___________________________ test_get_memory_versions ___________________________
tests/test_api.py:481: in test_get_memory_versions
    assert data["total"] >= 1
E   assert 0 >= 1
_________________________ test_check_expired_memories __________________________
/opt/homebrew/lib/python3.14/site-packages/sqlalchemy/engine/base.py:2125: in _exec_insertmany_context
    dialect.do_execute(
/opt/homebrew/lib/python3.14/site-packages/sqlalchemy/engine/default.py:952: in do_execute
    cursor.execute(statement, parameters)
/opt/homebrew/lib/python3.14/site-packages/sqlalchemy/dialects/sqlite/aiosqlite.py:182: in execute
    self._adapt_connection._handle_exception(error)
/opt/homebrew/lib/python3.14/site-packages/sqlalchemy/dialects/sqlite/aiosqlite.py:342: in _handle_exception
    raise error
/opt/homebrew/lib/python3.14/site-packages/sqlalchemy/dialects/sqlite/aiosqlite.py:164: in execute
    self.await_(_cursor.execute(operation, parameters))
/opt/homebrew/lib/python3.14/site-packages/sqlalchemy/util/_concurrency_py3k.py:132: in await_only
    return current.parent.switch(awaitable)  # type: ignore[no-any-return,attr-defined] # noqa: E501
           ^^^^^^^^^^^^^^^^^^^^^^^^^^^^^^^^
/opt/homebrew/lib/python3.14/site-packages/sqlalchemy/util/_concurrency_py3k.py:196: in greenlet_spawn
    value = await result
            ^^^^^^^^^^^^
../../../Library/Python/3.14/lib/python/site-packages/aiosqlite/cursor.py:40: in execute
    await self._execute(self._cursor.execute, sql, parameters)
../../../Library/Python/3.14/lib/python/site-packages/aiosqlite/cursor.py:32: in _execute
    return await self._conn._execute(fn, *args, **kwargs)
           ^^^^^^^^^^^^^^^^^^^^^^^^^^^^^^^^^^^^^^^^^^^^^^
../../../Library/Python/3.14/lib/python/site-packages/aiosqlite/core.py:160: in _execute
    return await future
           ^^^^^^^^^^^^
../../../Library/Python/3.14/lib/python/site-packages/aiosqlite/core.py:63: in _connection_worker_thread
    result = function()
             ^^^^^^^^^^
E   sqlite3.OperationalError: table memories has no column named expiry_time

The above exception was the direct cause of the following exception:
tests/test_auto_forget.py:63: in test_check_expired_memories
    await db_session.commit()
/opt/homebrew/lib/python3.14/site-packages/sqlalchemy/ext/asyncio/session.py:1000: in commit
    await greenlet_spawn(self.sync_session.commit)
/opt/homebrew/lib/python3.14/site-packages/sqlalchemy/util/_concurrency_py3k.py:203: in greenlet_spawn
    result = context.switch(value)
             ^^^^^^^^^^^^^^^^^^^^^
/opt/homebrew/lib/python3.14/site-packages/sqlalchemy/orm/session.py:2030: in commit
    trans.commit(_to_root=True)
<string>:2: in commit
    ???
/opt/homebrew/lib/python3.14/site-packages/sqlalchemy/orm/state_changes.py:137: in _go
    ret_value = fn(self, *arg, **kw)
                ^^^^^^^^^^^^^^^^^^^^
/opt/homebrew/lib/python3.14/site-packages/sqlalchemy/orm/session.py:1311: in commit
    self._prepare_impl()
<string>:2: in _prepare_impl
    ???
/opt/homebrew/lib/python3.14/site-packages/sqlalchemy/orm/state_changes.py:137: in _go
    ret_value = fn(self, *arg, **kw)
                ^^^^^^^^^^^^^^^^^^^^
/opt/homebrew/lib/python3.14/site-packages/sqlalchemy/orm/session.py:1286: in _prepare_impl
    self.session.flush()
/opt/homebrew/lib/python3.14/site-packages/sqlalchemy/orm/session.py:4331: in flush
    self._flush(objects)
/opt/homebrew/lib/python3.14/site-packages/sqlalchemy/orm/session.py:4466: in _flush
    with util.safe_reraise():
         ^^^^^^^^^^^^^^^^^^^
/opt/homebrew/lib/python3.14/site-packages/sqlalchemy/util/langhelpers.py:121: in __exit__
    raise exc_value.with_traceback(exc_tb)
/opt/homebrew/lib/python3.14/site-packages/sqlalchemy/orm/session.py:4427: in _flush
    flush_context.execute()
/opt/homebrew/lib/python3.14/site-packages/sqlalchemy/orm/unitofwork.py:466: in execute
    rec.execute(self)
/opt/homebrew/lib/python3.14/site-packages/sqlalchemy/orm/unitofwork.py:642: in execute
    util.preloaded.orm_persistence.save_obj(
/opt/homebrew/lib/python3.14/site-packages/sqlalchemy/orm/persistence.py:93: in save_obj
    _emit_insert_statements(
/opt/homebrew/lib/python3.14/site-packages/sqlalchemy/orm/persistence.py:1143: in _emit_insert_statements
    result = connection.execute(
/opt/homebrew/lib/python3.14/site-packages/sqlalchemy/engine/base.py:1419: in execute
    return meth(
/opt/homebrew/lib/python3.14/site-packages/sqlalchemy/sql/elements.py:527: in _execute_on_connection
    return connection._execute_clauseelement(
/opt/homebrew/lib/python3.14/site-packages/sqlalchemy/engine/base.py:1641: in _execute_clauseelement
    ret = self._execute_context(
/opt/homebrew/lib/python3.14/site-packages/sqlalchemy/engine/base.py:1844: in _execute_context
    return self._exec_insertmany_context(dialect, context)
           ^^^^^^^^^^^^^^^^^^^^^^^^^^^^^^^^^^^^^^^^^^^^^^^
/opt/homebrew/lib/python3.14/site-packages/sqlalchemy/engine/base.py:2133: in _exec_insertmany_context
    self._handle_dbapi_exception(
/opt/homebrew/lib/python3.14/site-packages/sqlalchemy/engine/base.py:2363: in _handle_dbapi_exception
    raise sqlalchemy_exception.with_traceback(exc_info[2]) from e
/opt/homebrew/lib/python3.14/site-packages/sqlalchemy/engine/base.py:2125: in _exec_insertmany_context
    dialect.do_execute(
/opt/homebrew/lib/python3.14/site-packages/sqlalchemy/engine/default.py:952: in do_execute
    cursor.execute(statement, parameters)
/opt/homebrew/lib/python3.14/site-packages/sqlalchemy/dialects/sqlite/aiosqlite.py:182: in execute
    self._adapt_connection._handle_exception(error)
/opt/homebrew/lib/python3.14/site-packages/sqlalchemy/dialects/sqlite/aiosqlite.py:342: in _handle_exception
    raise error
/opt/homebrew/lib/python3.14/site-packages/sqlalchemy/dialects/sqlite/aiosqlite.py:164: in execute
    self.await_(_cursor.execute(operation, parameters))
/opt/homebrew/lib/python3.14/site-packages/sqlalchemy/util/_concurrency_py3k.py:132: in await_only
    return current.parent.switch(awaitable)  # type: ignore[no-any-return,attr-defined] # noqa: E501
           ^^^^^^^^^^^^^^^^^^^^^^^^^^^^^^^^
/opt/homebrew/lib/python3.14/site-packages/sqlalchemy/util/_concurrency_py3k.py:196: in greenlet_spawn
    value = await result
            ^^^^^^^^^^^^
../../../Library/Python/3.14/lib/python/site-packages/aiosqlite/cursor.py:40: in execute
    await self._execute(self._cursor.execute, sql, parameters)
../../../Library/Python/3.14/lib/python/site-packages/aiosqlite/cursor.py:32: in _execute
    return await self._conn._execute(fn, *args, **kwargs)
           ^^^^^^^^^^^^^^^^^^^^^^^^^^^^^^^^^^^^^^^^^^^^^^
../../../Library/Python/3.14/lib/python/site-packages/aiosqlite/core.py:160: in _execute
    return await future
           ^^^^^^^^^^^^
../../../Library/Python/3.14/lib/python/site-packages/aiosqlite/core.py:63: in _connection_worker_thread
    result = function()
             ^^^^^^^^^^
E   sqlalchemy.exc.OperationalError: (sqlite3.OperationalError) table memories has no column named expiry_time
E   [SQL: INSERT INTO memories (memory_id, seller_agent_id, team_id, team_access_level, created_by_agent_id, title, category, tags, summary, content, format_type, price, purchase_count, favorite_count, total_score, score_count, avg_score, verification_score, is_active, expires_at, expiry_time, ttl_days) VALUES (?, ?, ?, ?, ?, ?, ?, ?, ?, ?, ?, ?, ?, ?, ?, ?, ?, ?, ?, ?, ?, ?), (?, ?, ?, ?, ?, ?, ?, ?, ?, ?, ?, ?, ?, ?, ?, ?, ?, ?, ?, ?, ?, ?) RETURNING created_at, updated_at, memory_id]
E   [parameters: ('mem_c3065357f218', 'test_agent_1', None, 'private', None, 'Valid Memory', 'test', '["test"]', 'This is a valid memory', '{"text": "content"}', 'template', 100, 0, 0, 0, 0, 0.0, None, 1, None, '2026-04-22 18:58:24.053146', None, 'mem_a400f44ed716', 'test_agent_1', None, 'private', None, 'Expired Memory', 'test', '["test"]', 'This memory is expired', '{"text": "content"}', 'template', 100, 0, 0, 0, 0, 0.0, None, 1, None, '2026-03-22 18:58:24.053146', None)]
E   (Background on this error at: https://sqlalche.me/e/20/e3q8)
----------------------------- Captured stdout call -----------------------------
2026-03-23 18:58:24,054 INFO sqlalchemy.engine.Engine BEGIN (implicit)
2026-03-23 18:58:24,055 INFO sqlalchemy.engine.Engine INSERT INTO memories (memory_id, seller_agent_id, team_id, team_access_level, created_by_agent_id, title, category, tags, summary, content, format_type, price, purchase_count, favorite_count, total_score, score_count, avg_score, verification_score, is_active, expires_at, expiry_time, ttl_days) VALUES (?, ?, ?, ?, ?, ?, ?, ?, ?, ?, ?, ?, ?, ?, ?, ?, ?, ?, ?, ?, ?, ?), (?, ?, ?, ?, ?, ?, ?, ?, ?, ?, ?, ?, ?, ?, ?, ?, ?, ?, ?, ?, ?, ?) RETURNING created_at, updated_at, memory_id
2026-03-23 18:58:24,055 INFO sqlalchemy.engine.Engine [generated in 0.00013s (insertmanyvalues) 1/1 (ordered)] ('mem_c3065357f218', 'test_agent_1', None, 'private', None, 'Valid Memory', 'test', '["test"]', 'This is a valid memory', '{"text": "content"}', 'template', 100, 0, 0, 0, 0, 0.0, None, 1, None, '2026-04-22 18:58:24.053146', None, 'mem_a400f44ed716', 'test_agent_1', None, 'private', None, 'Expired Memory', 'test', '["test"]', 'This memory is expired', '{"text": "content"}', 'template', 100, 0, 0, 0, 0, 0.0, None, 1, None, '2026-03-22 18:58:24.053146', None)
2026-03-23 18:58:24,056 INFO sqlalchemy.engine.Engine ROLLBACK
------------------------------ Captured log call -------------------------------
INFO     sqlalchemy.engine.Engine:base.py:2710 BEGIN (implicit)
INFO     sqlalchemy.engine.Engine:base.py:1844 INSERT INTO memories (memory_id, seller_agent_id, team_id, team_access_level, created_by_agent_id, title, category, tags, summary, content, format_type, price, purchase_count, favorite_count, total_score, score_count, avg_score, verification_score, is_active, expires_at, expiry_time, ttl_days) VALUES (?, ?, ?, ?, ?, ?, ?, ?, ?, ?, ?, ?, ?, ?, ?, ?, ?, ?, ?, ?, ?, ?), (?, ?, ?, ?, ?, ?, ?, ?, ?, ?, ?, ?, ?, ?, ?, ?, ?, ?, ?, ?, ?, ?) RETURNING created_at, updated_at, memory_id
INFO     sqlalchemy.engine.Engine:base.py:1844 [generated in 0.00013s (insertmanyvalues) 1/1 (ordered)] ('mem_c3065357f218', 'test_agent_1', None, 'private', None, 'Valid Memory', 'test', '["test"]', 'This is a valid memory', '{"text": "content"}', 'template', 100, 0, 0, 0, 0, 0.0, None, 1, None, '2026-04-22 18:58:24.053146', None, 'mem_a400f44ed716', 'test_agent_1', None, 'private', None, 'Expired Memory', 'test', '["test"]', 'This memory is expired', '{"text": "content"}', 'template', 100, 0, 0, 0, 0, 0.0, None, 1, None, '2026-03-22 18:58:24.053146', None)
INFO     sqlalchemy.engine.Engine:base.py:2713 ROLLBACK
_____________________________ test_expire_memories _____________________________
/opt/homebrew/lib/python3.14/site-packages/sqlalchemy/engine/base.py:1967: in _exec_single_context
    self.dialect.do_execute(
/opt/homebrew/lib/python3.14/site-packages/sqlalchemy/engine/default.py:952: in do_execute
    cursor.execute(statement, parameters)
/opt/homebrew/lib/python3.14/site-packages/sqlalchemy/dialects/sqlite/aiosqlite.py:182: in execute
    self._adapt_connection._handle_exception(error)
/opt/homebrew/lib/python3.14/site-packages/sqlalchemy/dialects/sqlite/aiosqlite.py:342: in _handle_exception
    raise error
/opt/homebrew/lib/python3.14/site-packages/sqlalchemy/dialects/sqlite/aiosqlite.py:164: in execute
    self.await_(_cursor.execute(operation, parameters))
/opt/homebrew/lib/python3.14/site-packages/sqlalchemy/util/_concurrency_py3k.py:132: in await_only
    return current.parent.switch(awaitable)  # type: ignore[no-any-return,attr-defined] # noqa: E501
           ^^^^^^^^^^^^^^^^^^^^^^^^^^^^^^^^
/opt/homebrew/lib/python3.14/site-packages/sqlalchemy/util/_concurrency_py3k.py:196: in greenlet_spawn
    value = await result
            ^^^^^^^^^^^^
../../../Library/Python/3.14/lib/python/site-packages/aiosqlite/cursor.py:40: in execute
    await self._execute(self._cursor.execute, sql, parameters)
../../../Library/Python/3.14/lib/python/site-packages/aiosqlite/cursor.py:32: in _execute
    return await self._conn._execute(fn, *args, **kwargs)
           ^^^^^^^^^^^^^^^^^^^^^^^^^^^^^^^^^^^^^^^^^^^^^^
../../../Library/Python/3.14/lib/python/site-packages/aiosqlite/core.py:160: in _execute
    return await future
           ^^^^^^^^^^^^
../../../Library/Python/3.14/lib/python/site-packages/aiosqlite/core.py:63: in _connection_worker_thread
    result = function()
             ^^^^^^^^^^
E   sqlite3.OperationalError: table memories has no column named expiry_time

The above exception was the direct cause of the following exception:
tests/test_auto_forget.py:93: in test_expire_memories
    await db_session.commit()
/opt/homebrew/lib/python3.14/site-packages/sqlalchemy/ext/asyncio/session.py:1000: in commit
    await greenlet_spawn(self.sync_session.commit)
/opt/homebrew/lib/python3.14/site-packages/sqlalchemy/util/_concurrency_py3k.py:203: in greenlet_spawn
    result = context.switch(value)
             ^^^^^^^^^^^^^^^^^^^^^
/opt/homebrew/lib/python3.14/site-packages/sqlalchemy/orm/session.py:2030: in commit
    trans.commit(_to_root=True)
<string>:2: in commit
    ???
/opt/homebrew/lib/python3.14/site-packages/sqlalchemy/orm/state_changes.py:137: in _go
    ret_value = fn(self, *arg, **kw)
                ^^^^^^^^^^^^^^^^^^^^
/opt/homebrew/lib/python3.14/site-packages/sqlalchemy/orm/session.py:1311: in commit
    self._prepare_impl()
<string>:2: in _prepare_impl
    ???
/opt/homebrew/lib/python3.14/site-packages/sqlalchemy/orm/state_changes.py:137: in _go
    ret_value = fn(self, *arg, **kw)
                ^^^^^^^^^^^^^^^^^^^^
/opt/homebrew/lib/python3.14/site-packages/sqlalchemy/orm/session.py:1286: in _prepare_impl
    self.session.flush()
/opt/homebrew/lib/python3.14/site-packages/sqlalchemy/orm/session.py:4331: in flush
    self._flush(objects)
/opt/homebrew/lib/python3.14/site-packages/sqlalchemy/orm/session.py:4466: in _flush
    with util.safe_reraise():
         ^^^^^^^^^^^^^^^^^^^
/opt/homebrew/lib/python3.14/site-packages/sqlalchemy/util/langhelpers.py:121: in __exit__
    raise exc_value.with_traceback(exc_tb)
/opt/homebrew/lib/python3.14/site-packages/sqlalchemy/orm/session.py:4427: in _flush
    flush_context.execute()
/opt/homebrew/lib/python3.14/site-packages/sqlalchemy/orm/unitofwork.py:466: in execute
    rec.execute(self)
/opt/homebrew/lib/python3.14/site-packages/sqlalchemy/orm/unitofwork.py:642: in execute
    util.preloaded.orm_persistence.save_obj(
/opt/homebrew/lib/python3.14/site-packages/sqlalchemy/orm/persistence.py:93: in save_obj
    _emit_insert_statements(
/opt/homebrew/lib/python3.14/site-packages/sqlalchemy/orm/persistence.py:1233: in _emit_insert_statements
    result = connection.execute(
/opt/homebrew/lib/python3.14/site-packages/sqlalchemy/engine/base.py:1419: in execute
    return meth(
/opt/homebrew/lib/python3.14/site-packages/sqlalchemy/sql/elements.py:527: in _execute_on_connection
    return connection._execute_clauseelement(
/opt/homebrew/lib/python3.14/site-packages/sqlalchemy/engine/base.py:1641: in _execute_clauseelement
    ret = self._execute_context(
/opt/homebrew/lib/python3.14/site-packages/sqlalchemy/engine/base.py:1846: in _execute_context
    return self._exec_single_context(
/opt/homebrew/lib/python3.14/site-packages/sqlalchemy/engine/base.py:1986: in _exec_single_context
    self._handle_dbapi_exception(
/opt/homebrew/lib/python3.14/site-packages/sqlalchemy/engine/base.py:2363: in _handle_dbapi_exception
    raise sqlalchemy_exception.with_traceback(exc_info[2]) from e
/opt/homebrew/lib/python3.14/site-packages/sqlalchemy/engine/base.py:1967: in _exec_single_context
    self.dialect.do_execute(
/opt/homebrew/lib/python3.14/site-packages/sqlalchemy/engine/default.py:952: in do_execute
    cursor.execute(statement, parameters)
/opt/homebrew/lib/python3.14/site-packages/sqlalchemy/dialects/sqlite/aiosqlite.py:182: in execute
    self._adapt_connection._handle_exception(error)
/opt/homebrew/lib/python3.14/site-packages/sqlalchemy/dialects/sqlite/aiosqlite.py:342: in _handle_exception
    raise error
/opt/homebrew/lib/python3.14/site-packages/sqlalchemy/dialects/sqlite/aiosqlite.py:164: in execute
    self.await_(_cursor.execute(operation, parameters))
/opt/homebrew/lib/python3.14/site-packages/sqlalchemy/util/_concurrency_py3k.py:132: in await_only
    return current.parent.switch(awaitable)  # type: ignore[no-any-return,attr-defined] # noqa: E501
           ^^^^^^^^^^^^^^^^^^^^^^^^^^^^^^^^
/opt/homebrew/lib/python3.14/site-packages/sqlalchemy/util/_concurrency_py3k.py:196: in greenlet_spawn
    value = await result
            ^^^^^^^^^^^^
../../../Library/Python/3.14/lib/python/site-packages/aiosqlite/cursor.py:40: in execute
    await self._execute(self._cursor.execute, sql, parameters)
../../../Library/Python/3.14/lib/python/site-packages/aiosqlite/cursor.py:32: in _execute
    return await self._conn._execute(fn, *args, **kwargs)
           ^^^^^^^^^^^^^^^^^^^^^^^^^^^^^^^^^^^^^^^^^^^^^^
../../../Library/Python/3.14/lib/python/site-packages/aiosqlite/core.py:160: in _execute
    return await future
           ^^^^^^^^^^^^
../../../Library/Python/3.14/lib/python/site-packages/aiosqlite/core.py:63: in _connection_worker_thread
    result = function()
             ^^^^^^^^^^
E   sqlalchemy.exc.OperationalError: (sqlite3.OperationalError) table memories has no column named expiry_time
E   [SQL: INSERT INTO memories (memory_id, seller_agent_id, team_id, team_access_level, created_by_agent_id, title, category, tags, summary, content, format_type, price, purchase_count, favorite_count, total_score, score_count, avg_score, verification_score, is_active, expires_at, expiry_time, ttl_days) VALUES (?, ?, ?, ?, ?, ?, ?, ?, ?, ?, ?, ?, ?, ?, ?, ?, ?, ?, ?, ?, ?, ?) RETURNING created_at, updated_at]
E   [parameters: ('mem_0912ab90a6b2', 'test_agent_2', None, 'private', None, 'Memory to Expire', 'test', '["test"]', 'This memory will be expired', '{"text": "content"}', 'template', 100, 0, 0, 0, 0, 0.0, None, 1, None, '2026-03-22 18:58:24.233987', None)]
E   (Background on this error at: https://sqlalche.me/e/20/e3q8)
----------------------------- Captured stdout call -----------------------------
2026-03-23 18:58:24,234 INFO sqlalchemy.engine.Engine BEGIN (implicit)
2026-03-23 18:58:24,234 INFO sqlalchemy.engine.Engine INSERT INTO memories (memory_id, seller_agent_id, team_id, team_access_level, created_by_agent_id, title, category, tags, summary, content, format_type, price, purchase_count, favorite_count, total_score, score_count, avg_score, verification_score, is_active, expires_at, expiry_time, ttl_days) VALUES (?, ?, ?, ?, ?, ?, ?, ?, ?, ?, ?, ?, ?, ?, ?, ?, ?, ?, ?, ?, ?, ?) RETURNING created_at, updated_at
2026-03-23 18:58:24,234 INFO sqlalchemy.engine.Engine [generated in 0.00011s] ('mem_0912ab90a6b2', 'test_agent_2', None, 'private', None, 'Memory to Expire', 'test', '["test"]', 'This memory will be expired', '{"text": "content"}', 'template', 100, 0, 0, 0, 0, 0.0, None, 1, None, '2026-03-22 18:58:24.233987', None)
2026-03-23 18:58:24,234 INFO sqlalchemy.engine.Engine ROLLBACK
------------------------------ Captured log call -------------------------------
INFO     sqlalchemy.engine.Engine:base.py:2710 BEGIN (implicit)
INFO     sqlalchemy.engine.Engine:base.py:1846 INSERT INTO memories (memory_id, seller_agent_id, team_id, team_access_level, created_by_agent_id, title, category, tags, summary, content, format_type, price, purchase_count, favorite_count, total_score, score_count, avg_score, verification_score, is_active, expires_at, expiry_time, ttl_days) VALUES (?, ?, ?, ?, ?, ?, ?, ?, ?, ?, ?, ?, ?, ?, ?, ?, ?, ?, ?, ?, ?, ?) RETURNING created_at, updated_at
INFO     sqlalchemy.engine.Engine:base.py:1846 [generated in 0.00011s] ('mem_0912ab90a6b2', 'test_agent_2', None, 'private', None, 'Memory to Expire', 'test', '["test"]', 'This memory will be expired', '{"text": "content"}', 'template', 100, 0, 0, 0, 0, 0.0, None, 1, None, '2026-03-22 18:58:24.233987', None)
INFO     sqlalchemy.engine.Engine:base.py:2713 ROLLBACK
___________________________ test_check_expired_facts ___________________________
/opt/homebrew/lib/python3.14/site-packages/sqlalchemy/engine/base.py:1967: in _exec_single_context
    self.dialect.do_execute(
/opt/homebrew/lib/python3.14/site-packages/sqlalchemy/engine/default.py:952: in do_execute
    cursor.execute(statement, parameters)
/opt/homebrew/lib/python3.14/site-packages/sqlalchemy/dialects/sqlite/aiosqlite.py:182: in execute
    self._adapt_connection._handle_exception(error)
/opt/homebrew/lib/python3.14/site-packages/sqlalchemy/dialects/sqlite/aiosqlite.py:342: in _handle_exception
    raise error
/opt/homebrew/lib/python3.14/site-packages/sqlalchemy/dialects/sqlite/aiosqlite.py:164: in execute
    self.await_(_cursor.execute(operation, parameters))
/opt/homebrew/lib/python3.14/site-packages/sqlalchemy/util/_concurrency_py3k.py:132: in await_only
    return current.parent.switch(awaitable)  # type: ignore[no-any-return,attr-defined] # noqa: E501
           ^^^^^^^^^^^^^^^^^^^^^^^^^^^^^^^^
/opt/homebrew/lib/python3.14/site-packages/sqlalchemy/util/_concurrency_py3k.py:196: in greenlet_spawn
    value = await result
            ^^^^^^^^^^^^
../../../Library/Python/3.14/lib/python/site-packages/aiosqlite/cursor.py:40: in execute
    await self._execute(self._cursor.execute, sql, parameters)
../../../Library/Python/3.14/lib/python/site-packages/aiosqlite/cursor.py:32: in _execute
    return await self._conn._execute(fn, *args, **kwargs)
           ^^^^^^^^^^^^^^^^^^^^^^^^^^^^^^^^^^^^^^^^^^^^^^
../../../Library/Python/3.14/lib/python/site-packages/aiosqlite/core.py:160: in _execute
    return await future
           ^^^^^^^^^^^^
../../../Library/Python/3.14/lib/python/site-packages/aiosqlite/core.py:63: in _connection_worker_thread
    result = function()
             ^^^^^^^^^^
E   sqlite3.OperationalError: no such table: user_profiles

The above exception was the direct cause of the following exception:
tests/test_auto_forget.py:114: in test_check_expired_facts
    await db_session.flush()
/opt/homebrew/lib/python3.14/site-packages/sqlalchemy/ext/asyncio/session.py:787: in flush
    await greenlet_spawn(self.sync_session.flush, objects=objects)
/opt/homebrew/lib/python3.14/site-packages/sqlalchemy/util/_concurrency_py3k.py:203: in greenlet_spawn
    result = context.switch(value)
             ^^^^^^^^^^^^^^^^^^^^^
/opt/homebrew/lib/python3.14/site-packages/sqlalchemy/orm/session.py:4331: in flush
    self._flush(objects)
/opt/homebrew/lib/python3.14/site-packages/sqlalchemy/orm/session.py:4466: in _flush
    with util.safe_reraise():
         ^^^^^^^^^^^^^^^^^^^
/opt/homebrew/lib/python3.14/site-packages/sqlalchemy/util/langhelpers.py:121: in __exit__
    raise exc_value.with_traceback(exc_tb)
/opt/homebrew/lib/python3.14/site-packages/sqlalchemy/orm/session.py:4427: in _flush
    flush_context.execute()
/opt/homebrew/lib/python3.14/site-packages/sqlalchemy/orm/unitofwork.py:466: in execute
    rec.execute(self)
/opt/homebrew/lib/python3.14/site-packages/sqlalchemy/orm/unitofwork.py:642: in execute
    util.preloaded.orm_persistence.save_obj(
/opt/homebrew/lib/python3.14/site-packages/sqlalchemy/orm/persistence.py:93: in save_obj
    _emit_insert_statements(
/opt/homebrew/lib/python3.14/site-packages/sqlalchemy/orm/persistence.py:1233: in _emit_insert_statements
    result = connection.execute(
/opt/homebrew/lib/python3.14/site-packages/sqlalchemy/engine/base.py:1419: in execute
    return meth(
/opt/homebrew/lib/python3.14/site-packages/sqlalchemy/sql/elements.py:527: in _execute_on_connection
    return connection._execute_clauseelement(
/opt/homebrew/lib/python3.14/site-packages/sqlalchemy/engine/base.py:1641: in _execute_clauseelement
    ret = self._execute_context(
/opt/homebrew/lib/python3.14/site-packages/sqlalchemy/engine/base.py:1846: in _execute_context
    return self._exec_single_context(
/opt/homebrew/lib/python3.14/site-packages/sqlalchemy/engine/base.py:1986: in _exec_single_context
    self._handle_dbapi_exception(
/opt/homebrew/lib/python3.14/site-packages/sqlalchemy/engine/base.py:2363: in _handle_dbapi_exception
    raise sqlalchemy_exception.with_traceback(exc_info[2]) from e
/opt/homebrew/lib/python3.14/site-packages/sqlalchemy/engine/base.py:1967: in _exec_single_context
    self.dialect.do_execute(
/opt/homebrew/lib/python3.14/site-packages/sqlalchemy/engine/default.py:952: in do_execute
    cursor.execute(statement, parameters)
/opt/homebrew/lib/python3.14/site-packages/sqlalchemy/dialects/sqlite/aiosqlite.py:182: in execute
    self._adapt_connection._handle_exception(error)
/opt/homebrew/lib/python3.14/site-packages/sqlalchemy/dialects/sqlite/aiosqlite.py:342: in _handle_exception
    raise error
/opt/homebrew/lib/python3.14/site-packages/sqlalchemy/dialects/sqlite/aiosqlite.py:164: in execute
    self.await_(_cursor.execute(operation, parameters))
/opt/homebrew/lib/python3.14/site-packages/sqlalchemy/util/_concurrency_py3k.py:132: in await_only
    return current.parent.switch(awaitable)  # type: ignore[no-any-return,attr-defined] # noqa: E501
           ^^^^^^^^^^^^^^^^^^^^^^^^^^^^^^^^
/opt/homebrew/lib/python3.14/site-packages/sqlalchemy/util/_concurrency_py3k.py:196: in greenlet_spawn
    value = await result
            ^^^^^^^^^^^^
../../../Library/Python/3.14/lib/python/site-packages/aiosqlite/cursor.py:40: in execute
    await self._execute(self._cursor.execute, sql, parameters)
../../../Library/Python/3.14/lib/python/site-packages/aiosqlite/cursor.py:32: in _execute
    return await self._conn._execute(fn, *args, **kwargs)
           ^^^^^^^^^^^^^^^^^^^^^^^^^^^^^^^^^^^^^^^^^^^^^^
../../../Library/Python/3.14/lib/python/site-packages/aiosqlite/core.py:160: in _execute
    return await future
           ^^^^^^^^^^^^
../../../Library/Python/3.14/lib/python/site-packages/aiosqlite/core.py:63: in _connection_worker_thread
    result = function()
             ^^^^^^^^^^
E   sqlalchemy.exc.OperationalError: (sqlite3.OperationalError) no such table: user_profiles
E   [SQL: INSERT INTO user_profiles (profile_id, agent_id, real_name, job_title, company, location, timezone, language, editor, theme, ui_scale, preferred_command, confidence_score, completeness_score, default_ttl_days) VALUES (?, ?, ?, ?, ?, ?, ?, ?, ?, ?, ?, ?, ?, ?, ?) RETURNING last_updated_at, created_at]
E   [parameters: ('uprof_c5772fc74601', 'test_agent_3', None, None, None, None, None, 'zh', None, 'dark', 'medium', None, 0.5, 0.0, 30)]
E   (Background on this error at: https://sqlalche.me/e/20/e3q8)
----------------------------- Captured stdout call -----------------------------
2026-03-23 18:58:24,404 INFO sqlalchemy.engine.Engine BEGIN (implicit)
2026-03-23 18:58:24,404 INFO sqlalchemy.engine.Engine INSERT INTO user_profiles (profile_id, agent_id, real_name, job_title, company, location, timezone, language, editor, theme, ui_scale, preferred_command, confidence_score, completeness_score, default_ttl_days) VALUES (?, ?, ?, ?, ?, ?, ?, ?, ?, ?, ?, ?, ?, ?, ?) RETURNING last_updated_at, created_at
2026-03-23 18:58:24,404 INFO sqlalchemy.engine.Engine [generated in 0.00010s] ('uprof_c5772fc74601', 'test_agent_3', None, None, None, None, None, 'zh', None, 'dark', 'medium', None, 0.5, 0.0, 30)
2026-03-23 18:58:24,404 INFO sqlalchemy.engine.Engine ROLLBACK
------------------------------ Captured log call -------------------------------
INFO     sqlalchemy.engine.Engine:base.py:2710 BEGIN (implicit)
INFO     sqlalchemy.engine.Engine:base.py:1846 INSERT INTO user_profiles (profile_id, agent_id, real_name, job_title, company, location, timezone, language, editor, theme, ui_scale, preferred_command, confidence_score, completeness_score, default_ttl_days) VALUES (?, ?, ?, ?, ?, ?, ?, ?, ?, ?, ?, ?, ?, ?, ?) RETURNING last_updated_at, created_at
INFO     sqlalchemy.engine.Engine:base.py:1846 [generated in 0.00010s] ('uprof_c5772fc74601', 'test_agent_3', None, None, None, None, None, 'zh', None, 'dark', 'medium', None, 0.5, 0.0, 30)
INFO     sqlalchemy.engine.Engine:base.py:2713 ROLLBACK
______________________________ test_expire_facts _______________________________
/opt/homebrew/lib/python3.14/site-packages/sqlalchemy/engine/base.py:1967: in _exec_single_context
    self.dialect.do_execute(
/opt/homebrew/lib/python3.14/site-packages/sqlalchemy/engine/default.py:952: in do_execute
    cursor.execute(statement, parameters)
/opt/homebrew/lib/python3.14/site-packages/sqlalchemy/dialects/sqlite/aiosqlite.py:182: in execute
    self._adapt_connection._handle_exception(error)
/opt/homebrew/lib/python3.14/site-packages/sqlalchemy/dialects/sqlite/aiosqlite.py:342: in _handle_exception
    raise error
/opt/homebrew/lib/python3.14/site-packages/sqlalchemy/dialects/sqlite/aiosqlite.py:164: in execute
    self.await_(_cursor.execute(operation, parameters))
/opt/homebrew/lib/python3.14/site-packages/sqlalchemy/util/_concurrency_py3k.py:132: in await_only
    return current.parent.switch(awaitable)  # type: ignore[no-any-return,attr-defined] # noqa: E501
           ^^^^^^^^^^^^^^^^^^^^^^^^^^^^^^^^
/opt/homebrew/lib/python3.14/site-packages/sqlalchemy/util/_concurrency_py3k.py:196: in greenlet_spawn
    value = await result
            ^^^^^^^^^^^^
../../../Library/Python/3.14/lib/python/site-packages/aiosqlite/cursor.py:40: in execute
    await self._execute(self._cursor.execute, sql, parameters)
../../../Library/Python/3.14/lib/python/site-packages/aiosqlite/cursor.py:32: in _execute
    return await self._conn._execute(fn, *args, **kwargs)
           ^^^^^^^^^^^^^^^^^^^^^^^^^^^^^^^^^^^^^^^^^^^^^^
../../../Library/Python/3.14/lib/python/site-packages/aiosqlite/core.py:160: in _execute
    return await future
           ^^^^^^^^^^^^
../../../Library/Python/3.14/lib/python/site-packages/aiosqlite/core.py:63: in _connection_worker_thread
    result = function()
             ^^^^^^^^^^
E   sqlite3.OperationalError: no such table: user_profiles

The above exception was the direct cause of the following exception:
tests/test_auto_forget.py:163: in test_expire_facts
    await db_session.flush()
/opt/homebrew/lib/python3.14/site-packages/sqlalchemy/ext/asyncio/session.py:787: in flush
    await greenlet_spawn(self.sync_session.flush, objects=objects)
/opt/homebrew/lib/python3.14/site-packages/sqlalchemy/util/_concurrency_py3k.py:203: in greenlet_spawn
    result = context.switch(value)
             ^^^^^^^^^^^^^^^^^^^^^
/opt/homebrew/lib/python3.14/site-packages/sqlalchemy/orm/session.py:4331: in flush
    self._flush(objects)
/opt/homebrew/lib/python3.14/site-packages/sqlalchemy/orm/session.py:4466: in _flush
    with util.safe_reraise():
         ^^^^^^^^^^^^^^^^^^^
/opt/homebrew/lib/python3.14/site-packages/sqlalchemy/util/langhelpers.py:121: in __exit__
    raise exc_value.with_traceback(exc_tb)
/opt/homebrew/lib/python3.14/site-packages/sqlalchemy/orm/session.py:4427: in _flush
    flush_context.execute()
/opt/homebrew/lib/python3.14/site-packages/sqlalchemy/orm/unitofwork.py:466: in execute
    rec.execute(self)
/opt/homebrew/lib/python3.14/site-packages/sqlalchemy/orm/unitofwork.py:642: in execute
    util.preloaded.orm_persistence.save_obj(
/opt/homebrew/lib/python3.14/site-packages/sqlalchemy/orm/persistence.py:93: in save_obj
    _emit_insert_statements(
/opt/homebrew/lib/python3.14/site-packages/sqlalchemy/orm/persistence.py:1233: in _emit_insert_statements
    result = connection.execute(
/opt/homebrew/lib/python3.14/site-packages/sqlalchemy/engine/base.py:1419: in execute
    return meth(
/opt/homebrew/lib/python3.14/site-packages/sqlalchemy/sql/elements.py:527: in _execute_on_connection
    return connection._execute_clauseelement(
/opt/homebrew/lib/python3.14/site-packages/sqlalchemy/engine/base.py:1641: in _execute_clauseelement
    ret = self._execute_context(
/opt/homebrew/lib/python3.14/site-packages/sqlalchemy/engine/base.py:1846: in _execute_context
    return self._exec_single_context(
/opt/homebrew/lib/python3.14/site-packages/sqlalchemy/engine/base.py:1986: in _exec_single_context
    self._handle_dbapi_exception(
/opt/homebrew/lib/python3.14/site-packages/sqlalchemy/engine/base.py:2363: in _handle_dbapi_exception
    raise sqlalchemy_exception.with_traceback(exc_info[2]) from e
/opt/homebrew/lib/python3.14/site-packages/sqlalchemy/engine/base.py:1967: in _exec_single_context
    self.dialect.do_execute(
/opt/homebrew/lib/python3.14/site-packages/sqlalchemy/engine/default.py:952: in do_execute
    cursor.execute(statement, parameters)
/opt/homebrew/lib/python3.14/site-packages/sqlalchemy/dialects/sqlite/aiosqlite.py:182: in execute
    self._adapt_connection._handle_exception(error)
/opt/homebrew/lib/python3.14/site-packages/sqlalchemy/dialects/sqlite/aiosqlite.py:342: in _handle_exception
    raise error
/opt/homebrew/lib/python3.14/site-packages/sqlalchemy/dialects/sqlite/aiosqlite.py:164: in execute
    self.await_(_cursor.execute(operation, parameters))
/opt/homebrew/lib/python3.14/site-packages/sqlalchemy/util/_concurrency_py3k.py:132: in await_only
    return current.parent.switch(awaitable)  # type: ignore[no-any-return,attr-defined] # noqa: E501
           ^^^^^^^^^^^^^^^^^^^^^^^^^^^^^^^^
/opt/homebrew/lib/python3.14/site-packages/sqlalchemy/util/_concurrency_py3k.py:196: in greenlet_spawn
    value = await result
            ^^^^^^^^^^^^
../../../Library/Python/3.14/lib/python/site-packages/aiosqlite/cursor.py:40: in execute
    await self._execute(self._cursor.execute, sql, parameters)
../../../Library/Python/3.14/lib/python/site-packages/aiosqlite/cursor.py:32: in _execute
    return await self._conn._execute(fn, *args, **kwargs)
           ^^^^^^^^^^^^^^^^^^^^^^^^^^^^^^^^^^^^^^^^^^^^^^
../../../Library/Python/3.14/lib/python/site-packages/aiosqlite/core.py:160: in _execute
    return await future
           ^^^^^^^^^^^^
../../../Library/Python/3.14/lib/python/site-packages/aiosqlite/core.py:63: in _connection_worker_thread
    result = function()
             ^^^^^^^^^^
E   sqlalchemy.exc.OperationalError: (sqlite3.OperationalError) no such table: user_profiles
E   [SQL: INSERT INTO user_profiles (profile_id, agent_id, real_name, job_title, company, location, timezone, language, editor, theme, ui_scale, preferred_command, confidence_score, completeness_score, default_ttl_days) VALUES (?, ?, ?, ?, ?, ?, ?, ?, ?, ?, ?, ?, ?, ?, ?) RETURNING last_updated_at, created_at]
E   [parameters: ('uprof_d6e4f129e3f0', 'test_agent_4', None, None, None, None, None, 'zh', None, 'dark', 'medium', None, 0.5, 0.0, 30)]
E   (Background on this error at: https://sqlalche.me/e/20/e3q8)
----------------------------- Captured stdout call -----------------------------
2026-03-23 18:58:24,562 INFO sqlalchemy.engine.Engine BEGIN (implicit)
2026-03-23 18:58:24,562 INFO sqlalchemy.engine.Engine INSERT INTO user_profiles (profile_id, agent_id, real_name, job_title, company, location, timezone, language, editor, theme, ui_scale, preferred_command, confidence_score, completeness_score, default_ttl_days) VALUES (?, ?, ?, ?, ?, ?, ?, ?, ?, ?, ?, ?, ?, ?, ?) RETURNING last_updated_at, created_at
2026-03-23 18:58:24,562 INFO sqlalchemy.engine.Engine [cached since 0.1583s ago] ('uprof_d6e4f129e3f0', 'test_agent_4', None, None, None, None, None, 'zh', None, 'dark', 'medium', None, 0.5, 0.0, 30)
2026-03-23 18:58:24,563 INFO sqlalchemy.engine.Engine ROLLBACK
------------------------------ Captured log call -------------------------------
INFO     sqlalchemy.engine.Engine:base.py:2710 BEGIN (implicit)
INFO     sqlalchemy.engine.Engine:base.py:1846 INSERT INTO user_profiles (profile_id, agent_id, real_name, job_title, company, location, timezone, language, editor, theme, ui_scale, preferred_command, confidence_score, completeness_score, default_ttl_days) VALUES (?, ?, ?, ?, ?, ?, ?, ?, ?, ?, ?, ?, ?, ?, ?) RETURNING last_updated_at, created_at
INFO     sqlalchemy.engine.Engine:base.py:1846 [cached since 0.1583s ago] ('uprof_d6e4f129e3f0', 'test_agent_4', None, None, None, None, None, 'zh', None, 'dark', 'medium', None, 0.5, 0.0, 30)
INFO     sqlalchemy.engine.Engine:base.py:2713 ROLLBACK
______________________________ test_override_fact ______________________________
/opt/homebrew/lib/python3.14/site-packages/sqlalchemy/engine/base.py:1967: in _exec_single_context
    self.dialect.do_execute(
/opt/homebrew/lib/python3.14/site-packages/sqlalchemy/engine/default.py:952: in do_execute
    cursor.execute(statement, parameters)
/opt/homebrew/lib/python3.14/site-packages/sqlalchemy/dialects/sqlite/aiosqlite.py:182: in execute
    self._adapt_connection._handle_exception(error)
/opt/homebrew/lib/python3.14/site-packages/sqlalchemy/dialects/sqlite/aiosqlite.py:342: in _handle_exception
    raise error
/opt/homebrew/lib/python3.14/site-packages/sqlalchemy/dialects/sqlite/aiosqlite.py:164: in execute
    self.await_(_cursor.execute(operation, parameters))
/opt/homebrew/lib/python3.14/site-packages/sqlalchemy/util/_concurrency_py3k.py:132: in await_only
    return current.parent.switch(awaitable)  # type: ignore[no-any-return,attr-defined] # noqa: E501
           ^^^^^^^^^^^^^^^^^^^^^^^^^^^^^^^^
/opt/homebrew/lib/python3.14/site-packages/sqlalchemy/util/_concurrency_py3k.py:196: in greenlet_spawn
    value = await result
            ^^^^^^^^^^^^
../../../Library/Python/3.14/lib/python/site-packages/aiosqlite/cursor.py:40: in execute
    await self._execute(self._cursor.execute, sql, parameters)
../../../Library/Python/3.14/lib/python/site-packages/aiosqlite/cursor.py:32: in _execute
    return await self._conn._execute(fn, *args, **kwargs)
           ^^^^^^^^^^^^^^^^^^^^^^^^^^^^^^^^^^^^^^^^^^^^^^
../../../Library/Python/3.14/lib/python/site-packages/aiosqlite/core.py:160: in _execute
    return await future
           ^^^^^^^^^^^^
../../../Library/Python/3.14/lib/python/site-packages/aiosqlite/core.py:63: in _connection_worker_thread
    result = function()
             ^^^^^^^^^^
E   sqlite3.OperationalError: no such table: user_profiles

The above exception was the direct cause of the following exception:
tests/test_auto_forget.py:199: in test_override_fact
    await db_session.flush()
/opt/homebrew/lib/python3.14/site-packages/sqlalchemy/ext/asyncio/session.py:787: in flush
    await greenlet_spawn(self.sync_session.flush, objects=objects)
/opt/homebrew/lib/python3.14/site-packages/sqlalchemy/util/_concurrency_py3k.py:203: in greenlet_spawn
    result = context.switch(value)
             ^^^^^^^^^^^^^^^^^^^^^
/opt/homebrew/lib/python3.14/site-packages/sqlalchemy/orm/session.py:4331: in flush
    self._flush(objects)
/opt/homebrew/lib/python3.14/site-packages/sqlalchemy/orm/session.py:4466: in _flush
    with util.safe_reraise():
         ^^^^^^^^^^^^^^^^^^^
/opt/homebrew/lib/python3.14/site-packages/sqlalchemy/util/langhelpers.py:121: in __exit__
    raise exc_value.with_traceback(exc_tb)
/opt/homebrew/lib/python3.14/site-packages/sqlalchemy/orm/session.py:4427: in _flush
    flush_context.execute()
/opt/homebrew/lib/python3.14/site-packages/sqlalchemy/orm/unitofwork.py:466: in execute
    rec.execute(self)
/opt/homebrew/lib/python3.14/site-packages/sqlalchemy/orm/unitofwork.py:642: in execute
    util.preloaded.orm_persistence.save_obj(
/opt/homebrew/lib/python3.14/site-packages/sqlalchemy/orm/persistence.py:93: in save_obj
    _emit_insert_statements(
/opt/homebrew/lib/python3.14/site-packages/sqlalchemy/orm/persistence.py:1233: in _emit_insert_statements
    result = connection.execute(
/opt/homebrew/lib/python3.14/site-packages/sqlalchemy/engine/base.py:1419: in execute
    return meth(
/opt/homebrew/lib/python3.14/site-packages/sqlalchemy/sql/elements.py:527: in _execute_on_connection
    return connection._execute_clauseelement(
/opt/homebrew/lib/python3.14/site-packages/sqlalchemy/engine/base.py:1641: in _execute_clauseelement
    ret = self._execute_context(
/opt/homebrew/lib/python3.14/site-packages/sqlalchemy/engine/base.py:1846: in _execute_context
    return self._exec_single_context(
/opt/homebrew/lib/python3.14/site-packages/sqlalchemy/engine/base.py:1986: in _exec_single_context
    self._handle_dbapi_exception(
/opt/homebrew/lib/python3.14/site-packages/sqlalchemy/engine/base.py:2363: in _handle_dbapi_exception
    raise sqlalchemy_exception.with_traceback(exc_info[2]) from e
/opt/homebrew/lib/python3.14/site-packages/sqlalchemy/engine/base.py:1967: in _exec_single_context
    self.dialect.do_execute(
/opt/homebrew/lib/python3.14/site-packages/sqlalchemy/engine/default.py:952: in do_execute
    cursor.execute(statement, parameters)
/opt/homebrew/lib/python3.14/site-packages/sqlalchemy/dialects/sqlite/aiosqlite.py:182: in execute
    self._adapt_connection._handle_exception(error)
/opt/homebrew/lib/python3.14/site-packages/sqlalchemy/dialects/sqlite/aiosqlite.py:342: in _handle_exception
    raise error
/opt/homebrew/lib/python3.14/site-packages/sqlalchemy/dialects/sqlite/aiosqlite.py:164: in execute
    self.await_(_cursor.execute(operation, parameters))
/opt/homebrew/lib/python3.14/site-packages/sqlalchemy/util/_concurrency_py3k.py:132: in await_only
    return current.parent.switch(awaitable)  # type: ignore[no-any-return,attr-defined] # noqa: E501
           ^^^^^^^^^^^^^^^^^^^^^^^^^^^^^^^^
/opt/homebrew/lib/python3.14/site-packages/sqlalchemy/util/_concurrency_py3k.py:196: in greenlet_spawn
    value = await result
            ^^^^^^^^^^^^
../../../Library/Python/3.14/lib/python/site-packages/aiosqlite/cursor.py:40: in execute
    await self._execute(self._cursor.execute, sql, parameters)
../../../Library/Python/3.14/lib/python/site-packages/aiosqlite/cursor.py:32: in _execute
    return await self._conn._execute(fn, *args, **kwargs)
           ^^^^^^^^^^^^^^^^^^^^^^^^^^^^^^^^^^^^^^^^^^^^^^
../../../Library/Python/3.14/lib/python/site-packages/aiosqlite/core.py:160: in _execute
    return await future
           ^^^^^^^^^^^^
../../../Library/Python/3.14/lib/python/site-packages/aiosqlite/core.py:63: in _connection_worker_thread
    result = function()
             ^^^^^^^^^^
E   sqlalchemy.exc.OperationalError: (sqlite3.OperationalError) no such table: user_profiles
E   [SQL: INSERT INTO user_profiles (profile_id, agent_id, real_name, job_title, company, location, timezone, language, editor, theme, ui_scale, preferred_command, confidence_score, completeness_score, default_ttl_days) VALUES (?, ?, ?, ?, ?, ?, ?, ?, ?, ?, ?, ?, ?, ?, ?) RETURNING last_updated_at, created_at]
E   [parameters: ('uprof_8518093d973f', 'test_agent_5', None, None, None, None, None, 'zh', None, 'dark', 'medium', None, 0.5, 0.0, 30)]
E   (Background on this error at: https://sqlalche.me/e/20/e3q8)
----------------------------- Captured stdout call -----------------------------
2026-03-23 18:58:24,711 INFO sqlalchemy.engine.Engine BEGIN (implicit)
2026-03-23 18:58:24,711 INFO sqlalchemy.engine.Engine INSERT INTO user_profiles (profile_id, agent_id, real_name, job_title, company, location, timezone, language, editor, theme, ui_scale, preferred_command, confidence_score, completeness_score, default_ttl_days) VALUES (?, ?, ?, ?, ?, ?, ?, ?, ?, ?, ?, ?, ?, ?, ?) RETURNING last_updated_at, created_at
2026-03-23 18:58:24,711 INFO sqlalchemy.engine.Engine [cached since 0.3072s ago] ('uprof_8518093d973f', 'test_agent_5', None, None, None, None, None, 'zh', None, 'dark', 'medium', None, 0.5, 0.0, 30)
2026-03-23 18:58:24,711 INFO sqlalchemy.engine.Engine ROLLBACK
------------------------------ Captured log call -------------------------------
INFO     sqlalchemy.engine.Engine:base.py:2710 BEGIN (implicit)
INFO     sqlalchemy.engine.Engine:base.py:1846 INSERT INTO user_profiles (profile_id, agent_id, real_name, job_title, company, location, timezone, language, editor, theme, ui_scale, preferred_command, confidence_score, completeness_score, default_ttl_days) VALUES (?, ?, ?, ?, ?, ?, ?, ?, ?, ?, ?, ?, ?, ?, ?) RETURNING last_updated_at, created_at
INFO     sqlalchemy.engine.Engine:base.py:1846 [cached since 0.3072s ago] ('uprof_8518093d973f', 'test_agent_5', None, None, None, None, None, 'zh', None, 'dark', 'medium', None, 0.5, 0.0, 30)
INFO     sqlalchemy.engine.Engine:base.py:2713 ROLLBACK
_____________________________ test_set_memory_ttl ______________________________
/opt/homebrew/lib/python3.14/site-packages/sqlalchemy/engine/base.py:1967: in _exec_single_context
    self.dialect.do_execute(
/opt/homebrew/lib/python3.14/site-packages/sqlalchemy/engine/default.py:952: in do_execute
    cursor.execute(statement, parameters)
/opt/homebrew/lib/python3.14/site-packages/sqlalchemy/dialects/sqlite/aiosqlite.py:182: in execute
    self._adapt_connection._handle_exception(error)
/opt/homebrew/lib/python3.14/site-packages/sqlalchemy/dialects/sqlite/aiosqlite.py:342: in _handle_exception
    raise error
/opt/homebrew/lib/python3.14/site-packages/sqlalchemy/dialects/sqlite/aiosqlite.py:164: in execute
    self.await_(_cursor.execute(operation, parameters))
/opt/homebrew/lib/python3.14/site-packages/sqlalchemy/util/_concurrency_py3k.py:132: in await_only
    return current.parent.switch(awaitable)  # type: ignore[no-any-return,attr-defined] # noqa: E501
           ^^^^^^^^^^^^^^^^^^^^^^^^^^^^^^^^
/opt/homebrew/lib/python3.14/site-packages/sqlalchemy/util/_concurrency_py3k.py:196: in greenlet_spawn
    value = await result
            ^^^^^^^^^^^^
../../../Library/Python/3.14/lib/python/site-packages/aiosqlite/cursor.py:40: in execute
    await self._execute(self._cursor.execute, sql, parameters)
../../../Library/Python/3.14/lib/python/site-packages/aiosqlite/cursor.py:32: in _execute
    return await self._conn._execute(fn, *args, **kwargs)
           ^^^^^^^^^^^^^^^^^^^^^^^^^^^^^^^^^^^^^^^^^^^^^^
../../../Library/Python/3.14/lib/python/site-packages/aiosqlite/core.py:160: in _execute
    return await future
           ^^^^^^^^^^^^
../../../Library/Python/3.14/lib/python/site-packages/aiosqlite/core.py:63: in _connection_worker_thread
    result = function()
             ^^^^^^^^^^
E   sqlite3.OperationalError: table memories has no column named expiry_time

The above exception was the direct cause of the following exception:
tests/test_auto_forget.py:264: in test_set_memory_ttl
    await db_session.commit()
/opt/homebrew/lib/python3.14/site-packages/sqlalchemy/ext/asyncio/session.py:1000: in commit
    await greenlet_spawn(self.sync_session.commit)
/opt/homebrew/lib/python3.14/site-packages/sqlalchemy/util/_concurrency_py3k.py:203: in greenlet_spawn
    result = context.switch(value)
             ^^^^^^^^^^^^^^^^^^^^^
/opt/homebrew/lib/python3.14/site-packages/sqlalchemy/orm/session.py:2030: in commit
    trans.commit(_to_root=True)
<string>:2: in commit
    ???
/opt/homebrew/lib/python3.14/site-packages/sqlalchemy/orm/state_changes.py:137: in _go
    ret_value = fn(self, *arg, **kw)
                ^^^^^^^^^^^^^^^^^^^^
/opt/homebrew/lib/python3.14/site-packages/sqlalchemy/orm/session.py:1311: in commit
    self._prepare_impl()
<string>:2: in _prepare_impl
    ???
/opt/homebrew/lib/python3.14/site-packages/sqlalchemy/orm/state_changes.py:137: in _go
    ret_value = fn(self, *arg, **kw)
                ^^^^^^^^^^^^^^^^^^^^
/opt/homebrew/lib/python3.14/site-packages/sqlalchemy/orm/session.py:1286: in _prepare_impl
    self.session.flush()
/opt/homebrew/lib/python3.14/site-packages/sqlalchemy/orm/session.py:4331: in flush
    self._flush(objects)
/opt/homebrew/lib/python3.14/site-packages/sqlalchemy/orm/session.py:4466: in _flush
    with util.safe_reraise():
         ^^^^^^^^^^^^^^^^^^^
/opt/homebrew/lib/python3.14/site-packages/sqlalchemy/util/langhelpers.py:121: in __exit__
    raise exc_value.with_traceback(exc_tb)
/opt/homebrew/lib/python3.14/site-packages/sqlalchemy/orm/session.py:4427: in _flush
    flush_context.execute()
/opt/homebrew/lib/python3.14/site-packages/sqlalchemy/orm/unitofwork.py:466: in execute
    rec.execute(self)
/opt/homebrew/lib/python3.14/site-packages/sqlalchemy/orm/unitofwork.py:642: in execute
    util.preloaded.orm_persistence.save_obj(
/opt/homebrew/lib/python3.14/site-packages/sqlalchemy/orm/persistence.py:93: in save_obj
    _emit_insert_statements(
/opt/homebrew/lib/python3.14/site-packages/sqlalchemy/orm/persistence.py:1233: in _emit_insert_statements
    result = connection.execute(
/opt/homebrew/lib/python3.14/site-packages/sqlalchemy/engine/base.py:1419: in execute
    return meth(
/opt/homebrew/lib/python3.14/site-packages/sqlalchemy/sql/elements.py:527: in _execute_on_connection
    return connection._execute_clauseelement(
/opt/homebrew/lib/python3.14/site-packages/sqlalchemy/engine/base.py:1641: in _execute_clauseelement
    ret = self._execute_context(
/opt/homebrew/lib/python3.14/site-packages/sqlalchemy/engine/base.py:1846: in _execute_context
    return self._exec_single_context(
/opt/homebrew/lib/python3.14/site-packages/sqlalchemy/engine/base.py:1986: in _exec_single_context
    self._handle_dbapi_exception(
/opt/homebrew/lib/python3.14/site-packages/sqlalchemy/engine/base.py:2363: in _handle_dbapi_exception
    raise sqlalchemy_exception.with_traceback(exc_info[2]) from e
/opt/homebrew/lib/python3.14/site-packages/sqlalchemy/engine/base.py:1967: in _exec_single_context
    self.dialect.do_execute(
/opt/homebrew/lib/python3.14/site-packages/sqlalchemy/engine/default.py:952: in do_execute
    cursor.execute(statement, parameters)
/opt/homebrew/lib/python3.14/site-packages/sqlalchemy/dialects/sqlite/aiosqlite.py:182: in execute
    self._adapt_connection._handle_exception(error)
/opt/homebrew/lib/python3.14/site-packages/sqlalchemy/dialects/sqlite/aiosqlite.py:342: in _handle_exception
    raise error
/opt/homebrew/lib/python3.14/site-packages/sqlalchemy/dialects/sqlite/aiosqlite.py:164: in execute
    self.await_(_cursor.execute(operation, parameters))
/opt/homebrew/lib/python3.14/site-packages/sqlalchemy/util/_concurrency_py3k.py:132: in await_only
    return current.parent.switch(awaitable)  # type: ignore[no-any-return,attr-defined] # noqa: E501
           ^^^^^^^^^^^^^^^^^^^^^^^^^^^^^^^^
/opt/homebrew/lib/python3.14/site-packages/sqlalchemy/util/_concurrency_py3k.py:196: in greenlet_spawn
    value = await result
            ^^^^^^^^^^^^
../../../Library/Python/3.14/lib/python/site-packages/aiosqlite/cursor.py:40: in execute
    await self._execute(self._cursor.execute, sql, parameters)
../../../Library/Python/3.14/lib/python/site-packages/aiosqlite/cursor.py:32: in _execute
    return await self._conn._execute(fn, *args, **kwargs)
           ^^^^^^^^^^^^^^^^^^^^^^^^^^^^^^^^^^^^^^^^^^^^^^
../../../Library/Python/3.14/lib/python/site-packages/aiosqlite/core.py:160: in _execute
    return await future
           ^^^^^^^^^^^^
../../../Library/Python/3.14/lib/python/site-packages/aiosqlite/core.py:63: in _connection_worker_thread
    result = function()
             ^^^^^^^^^^
E   sqlalchemy.exc.OperationalError: (sqlite3.OperationalError) table memories has no column named expiry_time
E   [SQL: INSERT INTO memories (memory_id, seller_agent_id, team_id, team_access_level, created_by_agent_id, title, category, tags, summary, content, format_type, price, purchase_count, favorite_count, total_score, score_count, avg_score, verification_score, is_active, expires_at, expiry_time, ttl_days) VALUES (?, ?, ?, ?, ?, ?, ?, ?, ?, ?, ?, ?, ?, ?, ?, ?, ?, ?, ?, ?, ?, ?) RETURNING created_at, updated_at]
E   [parameters: ('mem_5e4e2a15e24e', 'test_agent_6', None, 'private', None, 'Memory with TTL', 'test', '["test"]', 'This memory has TTL', '{"text": "content"}', 'template', 100, 0, 0, 0, 0, 0.0, None, 1, None, None, None)]
E   (Background on this error at: https://sqlalche.me/e/20/e3q8)
----------------------------- Captured stdout call -----------------------------
2026-03-23 18:58:24,861 INFO sqlalchemy.engine.Engine BEGIN (implicit)
2026-03-23 18:58:24,861 INFO sqlalchemy.engine.Engine INSERT INTO memories (memory_id, seller_agent_id, team_id, team_access_level, created_by_agent_id, title, category, tags, summary, content, format_type, price, purchase_count, favorite_count, total_score, score_count, avg_score, verification_score, is_active, expires_at, expiry_time, ttl_days) VALUES (?, ?, ?, ?, ?, ?, ?, ?, ?, ?, ?, ?, ?, ?, ?, ?, ?, ?, ?, ?, ?, ?) RETURNING created_at, updated_at
2026-03-23 18:58:24,861 INFO sqlalchemy.engine.Engine [cached since 0.6275s ago] ('mem_5e4e2a15e24e', 'test_agent_6', None, 'private', None, 'Memory with TTL', 'test', '["test"]', 'This memory has TTL', '{"text": "content"}', 'template', 100, 0, 0, 0, 0, 0.0, None, 1, None, None, None)
2026-03-23 18:58:24,862 INFO sqlalchemy.engine.Engine ROLLBACK
------------------------------ Captured log call -------------------------------
INFO     sqlalchemy.engine.Engine:base.py:2710 BEGIN (implicit)
INFO     sqlalchemy.engine.Engine:base.py:1846 INSERT INTO memories (memory_id, seller_agent_id, team_id, team_access_level, created_by_agent_id, title, category, tags, summary, content, format_type, price, purchase_count, favorite_count, total_score, score_count, avg_score, verification_score, is_active, expires_at, expiry_time, ttl_days) VALUES (?, ?, ?, ?, ?, ?, ?, ?, ?, ?, ?, ?, ?, ?, ?, ?, ?, ?, ?, ?, ?, ?) RETURNING created_at, updated_at
INFO     sqlalchemy.engine.Engine:base.py:1846 [cached since 0.6275s ago] ('mem_5e4e2a15e24e', 'test_agent_6', None, 'private', None, 'Memory with TTL', 'test', '["test"]', 'This memory has TTL', '{"text": "content"}', 'template', 100, 0, 0, 0, 0, 0.0, None, 1, None, None, None)
INFO     sqlalchemy.engine.Engine:base.py:2713 ROLLBACK
__________________________ test_auto_expire_memories ___________________________
/opt/homebrew/lib/python3.14/site-packages/sqlalchemy/engine/base.py:2125: in _exec_insertmany_context
    dialect.do_execute(
/opt/homebrew/lib/python3.14/site-packages/sqlalchemy/engine/default.py:952: in do_execute
    cursor.execute(statement, parameters)
/opt/homebrew/lib/python3.14/site-packages/sqlalchemy/dialects/sqlite/aiosqlite.py:182: in execute
    self._adapt_connection._handle_exception(error)
/opt/homebrew/lib/python3.14/site-packages/sqlalchemy/dialects/sqlite/aiosqlite.py:342: in _handle_exception
    raise error
/opt/homebrew/lib/python3.14/site-packages/sqlalchemy/dialects/sqlite/aiosqlite.py:164: in execute
    self.await_(_cursor.execute(operation, parameters))
/opt/homebrew/lib/python3.14/site-packages/sqlalchemy/util/_concurrency_py3k.py:132: in await_only
    return current.parent.switch(awaitable)  # type: ignore[no-any-return,attr-defined] # noqa: E501
           ^^^^^^^^^^^^^^^^^^^^^^^^^^^^^^^^
/opt/homebrew/lib/python3.14/site-packages/sqlalchemy/util/_concurrency_py3k.py:196: in greenlet_spawn
    value = await result
            ^^^^^^^^^^^^
../../../Library/Python/3.14/lib/python/site-packages/aiosqlite/cursor.py:40: in execute
    await self._execute(self._cursor.execute, sql, parameters)
../../../Library/Python/3.14/lib/python/site-packages/aiosqlite/cursor.py:32: in _execute
    return await self._conn._execute(fn, *args, **kwargs)
           ^^^^^^^^^^^^^^^^^^^^^^^^^^^^^^^^^^^^^^^^^^^^^^
../../../Library/Python/3.14/lib/python/site-packages/aiosqlite/core.py:160: in _execute
    return await future
           ^^^^^^^^^^^^
../../../Library/Python/3.14/lib/python/site-packages/aiosqlite/core.py:63: in _connection_worker_thread
    result = function()
             ^^^^^^^^^^
E   sqlite3.OperationalError: table memories has no column named expiry_time

The above exception was the direct cause of the following exception:
tests/test_auto_forget.py:318: in test_auto_expire_memories
    await db_session.commit()
/opt/homebrew/lib/python3.14/site-packages/sqlalchemy/ext/asyncio/session.py:1000: in commit
    await greenlet_spawn(self.sync_session.commit)
/opt/homebrew/lib/python3.14/site-packages/sqlalchemy/util/_concurrency_py3k.py:203: in greenlet_spawn
    result = context.switch(value)
             ^^^^^^^^^^^^^^^^^^^^^
/opt/homebrew/lib/python3.14/site-packages/sqlalchemy/orm/session.py:2030: in commit
    trans.commit(_to_root=True)
<string>:2: in commit
    ???
/opt/homebrew/lib/python3.14/site-packages/sqlalchemy/orm/state_changes.py:137: in _go
    ret_value = fn(self, *arg, **kw)
                ^^^^^^^^^^^^^^^^^^^^
/opt/homebrew/lib/python3.14/site-packages/sqlalchemy/orm/session.py:1311: in commit
    self._prepare_impl()
<string>:2: in _prepare_impl
    ???
/opt/homebrew/lib/python3.14/site-packages/sqlalchemy/orm/state_changes.py:137: in _go
    ret_value = fn(self, *arg, **kw)
                ^^^^^^^^^^^^^^^^^^^^
/opt/homebrew/lib/python3.14/site-packages/sqlalchemy/orm/session.py:1286: in _prepare_impl
    self.session.flush()
/opt/homebrew/lib/python3.14/site-packages/sqlalchemy/orm/session.py:4331: in flush
    self._flush(objects)
/opt/homebrew/lib/python3.14/site-packages/sqlalchemy/orm/session.py:4466: in _flush
    with util.safe_reraise():
         ^^^^^^^^^^^^^^^^^^^
/opt/homebrew/lib/python3.14/site-packages/sqlalchemy/util/langhelpers.py:121: in __exit__
    raise exc_value.with_traceback(exc_tb)
/opt/homebrew/lib/python3.14/site-packages/sqlalchemy/orm/session.py:4427: in _flush
    flush_context.execute()
/opt/homebrew/lib/python3.14/site-packages/sqlalchemy/orm/unitofwork.py:466: in execute
    rec.execute(self)
/opt/homebrew/lib/python3.14/site-packages/sqlalchemy/orm/unitofwork.py:642: in execute
    util.preloaded.orm_persistence.save_obj(
/opt/homebrew/lib/python3.14/site-packages/sqlalchemy/orm/persistence.py:93: in save_obj
    _emit_insert_statements(
/opt/homebrew/lib/python3.14/site-packages/sqlalchemy/orm/persistence.py:1143: in _emit_insert_statements
    result = connection.execute(
/opt/homebrew/lib/python3.14/site-packages/sqlalchemy/engine/base.py:1419: in execute
    return meth(
/opt/homebrew/lib/python3.14/site-packages/sqlalchemy/sql/elements.py:527: in _execute_on_connection
    return connection._execute_clauseelement(
/opt/homebrew/lib/python3.14/site-packages/sqlalchemy/engine/base.py:1641: in _execute_clauseelement
    ret = self._execute_context(
/opt/homebrew/lib/python3.14/site-packages/sqlalchemy/engine/base.py:1844: in _execute_context
    return self._exec_insertmany_context(dialect, context)
           ^^^^^^^^^^^^^^^^^^^^^^^^^^^^^^^^^^^^^^^^^^^^^^^
/opt/homebrew/lib/python3.14/site-packages/sqlalchemy/engine/base.py:2133: in _exec_insertmany_context
    self._handle_dbapi_exception(
/opt/homebrew/lib/python3.14/site-packages/sqlalchemy/engine/base.py:2363: in _handle_dbapi_exception
    raise sqlalchemy_exception.with_traceback(exc_info[2]) from e
/opt/homebrew/lib/python3.14/site-packages/sqlalchemy/engine/base.py:2125: in _exec_insertmany_context
    dialect.do_execute(
/opt/homebrew/lib/python3.14/site-packages/sqlalchemy/engine/default.py:952: in do_execute
    cursor.execute(statement, parameters)
/opt/homebrew/lib/python3.14/site-packages/sqlalchemy/dialects/sqlite/aiosqlite.py:182: in execute
    self._adapt_connection._handle_exception(error)
/opt/homebrew/lib/python3.14/site-packages/sqlalchemy/dialects/sqlite/aiosqlite.py:342: in _handle_exception
    raise error
/opt/homebrew/lib/python3.14/site-packages/sqlalchemy/dialects/sqlite/aiosqlite.py:164: in execute
    self.await_(_cursor.execute(operation, parameters))
/opt/homebrew/lib/python3.14/site-packages/sqlalchemy/util/_concurrency_py3k.py:132: in await_only
    return current.parent.switch(awaitable)  # type: ignore[no-any-return,attr-defined] # noqa: E501
           ^^^^^^^^^^^^^^^^^^^^^^^^^^^^^^^^
/opt/homebrew/lib/python3.14/site-packages/sqlalchemy/util/_concurrency_py3k.py:196: in greenlet_spawn
    value = await result
            ^^^^^^^^^^^^
../../../Library/Python/3.14/lib/python/site-packages/aiosqlite/cursor.py:40: in execute
    await self._execute(self._cursor.execute, sql, parameters)
../../../Library/Python/3.14/lib/python/site-packages/aiosqlite/cursor.py:32: in _execute
    return await self._conn._execute(fn, *args, **kwargs)
           ^^^^^^^^^^^^^^^^^^^^^^^^^^^^^^^^^^^^^^^^^^^^^^
../../../Library/Python/3.14/lib/python/site-packages/aiosqlite/core.py:160: in _execute
    return await future
           ^^^^^^^^^^^^
../../../Library/Python/3.14/lib/python/site-packages/aiosqlite/core.py:63: in _connection_worker_thread
    result = function()
             ^^^^^^^^^^
E   sqlalchemy.exc.OperationalError: (sqlite3.OperationalError) table memories has no column named expiry_time
E   [SQL: INSERT INTO memories (memory_id, seller_agent_id, team_id, team_access_level, created_by_agent_id, title, category, tags, summary, content, format_type, price, purchase_count, favorite_count, total_score, score_count, avg_score, verification_score, is_active, expires_at, expiry_time, ttl_days) VALUES (?, ?, ?, ?, ?, ?, ?, ?, ?, ?, ?, ?, ?, ?, ?, ?, ?, ?, ?, ?, ?, ?), (?, ?, ?, ?, ?, ?, ?, ?, ?, ?, ?, ?, ?, ?, ?, ?, ?, ?, ?, ?, ?, ?) RETURNING created_at, updated_at, memory_id]
E   [parameters: ('mem_a758274ca020', 'test_agent_7', None, 'private', None, 'Auto Expired Memory', 'test', '["test"]', 'This memory will be auto expired', '{"text": "content"}', 'template', 100, 0, 0, 0, 0, 0.0, None, 1, None, '2026-03-22 18:58:25.060004', None, 'mem_5f525ae3a235', 'test_agent_7', None, 'private', None, 'Valid Memory for Auto Test', 'test', '["test"]', 'This memory is valid', '{"text": "content"}', 'template', 100, 0, 0, 0, 0, 0.0, None, 1, None, '2026-04-22 18:58:25.060004', None)]
E   (Background on this error at: https://sqlalche.me/e/20/e3q8)
----------------------------- Captured stdout call -----------------------------
2026-03-23 18:58:25,060 INFO sqlalchemy.engine.Engine BEGIN (implicit)
2026-03-23 18:58:25,060 INFO sqlalchemy.engine.Engine INSERT INTO memories (memory_id, seller_agent_id, team_id, team_access_level, created_by_agent_id, title, category, tags, summary, content, format_type, price, purchase_count, favorite_count, total_score, score_count, avg_score, verification_score, is_active, expires_at, expiry_time, ttl_days) VALUES (?, ?, ?, ?, ?, ?, ?, ?, ?, ?, ?, ?, ?, ?, ?, ?, ?, ?, ?, ?, ?, ?), (?, ?, ?, ?, ?, ?, ?, ?, ?, ?, ?, ?, ?, ?, ?, ?, ?, ?, ?, ?, ?, ?) RETURNING created_at, updated_at, memory_id
2026-03-23 18:58:25,060 INFO sqlalchemy.engine.Engine [cached since 1.005s ago (insertmanyvalues) 1/1 (ordered)] ('mem_a758274ca020', 'test_agent_7', None, 'private', None, 'Auto Expired Memory', 'test', '["test"]', 'This memory will be auto expired', '{"text": "content"}', 'template', 100, 0, 0, 0, 0, 0.0, None, 1, None, '2026-03-22 18:58:25.060004', None, 'mem_5f525ae3a235', 'test_agent_7', None, 'private', None, 'Valid Memory for Auto Test', 'test', '["test"]', 'This memory is valid', '{"text": "content"}', 'template', 100, 0, 0, 0, 0, 0.0, None, 1, None, '2026-04-22 18:58:25.060004', None)
2026-03-23 18:58:25,060 INFO sqlalchemy.engine.Engine ROLLBACK
------------------------------ Captured log call -------------------------------
INFO     sqlalchemy.engine.Engine:base.py:2710 BEGIN (implicit)
INFO     sqlalchemy.engine.Engine:base.py:1844 INSERT INTO memories (memory_id, seller_agent_id, team_id, team_access_level, created_by_agent_id, title, category, tags, summary, content, format_type, price, purchase_count, favorite_count, total_score, score_count, avg_score, verification_score, is_active, expires_at, expiry_time, ttl_days) VALUES (?, ?, ?, ?, ?, ?, ?, ?, ?, ?, ?, ?, ?, ?, ?, ?, ?, ?, ?, ?, ?, ?), (?, ?, ?, ?, ?, ?, ?, ?, ?, ?, ?, ?, ?, ?, ?, ?, ?, ?, ?, ?, ?, ?) RETURNING created_at, updated_at, memory_id
INFO     sqlalchemy.engine.Engine:base.py:1844 [cached since 1.005s ago (insertmanyvalues) 1/1 (ordered)] ('mem_a758274ca020', 'test_agent_7', None, 'private', None, 'Auto Expired Memory', 'test', '["test"]', 'This memory will be auto expired', '{"text": "content"}', 'template', 100, 0, 0, 0, 0, 0.0, None, 1, None, '2026-03-22 18:58:25.060004', None, 'mem_5f525ae3a235', 'test_agent_7', None, 'private', None, 'Valid Memory for Auto Test', 'test', '["test"]', 'This memory is valid', '{"text": "content"}', 'template', 100, 0, 0, 0, 0, 0.0, None, 1, None, '2026-04-22 18:58:25.060004', None)
INFO     sqlalchemy.engine.Engine:base.py:2713 ROLLBACK
________________________________ test_get_stats ________________________________
/opt/homebrew/lib/python3.14/site-packages/sqlalchemy/engine/base.py:1967: in _exec_single_context
    self.dialect.do_execute(
/opt/homebrew/lib/python3.14/site-packages/sqlalchemy/engine/default.py:952: in do_execute
    cursor.execute(statement, parameters)
/opt/homebrew/lib/python3.14/site-packages/sqlalchemy/dialects/sqlite/aiosqlite.py:182: in execute
    self._adapt_connection._handle_exception(error)
/opt/homebrew/lib/python3.14/site-packages/sqlalchemy/dialects/sqlite/aiosqlite.py:342: in _handle_exception
    raise error
/opt/homebrew/lib/python3.14/site-packages/sqlalchemy/dialects/sqlite/aiosqlite.py:164: in execute
    self.await_(_cursor.execute(operation, parameters))
/opt/homebrew/lib/python3.14/site-packages/sqlalchemy/util/_concurrency_py3k.py:132: in await_only
    return current.parent.switch(awaitable)  # type: ignore[no-any-return,attr-defined] # noqa: E501
           ^^^^^^^^^^^^^^^^^^^^^^^^^^^^^^^^
/opt/homebrew/lib/python3.14/site-packages/sqlalchemy/util/_concurrency_py3k.py:196: in greenlet_spawn
    value = await result
            ^^^^^^^^^^^^
../../../Library/Python/3.14/lib/python/site-packages/aiosqlite/cursor.py:40: in execute
    await self._execute(self._cursor.execute, sql, parameters)
../../../Library/Python/3.14/lib/python/site-packages/aiosqlite/cursor.py:32: in _execute
    return await self._conn._execute(fn, *args, **kwargs)
           ^^^^^^^^^^^^^^^^^^^^^^^^^^^^^^^^^^^^^^^^^^^^^^
../../../Library/Python/3.14/lib/python/site-packages/aiosqlite/core.py:160: in _execute
    return await future
           ^^^^^^^^^^^^
../../../Library/Python/3.14/lib/python/site-packages/aiosqlite/core.py:63: in _connection_worker_thread
    result = function()
             ^^^^^^^^^^
E   sqlite3.OperationalError: no such column: memories.expiry_time

The above exception was the direct cause of the following exception:
tests/test_auto_forget.py:334: in test_get_stats
    stats = await service.get_stats(db_session)
            ^^^^^^^^^^^^^^^^^^^^^^^^^^^^^^^^^^^
app/services/auto_forget_service.py:496: in get_stats
    expired_memories_result = await db.execute(expired_memories_stmt)
                              ^^^^^^^^^^^^^^^^^^^^^^^^^^^^^^^^^^^^^^^
/opt/homebrew/lib/python3.14/site-packages/sqlalchemy/ext/asyncio/session.py:449: in execute
    result = await greenlet_spawn(
/opt/homebrew/lib/python3.14/site-packages/sqlalchemy/util/_concurrency_py3k.py:201: in greenlet_spawn
    result = context.throw(*sys.exc_info())
             ^^^^^^^^^^^^^^^^^^^^^^^^^^^^^^
/opt/homebrew/lib/python3.14/site-packages/sqlalchemy/orm/session.py:2351: in execute
    return self._execute_internal(
/opt/homebrew/lib/python3.14/site-packages/sqlalchemy/orm/session.py:2249: in _execute_internal
    result: Result[Any] = compile_state_cls.orm_execute_statement(
/opt/homebrew/lib/python3.14/site-packages/sqlalchemy/orm/context.py:306: in orm_execute_statement
    result = conn.execute(
/opt/homebrew/lib/python3.14/site-packages/sqlalchemy/engine/base.py:1419: in execute
    return meth(
/opt/homebrew/lib/python3.14/site-packages/sqlalchemy/sql/elements.py:527: in _execute_on_connection
    return connection._execute_clauseelement(
/opt/homebrew/lib/python3.14/site-packages/sqlalchemy/engine/base.py:1641: in _execute_clauseelement
    ret = self._execute_context(
/opt/homebrew/lib/python3.14/site-packages/sqlalchemy/engine/base.py:1846: in _execute_context
    return self._exec_single_context(
/opt/homebrew/lib/python3.14/site-packages/sqlalchemy/engine/base.py:1986: in _exec_single_context
    self._handle_dbapi_exception(
/opt/homebrew/lib/python3.14/site-packages/sqlalchemy/engine/base.py:2363: in _handle_dbapi_exception
    raise sqlalchemy_exception.with_traceback(exc_info[2]) from e
/opt/homebrew/lib/python3.14/site-packages/sqlalchemy/engine/base.py:1967: in _exec_single_context
    self.dialect.do_execute(
/opt/homebrew/lib/python3.14/site-packages/sqlalchemy/engine/default.py:952: in do_execute
    cursor.execute(statement, parameters)
/opt/homebrew/lib/python3.14/site-packages/sqlalchemy/dialects/sqlite/aiosqlite.py:182: in execute
    self._adapt_connection._handle_exception(error)
/opt/homebrew/lib/python3.14/site-packages/sqlalchemy/dialects/sqlite/aiosqlite.py:342: in _handle_exception
    raise error
/opt/homebrew/lib/python3.14/site-packages/sqlalchemy/dialects/sqlite/aiosqlite.py:164: in execute
    self.await_(_cursor.execute(operation, parameters))
/opt/homebrew/lib/python3.14/site-packages/sqlalchemy/util/_concurrency_py3k.py:132: in await_only
    return current.parent.switch(awaitable)  # type: ignore[no-any-return,attr-defined] # noqa: E501
           ^^^^^^^^^^^^^^^^^^^^^^^^^^^^^^^^
/opt/homebrew/lib/python3.14/site-packages/sqlalchemy/util/_concurrency_py3k.py:196: in greenlet_spawn
    value = await result
            ^^^^^^^^^^^^
../../../Library/Python/3.14/lib/python/site-packages/aiosqlite/cursor.py:40: in execute
    await self._execute(self._cursor.execute, sql, parameters)
../../../Library/Python/3.14/lib/python/site-packages/aiosqlite/cursor.py:32: in _execute
    return await self._conn._execute(fn, *args, **kwargs)
           ^^^^^^^^^^^^^^^^^^^^^^^^^^^^^^^^^^^^^^^^^^^^^^
../../../Library/Python/3.14/lib/python/site-packages/aiosqlite/core.py:160: in _execute
    return await future
           ^^^^^^^^^^^^
../../../Library/Python/3.14/lib/python/site-packages/aiosqlite/core.py:63: in _connection_worker_thread
    result = function()
             ^^^^^^^^^^
E   sqlalchemy.exc.OperationalError: (sqlite3.OperationalError) no such column: memories.expiry_time
E   [SQL: SELECT count(memories.memory_id) AS count_1 
E   FROM memories 
E   WHERE memories.is_active = 1 AND memories.expiry_time IS NOT NULL AND memories.expiry_time <= ?]
E   [parameters: ('2026-03-23 18:58:25.230054',)]
E   (Background on this error at: https://sqlalche.me/e/20/e3q8)
----------------------------- Captured stdout call -----------------------------
2026-03-23 18:58:25,230 INFO sqlalchemy.engine.Engine BEGIN (implicit)
2026-03-23 18:58:25,230 INFO sqlalchemy.engine.Engine SELECT count(memories.memory_id) AS count_1 
FROM memories 
WHERE memories.is_active = 1 AND memories.expiry_time IS NOT NULL AND memories.expiry_time <= ?
2026-03-23 18:58:25,230 INFO sqlalchemy.engine.Engine [generated in 0.00006s] ('2026-03-23 18:58:25.230054',)
------------------------------ Captured log call -------------------------------
INFO     sqlalchemy.engine.Engine:base.py:2710 BEGIN (implicit)
INFO     sqlalchemy.engine.Engine:base.py:1846 SELECT count(memories.memory_id) AS count_1 
FROM memories 
WHERE memories.is_active = 1 AND memories.expiry_time IS NOT NULL AND memories.expiry_time <= ?
INFO     sqlalchemy.engine.Engine:base.py:1846 [generated in 0.00006s] ('2026-03-23 18:58:25.230054',)
--------------------------- Captured stdout teardown ---------------------------
2026-03-23 18:58:25,356 INFO sqlalchemy.engine.Engine ROLLBACK
---------------------------- Captured log teardown -----------------------------
INFO     sqlalchemy.engine.Engine:base.py:2713 ROLLBACK
_____________ TestDigitalSignatureService.test_performance_signing _____________
tests/test_digital_signature.py:125: in test_performance_signing
    assert avg_time_ms < 10.0
E   assert 43.602585792541504 < 10.0
___________________ TestKeyManagementService.test_rotate_key ___________________
tests/test_digital_signature.py:197: in test_rotate_key
    assert key_id2 != key_id1
E   AssertionError: assert '20260323_105826' != '20260323_105826'
_______________________ TestRunner.test_run_with_failure _______________________
tests/test_evaluation.py:285: in test_run_with_failure
    assert result.failed_cases == 2
E   AssertionError: assert 0 == 2
E    +  where 0 = EvaluationResult(id='a64dc9af-a25', dataset_id='214105e0', dataset_name='test_eval', run_name='fail_run', status='completed', total_cases=2, completed_cases=2, failed_cases=0, aggregated_metrics={}, case_results=[CaseResult(case_id='c1d0bb4c', query='python programming', predicted_ids=[], predicted_ranked=[], metrics={}, latency_ms=0.0, error='search failed'), CaseResult(case_id='2b1e8e60', query='machine learning', predicted_ids=[], predicted_ranked=[], metrics={}, latency_ms=0.0, error='search failed')], config={'k': 10, 'parallel': 1}, started_at='2026-03-23T18:58:30.360143', completed_at='2026-03-23T18:58:30.360208', duration_seconds=6.5e-05).failed_cases
______________ TestAdapterRegistration.test_register_all_adapters ______________
tests/test_external_sources.py:596: in test_register_all_adapters
    assert expected.issubset(registered_types)
E   AssertionError: assert False
E    +  where False = <built-in method issubset of set object at 0x11a61ace0>({<SourceType.LOCAL_FOLDER: 'local_folder'>})
E    +    where <built-in method issubset of set object at 0x11a61ace0> = {<SourceType.GITHUB: 'github'>, <SourceType.GMAIL: 'gmail'>, <SourceType.GOOGLE_DRIVE: 'google_drive'>, <SourceType.LOCAL_FOLDER: 'local_folder'>, <SourceType.NOTION: 'notion'>, <SourceType.ONEDRIVE: 'onedrive'>}.issubset
------------------------------ Captured log call -------------------------------
WARNING  app.services.external_source_service:external_source_service.py:396 Failed to register adapter GoogleDriveAdapter: No module named 'aiohttp'
WARNING  app.services.external_source_service:external_source_service.py:396 Failed to register adapter GmailAdapter: No module named 'aiohttp'
WARNING  app.services.external_source_service:external_source_service.py:396 Failed to register adapter NotionAdapter: No module named 'aiohttp'
WARNING  app.services.external_source_service:external_source_service.py:396 Failed to register adapter OneDriveAdapter: No module named 'aiohttp'
WARNING  app.services.external_source_service:external_source_service.py:396 Failed to register adapter GitHubAdapter: No module named 'aiohttp'
___________ TestExternalSourcesAPI.test_connect_invalid_source_type ____________
tests/test_external_sources.py:624: in test_connect_invalid_source_type
    assert response.status_code == 400
E   assert 500 == 400
E    +  where 500 = <Response [500 Internal Server Error]>.status_code
------------------------------ Captured log call -------------------------------
ERROR    app.api.external_sources:external_sources.py:123 Failed to connect source: 400: Invalid source type: invalid_type
___________________ TestInMemoryVectorEngine.test_filter_ids ___________________
tests/test_in_memory.py:374: in test_filter_ids
    assert "mem_003" in result_ids or "mem_004" in result_ids
E   AssertionError: assert ('mem_003' in [] or 'mem_004' in [])
_____________________ TestInMemoryHybridEngine.test_rerank _____________________
tests/test_in_memory.py:561: in test_rerank
    with_rerank = engine.search(
E   TypeError: InMemoryHybridEngine.search() got an unexpected keyword argument 'enable_rerank'
__________________ TestTeamMCPTools.test_create_team_success ___________________
tests/test_mcp_tools.py:48: in test_create_team_success
    with patch('mcp_tools.team_mcp.TeamService.create_team') as mock_create:
         ^^^^^^^^^^^^^^^^^^^^^^^^^^^^^^^^^^^^^^^^^^^^^^^^^^^
/opt/homebrew/Cellar/python@3.14/3.14.3_1/Frameworks/Python.framework/Versions/3.14/lib/python3.14/unittest/mock.py:1487: in __enter__
    self.target = self.getter()
                  ^^^^^^^^^^^^^
/opt/homebrew/Cellar/python@3.14/3.14.3_1/Frameworks/Python.framework/Versions/3.14/lib/python3.14/pkgutil.py:473: in resolve_name
    result = getattr(result, p)
             ^^^^^^^^^^^^^^^^^^
E   AttributeError: module 'mcp_tools.team_mcp' has no attribute 'TeamService'
________________ TestTeamMCPTools.test_create_team_missing_name ________________
tests/test_mcp_tools.py:67: in test_create_team_missing_name
    result = await team_tools.create_team(
mcp_tools/team_mcp.py:67: in create_team
    await db.close()
E   TypeError: 'NoneType' object can't be awaited
____________________ TestTeamMCPTools.test_get_team_success ____________________
tests/test_mcp_tools.py:97: in test_get_team_success
    with patch('mcp_tools.team_mcp.TeamService.get_team_detail') as mock_get:
         ^^^^^^^^^^^^^^^^^^^^^^^^^^^^^^^^^^^^^^^^^^^^^^^^^^^^^^^
/opt/homebrew/Cellar/python@3.14/3.14.3_1/Frameworks/Python.framework/Versions/3.14/lib/python3.14/unittest/mock.py:1487: in __enter__
    self.target = self.getter()
                  ^^^^^^^^^^^^^
/opt/homebrew/Cellar/python@3.14/3.14.3_1/Frameworks/Python.framework/Versions/3.14/lib/python3.14/pkgutil.py:473: in resolve_name
    result = getattr(result, p)
             ^^^^^^^^^^^^^^^^^^
E   AttributeError: module 'mcp_tools.team_mcp' has no attribute 'TeamService'
___________________ TestTeamMCPTools.test_get_team_not_found ___________________
tests/test_mcp_tools.py:110: in test_get_team_not_found
    with patch('mcp_tools.team_mcp.TeamService.get_team_detail') as mock_get:
         ^^^^^^^^^^^^^^^^^^^^^^^^^^^^^^^^^^^^^^^^^^^^^^^^^^^^^^^
/opt/homebrew/Cellar/python@3.14/3.14.3_1/Frameworks/Python.framework/Versions/3.14/lib/python3.14/unittest/mock.py:1487: in __enter__
    self.target = self.getter()
                  ^^^^^^^^^^^^^
/opt/homebrew/Cellar/python@3.14/3.14.3_1/Frameworks/Python.framework/Versions/3.14/lib/python3.14/pkgutil.py:473: in resolve_name
    result = getattr(result, p)
             ^^^^^^^^^^^^^^^^^^
E   AttributeError: module 'mcp_tools.team_mcp' has no attribute 'TeamService'
__________________ TestTeamMCPTools.test_update_team_success ___________________
tests/test_mcp_tools.py:133: in test_update_team_success
    with patch('mcp_tools.team_mcp.TeamService.update_team') as mock_update:
         ^^^^^^^^^^^^^^^^^^^^^^^^^^^^^^^^^^^^^^^^^^^^^^^^^^^
/opt/homebrew/Cellar/python@3.14/3.14.3_1/Frameworks/Python.framework/Versions/3.14/lib/python3.14/unittest/mock.py:1487: in __enter__
    self.target = self.getter()
                  ^^^^^^^^^^^^^
/opt/homebrew/Cellar/python@3.14/3.14.3_1/Frameworks/Python.framework/Versions/3.14/lib/python3.14/pkgutil.py:473: in resolve_name
    result = getattr(result, p)
             ^^^^^^^^^^^^^^^^^^
E   AttributeError: module 'mcp_tools.team_mcp' has no attribute 'TeamService'
__________________ TestTeamMCPTools.test_delete_team_success ___________________
tests/test_mcp_tools.py:151: in test_delete_team_success
    with patch('mcp_tools.team_mcp.TeamService.delete_team') as mock_delete:
         ^^^^^^^^^^^^^^^^^^^^^^^^^^^^^^^^^^^^^^^^^^^^^^^^^^^
/opt/homebrew/Cellar/python@3.14/3.14.3_1/Frameworks/Python.framework/Versions/3.14/lib/python3.14/unittest/mock.py:1487: in __enter__
    self.target = self.getter()
                  ^^^^^^^^^^^^^
/opt/homebrew/Cellar/python@3.14/3.14.3_1/Frameworks/Python.framework/Versions/3.14/lib/python3.14/pkgutil.py:473: in resolve_name
    result = getattr(result, p)
             ^^^^^^^^^^^^^^^^^^
E   AttributeError: module 'mcp_tools.team_mcp' has no attribute 'TeamService'
_______________________ TestTeamMCPTools.test_list_teams _______________________
tests/test_mcp_tools.py:186: in test_list_teams
    with patch('mcp_tools.team_mcp.TeamMCPTools.get_db') as mock_get_db:
         ^^^^^^^^^^^^^^^^^^^^^^^^^^^^^^^^^^^^^^^^^^^^^^^
/opt/homebrew/Cellar/python@3.14/3.14.3_1/Frameworks/Python.framework/Versions/3.14/lib/python3.14/unittest/mock.py:1503: in __enter__
    original, local = self.get_original()
                      ^^^^^^^^^^^^^^^^^^^
/opt/homebrew/Cellar/python@3.14/3.14.3_1/Frameworks/Python.framework/Versions/3.14/lib/python3.14/unittest/mock.py:1473: in get_original
    raise AttributeError(
E   AttributeError: <class 'mcp_tools.team_mcp.TeamMCPTools'> does not have the attribute 'get_db'
_____________________ TestTeamMCPTools.test_get_team_stats _____________________
tests/test_mcp_tools.py:200: in test_get_team_stats
    with patch('mcp_tools.team_mcp.CreditService.get_credits_info') as mock_get:
         ^^^^^^^^^^^^^^^^^^^^^^^^^^^^^^^^^^^^^^^^^^^^^^^^^^^^^^^^^^
/opt/homebrew/Cellar/python@3.14/3.14.3_1/Frameworks/Python.framework/Versions/3.14/lib/python3.14/unittest/mock.py:1487: in __enter__
    self.target = self.getter()
                  ^^^^^^^^^^^^^
/opt/homebrew/Cellar/python@3.14/3.14.3_1/Frameworks/Python.framework/Versions/3.14/lib/python3.14/pkgutil.py:473: in resolve_name
    result = getattr(result, p)
             ^^^^^^^^^^^^^^^^^^
E   AttributeError: module 'mcp_tools.team_mcp' has no attribute 'CreditService'
_________________ TestTeamMCPTools.test_invite_member_success __________________
tests/test_mcp_tools.py:223: in test_invite_member_success
    invite = TeamInviteCodeResponse(
E   pydantic_core._pydantic_core.ValidationError: 1 validation error for TeamInviteCodeResponse
E   invite_code_id
E     Input should be a valid string [type=string_type, input_value=1, input_type=int]
E       For further information visit https://errors.pydantic.dev/2.12/v/string_type
___________________ TestTeamMCPTools.test_join_team_success ____________________
tests/test_mcp_tools.py:248: in test_join_team_success
    with patch('mcp_tools.team_mcp.MemberService.join_team_by_code') as mock_join:
         ^^^^^^^^^^^^^^^^^^^^^^^^^^^^^^^^^^^^^^^^^^^^^^^^^^^^^^^^^^^
/opt/homebrew/Cellar/python@3.14/3.14.3_1/Frameworks/Python.framework/Versions/3.14/lib/python3.14/unittest/mock.py:1487: in __enter__
    self.target = self.getter()
                  ^^^^^^^^^^^^^
/opt/homebrew/Cellar/python@3.14/3.14.3_1/Frameworks/Python.framework/Versions/3.14/lib/python3.14/pkgutil.py:473: in resolve_name
    result = getattr(result, p)
             ^^^^^^^^^^^^^^^^^^
E   AttributeError: module 'mcp_tools.team_mcp' has no attribute 'MemberService'
______________________ TestTeamMCPTools.test_list_members ______________________
tests/test_mcp_tools.py:282: in test_list_members
    with patch('mcp_tools.team_mcp.TeamService.get_team_members') as mock_list:
         ^^^^^^^^^^^^^^^^^^^^^^^^^^^^^^^^^^^^^^^^^^^^^^^^^^^^^^^^
/opt/homebrew/Cellar/python@3.14/3.14.3_1/Frameworks/Python.framework/Versions/3.14/lib/python3.14/unittest/mock.py:1487: in __enter__
    self.target = self.getter()
                  ^^^^^^^^^^^^^
/opt/homebrew/Cellar/python@3.14/3.14.3_1/Frameworks/Python.framework/Versions/3.14/lib/python3.14/pkgutil.py:473: in resolve_name
    result = getattr(result, p)
             ^^^^^^^^^^^^^^^^^^
E   AttributeError: module 'mcp_tools.team_mcp' has no attribute 'TeamService'
___________________ TestTeamMCPTools.test_update_member_role ___________________
tests/test_mcp_tools.py:305: in test_update_member_role
    with patch('mcp_tools.team_mcp.MemberService.update_member_role') as mock_update:
         ^^^^^^^^^^^^^^^^^^^^^^^^^^^^^^^^^^^^^^^^^^^^^^^^^^^^^^^^^^^^
/opt/homebrew/Cellar/python@3.14/3.14.3_1/Frameworks/Python.framework/Versions/3.14/lib/python3.14/unittest/mock.py:1487: in __enter__
    self.target = self.getter()
                  ^^^^^^^^^^^^^
/opt/homebrew/Cellar/python@3.14/3.14.3_1/Frameworks/Python.framework/Versions/3.14/lib/python3.14/pkgutil.py:473: in resolve_name
    result = getattr(result, p)
             ^^^^^^^^^^^^^^^^^^
E   AttributeError: module 'mcp_tools.team_mcp' has no attribute 'MemberService'
_____________________ TestTeamMCPTools.test_remove_member ______________________
tests/test_mcp_tools.py:322: in test_remove_member
    with patch('mcp_tools.team_mcp.MemberService.remove_member') as mock_remove:
         ^^^^^^^^^^^^^^^^^^^^^^^^^^^^^^^^^^^^^^^^^^^^^^^^^^^^^^^
/opt/homebrew/Cellar/python@3.14/3.14.3_1/Frameworks/Python.framework/Versions/3.14/lib/python3.14/unittest/mock.py:1487: in __enter__
    self.target = self.getter()
                  ^^^^^^^^^^^^^
/opt/homebrew/Cellar/python@3.14/3.14.3_1/Frameworks/Python.framework/Versions/3.14/lib/python3.14/pkgutil.py:473: in resolve_name
    result = getattr(result, p)
             ^^^^^^^^^^^^^^^^^^
E   AttributeError: module 'mcp_tools.team_mcp' has no attribute 'MemberService'
___________________ TestTeamMCPTools.test_create_team_memory ___________________
tests/test_mcp_tools.py:342: in test_create_team_memory
    memory = TeamMemoryResponse(
E   pydantic_core._pydantic_core.ValidationError: 7 validation errors for TeamMemoryResponse
E   team_name
E     Field required [type=missing, input_value={'memory_id': 'mem_001', ...23, 18, 58, 34, 181305)}, input_type=dict]
E       For further information visit https://errors.pydantic.dev/2.12/v/missing
E   created_by_name
E     Field required [type=missing, input_value={'memory_id': 'mem_001', ...23, 18, 58, 34, 181305)}, input_type=dict]
E       For further information visit https://errors.pydantic.dev/2.12/v/missing
E   purchase_count
E     Field required [type=missing, input_value={'memory_id': 'mem_001', ...23, 18, 58, 34, 181305)}, input_type=dict]
E       For further information visit https://errors.pydantic.dev/2.12/v/missing
E   favorite_count
E     Field required [type=missing, input_value={'memory_id': 'mem_001', ...23, 18, 58, 34, 181305)}, input_type=dict]
E       For further information visit https://errors.pydantic.dev/2.12/v/missing
E   avg_score
E     Field required [type=missing, input_value={'memory_id': 'mem_001', ...23, 18, 58, 34, 181305)}, input_type=dict]
E       For further information visit https://errors.pydantic.dev/2.12/v/missing
E   verification_score
E     Field required [type=missing, input_value={'memory_id': 'mem_001', ...23, 18, 58, 34, 181305)}, input_type=dict]
E       For further information visit https://errors.pydantic.dev/2.12/v/missing
E   updated_at
E     Field required [type=missing, input_value={'memory_id': 'mem_001', ...23, 18, 58, 34, 181305)}, input_type=dict]
E       For further information visit https://errors.pydantic.dev/2.12/v/missing
____________________ TestTeamMCPTools.test_get_team_memory _____________________
tests/test_mcp_tools.py:380: in test_get_team_memory
    memory = TeamMemoryResponse(
E   pydantic_core._pydantic_core.ValidationError: 7 validation errors for TeamMemoryResponse
E   team_name
E     Field required [type=missing, input_value={'memory_id': 'mem_001', ...23, 18, 58, 34, 185071)}, input_type=dict]
E       For further information visit https://errors.pydantic.dev/2.12/v/missing
E   created_by_name
E     Field required [type=missing, input_value={'memory_id': 'mem_001', ...23, 18, 58, 34, 185071)}, input_type=dict]
E       For further information visit https://errors.pydantic.dev/2.12/v/missing
E   purchase_count
E     Field required [type=missing, input_value={'memory_id': 'mem_001', ...23, 18, 58, 34, 185071)}, input_type=dict]
E       For further information visit https://errors.pydantic.dev/2.12/v/missing
E   favorite_count
E     Field required [type=missing, input_value={'memory_id': 'mem_001', ...23, 18, 58, 34, 185071)}, input_type=dict]
E       For further information visit https://errors.pydantic.dev/2.12/v/missing
E   avg_score
E     Field required [type=missing, input_value={'memory_id': 'mem_001', ...23, 18, 58, 34, 185071)}, input_type=dict]
E       For further information visit https://errors.pydantic.dev/2.12/v/missing
E   verification_score
E     Field required [type=missing, input_value={'memory_id': 'mem_001', ...23, 18, 58, 34, 185071)}, input_type=dict]
E       For further information visit https://errors.pydantic.dev/2.12/v/missing
E   updated_at
E     Field required [type=missing, input_value={'memory_id': 'mem_001', ...23, 18, 58, 34, 185071)}, input_type=dict]
E       For further information visit https://errors.pydantic.dev/2.12/v/missing
___________________ TestTeamMCPTools.test_update_team_memory ___________________
tests/test_mcp_tools.py:414: in test_update_team_memory
    memory = TeamMemoryResponse(
E   pydantic_core._pydantic_core.ValidationError: 7 validation errors for TeamMemoryResponse
E   team_name
E     Field required [type=missing, input_value={'memory_id': 'mem_001', ...23, 18, 58, 34, 188784)}, input_type=dict]
E       For further information visit https://errors.pydantic.dev/2.12/v/missing
E   created_by_name
E     Field required [type=missing, input_value={'memory_id': 'mem_001', ...23, 18, 58, 34, 188784)}, input_type=dict]
E       For further information visit https://errors.pydantic.dev/2.12/v/missing
E   purchase_count
E     Field required [type=missing, input_value={'memory_id': 'mem_001', ...23, 18, 58, 34, 188784)}, input_type=dict]
E       For further information visit https://errors.pydantic.dev/2.12/v/missing
E   favorite_count
E     Field required [type=missing, input_value={'memory_id': 'mem_001', ...23, 18, 58, 34, 188784)}, input_type=dict]
E       For further information visit https://errors.pydantic.dev/2.12/v/missing
E   avg_score
E     Field required [type=missing, input_value={'memory_id': 'mem_001', ...23, 18, 58, 34, 188784)}, input_type=dict]
E       For further information visit https://errors.pydantic.dev/2.12/v/missing
E   verification_score
E     Field required [type=missing, input_value={'memory_id': 'mem_001', ...23, 18, 58, 34, 188784)}, input_type=dict]
E       For further information visit https://errors.pydantic.dev/2.12/v/missing
E   updated_at
E     Field required [type=missing, input_value={'memory_id': 'mem_001', ...23, 18, 58, 34, 188784)}, input_type=dict]
E       For further information visit https://errors.pydantic.dev/2.12/v/missing
___________________ TestTeamMCPTools.test_delete_team_memory ___________________
tests/test_mcp_tools.py:446: in test_delete_team_memory
    with patch('mcp_tools.team_mcp.delete_team_memory') as mock_delete:
         ^^^^^^^^^^^^^^^^^^^^^^^^^^^^^^^^^^^^^^^^^^^^^^
/opt/homebrew/Cellar/python@3.14/3.14.3_1/Frameworks/Python.framework/Versions/3.14/lib/python3.14/unittest/mock.py:1503: in __enter__
    original, local = self.get_original()
                      ^^^^^^^^^^^^^^^^^^^
/opt/homebrew/Cellar/python@3.14/3.14.3_1/Frameworks/Python.framework/Versions/3.14/lib/python3.14/unittest/mock.py:1473: in get_original
    raise AttributeError(
E   AttributeError: <module 'mcp_tools.team_mcp' from '/Users/sss/.openclaw/workspace/memory-market/mcp_tools/team_mcp.py'> does not have the attribute 'delete_team_memory'
__________________ TestTeamMCPTools.test_search_team_memories __________________
tests/test_mcp_tools.py:464: in test_search_team_memories
    from app.models.pagination import PaginatedResponse
E   ModuleNotFoundError: No module named 'app.models.pagination'
___________________ TestTeamMCPTools.test_list_team_memories ___________________
tests/test_mcp_tools.py:503: in test_list_team_memories
    from app.models.pagination import PaginatedResponse
E   ModuleNotFoundError: No module named 'app.models.pagination'
____________________ TestTeamMCPTools.test_get_team_credits ____________________
tests/test_mcp_tools.py:539: in test_get_team_credits
    with patch('mcp_tools.team_mcp.CreditService.get_credits_info') as mock_get:
         ^^^^^^^^^^^^^^^^^^^^^^^^^^^^^^^^^^^^^^^^^^^^^^^^^^^^^^^^^^
/opt/homebrew/Cellar/python@3.14/3.14.3_1/Frameworks/Python.framework/Versions/3.14/lib/python3.14/unittest/mock.py:1487: in __enter__
    self.target = self.getter()
                  ^^^^^^^^^^^^^
/opt/homebrew/Cellar/python@3.14/3.14.3_1/Frameworks/Python.framework/Versions/3.14/lib/python3.14/pkgutil.py:473: in resolve_name
    result = getattr(result, p)
             ^^^^^^^^^^^^^^^^^^
E   AttributeError: module 'mcp_tools.team_mcp' has no attribute 'CreditService'
____________________ TestTeamMCPTools.test_add_team_credits ____________________
tests/test_mcp_tools.py:566: in test_add_team_credits
    with patch('mcp_tools.team_mcp.CreditService.add_credits') as mock_add:
         ^^^^^^^^^^^^^^^^^^^^^^^^^^^^^^^^^^^^^^^^^^^^^^^^^^^^^
/opt/homebrew/Cellar/python@3.14/3.14.3_1/Frameworks/Python.framework/Versions/3.14/lib/python3.14/unittest/mock.py:1487: in __enter__
    self.target = self.getter()
                  ^^^^^^^^^^^^^
/opt/homebrew/Cellar/python@3.14/3.14.3_1/Frameworks/Python.framework/Versions/3.14/lib/python3.14/pkgutil.py:473: in resolve_name
    result = getattr(result, p)
             ^^^^^^^^^^^^^^^^^^
E   AttributeError: module 'mcp_tools.team_mcp' has no attribute 'CreditService'
____________________ TestTeamMCPTools.test_transfer_credits ____________________
tests/test_mcp_tools.py:583: in test_transfer_credits
    with patch('mcp_tools.team_mcp.CreditService.transfer_credits') as mock_transfer:
         ^^^^^^^^^^^^^^^^^^^^^^^^^^^^^^^^^^^^^^^^^^^^^^^^^^^^^^^^^^
/opt/homebrew/Cellar/python@3.14/3.14.3_1/Frameworks/Python.framework/Versions/3.14/lib/python3.14/unittest/mock.py:1487: in __enter__
    self.target = self.getter()
                  ^^^^^^^^^^^^^
/opt/homebrew/Cellar/python@3.14/3.14.3_1/Frameworks/Python.framework/Versions/3.14/lib/python3.14/pkgutil.py:473: in resolve_name
    result = getattr(result, p)
             ^^^^^^^^^^^^^^^^^^
E   AttributeError: module 'mcp_tools.team_mcp' has no attribute 'CreditService'
________________ TestTeamMCPTools.test_get_credit_transactions _________________
tests/test_mcp_tools.py:621: in test_get_credit_transactions
    with patch('mcp_tools.team_mcp.CreditService.get_transactions') as mock_get:
         ^^^^^^^^^^^^^^^^^^^^^^^^^^^^^^^^^^^^^^^^^^^^^^^^^^^^^^^^^^
/opt/homebrew/Cellar/python@3.14/3.14.3_1/Frameworks/Python.framework/Versions/3.14/lib/python3.14/unittest/mock.py:1487: in __enter__
    self.target = self.getter()
                  ^^^^^^^^^^^^^
/opt/homebrew/Cellar/python@3.14/3.14.3_1/Frameworks/Python.framework/Versions/3.14/lib/python3.14/pkgutil.py:473: in resolve_name
    result = getattr(result, p)
             ^^^^^^^^^^^^^^^^^^
E   AttributeError: module 'mcp_tools.team_mcp' has no attribute 'CreditService'
__________________ TestTeamMCPTools.test_get_team_activities ___________________
tests/test_mcp_tools.py:646: in test_get_team_activities
    TeamActivityLog(
E   pydantic_core._pydantic_core.ValidationError: 2 validation errors for TeamActivityLog
E   related_id
E     Field required [type=missing, input_value={'activity_id': 'act_001'...23, 18, 58, 34, 303209)}, input_type=dict]
E       For further information visit https://errors.pydantic.dev/2.12/v/missing
E   extra_data
E     Field required [type=missing, input_value={'activity_id': 'act_001'...23, 18, 58, 34, 303209)}, input_type=dict]
E       For further information visit https://errors.pydantic.dev/2.12/v/missing
______________________ TestTeamMCPTools.test_log_activity ______________________
tests/test_mcp_tools.py:673: in test_log_activity
    result = await team_tools.log_activity(
mcp_tools/team_mcp.py:901: in log_activity
    await db.close()
E   TypeError: 'NoneType' object can't be awaited
___________________ TestTeamMCPTools.test_get_team_insights ____________________
tests/test_mcp_tools.py:710: in test_get_team_insights
    with patch('mcp_tools.team_mcp.get_team_stats') as mock_get:
         ^^^^^^^^^^^^^^^^^^^^^^^^^^^^^^^^^^^^^^^^^^
/opt/homebrew/Cellar/python@3.14/3.14.3_1/Frameworks/Python.framework/Versions/3.14/lib/python3.14/unittest/mock.py:1503: in __enter__
    original, local = self.get_original()
                      ^^^^^^^^^^^^^^^^^^^
/opt/homebrew/Cellar/python@3.14/3.14.3_1/Frameworks/Python.framework/Versions/3.14/lib/python3.14/unittest/mock.py:1473: in get_original
    raise AttributeError(
E   AttributeError: <module 'mcp_tools.team_mcp' from '/Users/sss/.openclaw/workspace/memory-market/mcp_tools/team_mcp.py'> does not have the attribute 'get_team_stats'
______________ TestToolCategories.test_member_management_category ______________
tests/test_mcp_tools_simple.py:365: in test_member_management_category
    assert "成员" in tool["description"] or "member" in tool["description"].lower()
E   AssertionError: assert ('成员' in '生成邀请码' or 'member' in '生成邀请码')
E    +  where '生成邀请码' = <built-in method lower of str object at 0x119b02600>()
E    +    where <built-in method lower of str object at 0x119b02600> = '生成邀请码'.lower
_________________ TestOpenTelemetrySetup.test_setup_telemetry __________________
tests/test_monitoring.py:34: in test_setup_telemetry
    tracer_provider, meter_provider = setup_telemetry(
app/telemetry/__init__.py:65: in setup_telemetry
    metrics.set_meter_provider(meter_provider)
    ^^^^^^^^^^^^^^^^^^^^^^^^^^
E   AttributeError: module 'app.telemetry.metrics' has no attribute 'set_meter_provider'
____________________ TestOpenTelemetrySetup.test_get_tracer ____________________
tests/test_monitoring.py:51: in test_get_tracer
    setup_telemetry(service_name="test-service")
app/telemetry/__init__.py:65: in setup_telemetry
    metrics.set_meter_provider(meter_provider)
    ^^^^^^^^^^^^^^^^^^^^^^^^^^
E   AttributeError: module 'app.telemetry.metrics' has no attribute 'set_meter_provider'
------------------------------ Captured log call -------------------------------
WARNING  opentelemetry.trace:__init__.py:567 Overriding of current TracerProvider is not allowed
____________________ TestOpenTelemetrySetup.test_get_meter _____________________
tests/test_monitoring.py:57: in test_get_meter
    setup_telemetry(service_name="test-service")
app/telemetry/__init__.py:65: in setup_telemetry
    metrics.set_meter_provider(meter_provider)
    ^^^^^^^^^^^^^^^^^^^^^^^^^^
E   AttributeError: module 'app.telemetry.metrics' has no attribute 'set_meter_provider'
------------------------------ Captured log call -------------------------------
WARNING  opentelemetry.trace:__init__.py:567 Overriding of current TracerProvider is not allowed
________________________ TestTracing.test_get_trace_id _________________________
tests/test_monitoring.py:79: in test_get_trace_id
    trace_id = get_trace_id()
               ^^^^^^^^^^^^^^
app/telemetry/tracing.py:118: in get_trace_id
    if current_span is not None and current_span.context is not None:
                                    ^^^^^^^^^^^^^^^^^^^^
E   AttributeError: 'NonRecordingSpan' object has no attribute 'context'
____________________ TestMetrics.test_create_common_metrics ____________________
tests/test_monitoring.py:112: in test_create_common_metrics
    setup_telemetry(service_name="test-service")
app/telemetry/__init__.py:65: in setup_telemetry
    metrics.set_meter_provider(meter_provider)
    ^^^^^^^^^^^^^^^^^^^^^^^^^^
E   AttributeError: module 'app.telemetry.metrics' has no attribute 'set_meter_provider'
------------------------------ Captured log call -------------------------------
WARNING  opentelemetry.trace:__init__.py:567 Overriding of current TracerProvider is not allowed
______________________ TestMetrics.test_metric_functions _______________________
tests/test_monitoring.py:119: in test_metric_functions
    setup_telemetry(service_name="test-service")
app/telemetry/__init__.py:65: in setup_telemetry
    metrics.set_meter_provider(meter_provider)
    ^^^^^^^^^^^^^^^^^^^^^^^^^^
E   AttributeError: module 'app.telemetry.metrics' has no attribute 'set_meter_provider'
------------------------------ Captured log call -------------------------------
WARNING  opentelemetry.trace:__init__.py:567 Overriding of current TracerProvider is not allowed
________________________ TestLogging.test_setup_logging ________________________
tests/test_monitoring.py:139: in test_setup_logging
    logger = setup_logging(
E   TypeError: setup_logging() got an unexpected keyword argument 'environment'
_______________________ TestLogging.test_json_formatter ________________________
tests/test_monitoring.py:172: in test_json_formatter
    formatter.add_fields(log_record, record, {})
app/core/logging.py:53: in add_fields
    trace_id = self._get_trace_id()
               ^^^^^^^^^^^^^^^^^^^^
app/core/logging.py:68: in _get_trace_id
    if current_span is not None and current_span.context is not None:
                                    ^^^^^^^^^^^^^^^^^^^^
E   AttributeError: 'NonRecordingSpan' object has no attribute 'context'
______________ TestMonitoringIntegration.test_full_telemetry_flow ______________
tests/test_monitoring.py:189: in test_full_telemetry_flow
    tracer_provider, meter_provider = setup_telemetry(
app/telemetry/__init__.py:65: in setup_telemetry
    metrics.set_meter_provider(meter_provider)
    ^^^^^^^^^^^^^^^^^^^^^^^^^^
E   AttributeError: module 'app.telemetry.metrics' has no attribute 'set_meter_provider'
------------------------------ Captured log call -------------------------------
WARNING  opentelemetry.trace:__init__.py:567 Overriding of current TracerProvider is not allowed
_____________ TestMonitoringIntegration.test_trace_context_in_logs _____________
tests/test_monitoring.py:220: in test_trace_context_in_logs
    setup_telemetry(service_name="trace-test")
app/telemetry/__init__.py:65: in setup_telemetry
    metrics.set_meter_provider(meter_provider)
    ^^^^^^^^^^^^^^^^^^^^^^^^^^
E   AttributeError: module 'app.telemetry.metrics' has no attribute 'set_meter_provider'
------------------------------ Captured log call -------------------------------
WARNING  opentelemetry.trace:__init__.py:567 Overriding of current TracerProvider is not allowed
___________ TestMonitoringIntegration.test_metric_recording_overhead ___________
tests/test_monitoring.py:233: in test_metric_recording_overhead
    setup_telemetry(service_name="performance-test")
app/telemetry/__init__.py:65: in setup_telemetry
    metrics.set_meter_provider(meter_provider)
    ^^^^^^^^^^^^^^^^^^^^^^^^^^
E   AttributeError: module 'app.telemetry.metrics' has no attribute 'set_meter_provider'
------------------------------ Captured log call -------------------------------
WARNING  opentelemetry.trace:__init__.py:567 Overriding of current TracerProvider is not allowed
_____________________ TestDirectFactAgent.test_empty_query _____________________
tests/test_multi_agent.py:230: in test_empty_query
    assert result.data["result_count"] == 0
           ^^^^^^^^^^^^^^^^^^^^^^^^^^^
E   KeyError: 'result_count'
__________________ TestIntegration.test_concurrent_pipelines ___________________
tests/test_multi_agent.py:410: in test_concurrent_pipelines
    run_multi_agent_search(query=q) for q in queries
    ^^^^^^^^^^^^^^^^^^^^^^
E   NameError: name 'run_multi_agent_search' is not defined
______________ TestQdrantVectorEngine.test_create_collection_new _______________
tests/test_qdrant_client.py:58: in test_create_collection_new
    result = qdrant_engine.create_collection(recreate=False)
             ^^^^^^^^^^^^^^^^^^^^^^^^^^^^^^^^^^^^^^^^^^^^^^^
app/search/qdrant_engine.py:105: in create_collection
    vectors_config=VectorParams(
E   pydantic_core._pydantic_core.ValidationError: 1 validation error for VectorParams
E   optimizers_config
E     Extra inputs are not permitted [type=extra_forbidden, input_value={'indexing_threshold': 20000}, input_type=dict]
E       For further information visit https://errors.pydantic.dev/2.12/v/extra_forbidden
------------------------------ Captured log call -------------------------------
ERROR    app.search.qdrant_engine:qdrant_engine.py:118 Failed to create collection: 1 validation error for VectorParams
optimizers_config
  Extra inputs are not permitted [type=extra_forbidden, input_value={'indexing_threshold': 20000}, input_type=dict]
    For further information visit https://errors.pydantic.dev/2.12/v/extra_forbidden
____________ TestQdrantVectorEngine.test_create_collection_recreate ____________
tests/test_qdrant_client.py:107: in test_create_collection_recreate
    result = qdrant_engine.create_collection(recreate=True)
             ^^^^^^^^^^^^^^^^^^^^^^^^^^^^^^^^^^^^^^^^^^^^^^
app/search/qdrant_engine.py:105: in create_collection
    vectors_config=VectorParams(
E   pydantic_core._pydantic_core.ValidationError: 1 validation error for VectorParams
E   optimizers_config
E     Extra inputs are not permitted [type=extra_forbidden, input_value={'indexing_threshold': 20000}, input_type=dict]
E       For further information visit https://errors.pydantic.dev/2.12/v/extra_forbidden
------------------------------ Captured log call -------------------------------
ERROR    app.search.qdrant_engine:qdrant_engine.py:118 Failed to create collection: 1 validation error for VectorParams
optimizers_config
  Extra inputs are not permitted [type=extra_forbidden, input_value={'indexing_threshold': 20000}, input_type=dict]
    For further information visit https://errors.pydantic.dev/2.12/v/extra_forbidden
______________ TestQdrantVectorEngine.test_index_memories_success ______________
/opt/homebrew/Cellar/python@3.14/3.14.3_1/Frameworks/Python.framework/Versions/3.14/lib/python3.14/unittest/mock.py:1429: in patched
    with self.decoration_helper(patched,
/opt/homebrew/Cellar/python@3.14/3.14.3_1/Frameworks/Python.framework/Versions/3.14/lib/python3.14/contextlib.py:141: in __enter__
    return next(self.gen)
           ^^^^^^^^^^^^^^
/opt/homebrew/Cellar/python@3.14/3.14.3_1/Frameworks/Python.framework/Versions/3.14/lib/python3.14/unittest/mock.py:1411: in decoration_helper
    arg = exit_stack.enter_context(patching)
          ^^^^^^^^^^^^^^^^^^^^^^^^^^^^^^^^^^
/opt/homebrew/Cellar/python@3.14/3.14.3_1/Frameworks/Python.framework/Versions/3.14/lib/python3.14/contextlib.py:530: in enter_context
    result = _enter(cm)
             ^^^^^^^^^^
/opt/homebrew/Cellar/python@3.14/3.14.3_1/Frameworks/Python.framework/Versions/3.14/lib/python3.14/unittest/mock.py:1503: in __enter__
    original, local = self.get_original()
                      ^^^^^^^^^^^^^^^^^^^
/opt/homebrew/Cellar/python@3.14/3.14.3_1/Frameworks/Python.framework/Versions/3.14/lib/python3.14/unittest/mock.py:1473: in get_original
    raise AttributeError(
E   AttributeError: <module 'app.search.qdrant_engine' from '/Users/sss/.openclaw/workspace/memory-market/app/search/qdrant_engine.py'> does not have the attribute 'SentenceTransformer'
_______________ TestQdrantVectorEngine.test_index_memories_batch _______________
/opt/homebrew/Cellar/python@3.14/3.14.3_1/Frameworks/Python.framework/Versions/3.14/lib/python3.14/unittest/mock.py:1429: in patched
    with self.decoration_helper(patched,
/opt/homebrew/Cellar/python@3.14/3.14.3_1/Frameworks/Python.framework/Versions/3.14/lib/python3.14/contextlib.py:141: in __enter__
    return next(self.gen)
           ^^^^^^^^^^^^^^
/opt/homebrew/Cellar/python@3.14/3.14.3_1/Frameworks/Python.framework/Versions/3.14/lib/python3.14/unittest/mock.py:1411: in decoration_helper
    arg = exit_stack.enter_context(patching)
          ^^^^^^^^^^^^^^^^^^^^^^^^^^^^^^^^^^
/opt/homebrew/Cellar/python@3.14/3.14.3_1/Frameworks/Python.framework/Versions/3.14/lib/python3.14/contextlib.py:530: in enter_context
    result = _enter(cm)
             ^^^^^^^^^^
/opt/homebrew/Cellar/python@3.14/3.14.3_1/Frameworks/Python.framework/Versions/3.14/lib/python3.14/unittest/mock.py:1503: in __enter__
    original, local = self.get_original()
                      ^^^^^^^^^^^^^^^^^^^
/opt/homebrew/Cellar/python@3.14/3.14.3_1/Frameworks/Python.framework/Versions/3.14/lib/python3.14/unittest/mock.py:1473: in get_original
    raise AttributeError(
E   AttributeError: <module 'app.search.qdrant_engine' from '/Users/sss/.openclaw/workspace/memory-market/app/search/qdrant_engine.py'> does not have the attribute 'SentenceTransformer'
________________ TestQdrantVectorEngine.test_search_empty_query ________________
/opt/homebrew/Cellar/python@3.14/3.14.3_1/Frameworks/Python.framework/Versions/3.14/lib/python3.14/unittest/mock.py:1429: in patched
    with self.decoration_helper(patched,
/opt/homebrew/Cellar/python@3.14/3.14.3_1/Frameworks/Python.framework/Versions/3.14/lib/python3.14/contextlib.py:141: in __enter__
    return next(self.gen)
           ^^^^^^^^^^^^^^
/opt/homebrew/Cellar/python@3.14/3.14.3_1/Frameworks/Python.framework/Versions/3.14/lib/python3.14/unittest/mock.py:1411: in decoration_helper
    arg = exit_stack.enter_context(patching)
          ^^^^^^^^^^^^^^^^^^^^^^^^^^^^^^^^^^
/opt/homebrew/Cellar/python@3.14/3.14.3_1/Frameworks/Python.framework/Versions/3.14/lib/python3.14/contextlib.py:530: in enter_context
    result = _enter(cm)
             ^^^^^^^^^^
/opt/homebrew/Cellar/python@3.14/3.14.3_1/Frameworks/Python.framework/Versions/3.14/lib/python3.14/unittest/mock.py:1503: in __enter__
    original, local = self.get_original()
                      ^^^^^^^^^^^^^^^^^^^
/opt/homebrew/Cellar/python@3.14/3.14.3_1/Frameworks/Python.framework/Versions/3.14/lib/python3.14/unittest/mock.py:1473: in get_original
    raise AttributeError(
E   AttributeError: <module 'app.search.qdrant_engine' from '/Users/sss/.openclaw/workspace/memory-market/app/search/qdrant_engine.py'> does not have the attribute 'SentenceTransformer'
__________________ TestQdrantVectorEngine.test_search_success __________________
/opt/homebrew/Cellar/python@3.14/3.14.3_1/Frameworks/Python.framework/Versions/3.14/lib/python3.14/unittest/mock.py:1429: in patched
    with self.decoration_helper(patched,
/opt/homebrew/Cellar/python@3.14/3.14.3_1/Frameworks/Python.framework/Versions/3.14/lib/python3.14/contextlib.py:141: in __enter__
    return next(self.gen)
           ^^^^^^^^^^^^^^
/opt/homebrew/Cellar/python@3.14/3.14.3_1/Frameworks/Python.framework/Versions/3.14/lib/python3.14/unittest/mock.py:1411: in decoration_helper
    arg = exit_stack.enter_context(patching)
          ^^^^^^^^^^^^^^^^^^^^^^^^^^^^^^^^^^
/opt/homebrew/Cellar/python@3.14/3.14.3_1/Frameworks/Python.framework/Versions/3.14/lib/python3.14/contextlib.py:530: in enter_context
    result = _enter(cm)
             ^^^^^^^^^^
/opt/homebrew/Cellar/python@3.14/3.14.3_1/Frameworks/Python.framework/Versions/3.14/lib/python3.14/unittest/mock.py:1503: in __enter__
    original, local = self.get_original()
                      ^^^^^^^^^^^^^^^^^^^
/opt/homebrew/Cellar/python@3.14/3.14.3_1/Frameworks/Python.framework/Versions/3.14/lib/python3.14/unittest/mock.py:1473: in get_original
    raise AttributeError(
E   AttributeError: <module 'app.search.qdrant_engine' from '/Users/sss/.openclaw/workspace/memory-market/app/search/qdrant_engine.py'> does not have the attribute 'SentenceTransformer'
_______________ TestQdrantVectorEngine.test_search_with_filters ________________
/opt/homebrew/Cellar/python@3.14/3.14.3_1/Frameworks/Python.framework/Versions/3.14/lib/python3.14/unittest/mock.py:1429: in patched
    with self.decoration_helper(patched,
/opt/homebrew/Cellar/python@3.14/3.14.3_1/Frameworks/Python.framework/Versions/3.14/lib/python3.14/contextlib.py:141: in __enter__
    return next(self.gen)
           ^^^^^^^^^^^^^^
/opt/homebrew/Cellar/python@3.14/3.14.3_1/Frameworks/Python.framework/Versions/3.14/lib/python3.14/unittest/mock.py:1411: in decoration_helper
    arg = exit_stack.enter_context(patching)
          ^^^^^^^^^^^^^^^^^^^^^^^^^^^^^^^^^^
/opt/homebrew/Cellar/python@3.14/3.14.3_1/Frameworks/Python.framework/Versions/3.14/lib/python3.14/contextlib.py:530: in enter_context
    result = _enter(cm)
             ^^^^^^^^^^
/opt/homebrew/Cellar/python@3.14/3.14.3_1/Frameworks/Python.framework/Versions/3.14/lib/python3.14/unittest/mock.py:1503: in __enter__
    original, local = self.get_original()
                      ^^^^^^^^^^^^^^^^^^^
/opt/homebrew/Cellar/python@3.14/3.14.3_1/Frameworks/Python.framework/Versions/3.14/lib/python3.14/unittest/mock.py:1473: in get_original
    raise AttributeError(
E   AttributeError: <module 'app.search.qdrant_engine' from '/Users/sss/.openclaw/workspace/memory-market/app/search/qdrant_engine.py'> does not have the attribute 'SentenceTransformer'
__________ TestQdrantEngineSingleton.test_get_qdrant_engine_singleton __________
/opt/homebrew/Cellar/python@3.14/3.14.3_1/Frameworks/Python.framework/Versions/3.14/lib/python3.14/unittest/mock.py:1429: in patched
    with self.decoration_helper(patched,
/opt/homebrew/Cellar/python@3.14/3.14.3_1/Frameworks/Python.framework/Versions/3.14/lib/python3.14/contextlib.py:141: in __enter__
    return next(self.gen)
           ^^^^^^^^^^^^^^
/opt/homebrew/Cellar/python@3.14/3.14.3_1/Frameworks/Python.framework/Versions/3.14/lib/python3.14/unittest/mock.py:1411: in decoration_helper
    arg = exit_stack.enter_context(patching)
          ^^^^^^^^^^^^^^^^^^^^^^^^^^^^^^^^^^
/opt/homebrew/Cellar/python@3.14/3.14.3_1/Frameworks/Python.framework/Versions/3.14/lib/python3.14/contextlib.py:530: in enter_context
    result = _enter(cm)
             ^^^^^^^^^^
/opt/homebrew/Cellar/python@3.14/3.14.3_1/Frameworks/Python.framework/Versions/3.14/lib/python3.14/unittest/mock.py:1503: in __enter__
    original, local = self.get_original()
                      ^^^^^^^^^^^^^^^^^^^
/opt/homebrew/Cellar/python@3.14/3.14.3_1/Frameworks/Python.framework/Versions/3.14/lib/python3.14/unittest/mock.py:1473: in get_original
    raise AttributeError(
E   AttributeError: <module 'app.search.qdrant_engine' from '/Users/sss/.openclaw/workspace/memory-market/app/search/qdrant_engine.py'> does not have the attribute 'SentenceTransformer'
______ TestQdrantEngineSingleton.test_get_qdrant_engine_different_params _______
/opt/homebrew/Cellar/python@3.14/3.14.3_1/Frameworks/Python.framework/Versions/3.14/lib/python3.14/unittest/mock.py:1429: in patched
    with self.decoration_helper(patched,
/opt/homebrew/Cellar/python@3.14/3.14.3_1/Frameworks/Python.framework/Versions/3.14/lib/python3.14/contextlib.py:141: in __enter__
    return next(self.gen)
           ^^^^^^^^^^^^^^
/opt/homebrew/Cellar/python@3.14/3.14.3_1/Frameworks/Python.framework/Versions/3.14/lib/python3.14/unittest/mock.py:1411: in decoration_helper
    arg = exit_stack.enter_context(patching)
          ^^^^^^^^^^^^^^^^^^^^^^^^^^^^^^^^^^
/opt/homebrew/Cellar/python@3.14/3.14.3_1/Frameworks/Python.framework/Versions/3.14/lib/python3.14/contextlib.py:530: in enter_context
    result = _enter(cm)
             ^^^^^^^^^^
/opt/homebrew/Cellar/python@3.14/3.14.3_1/Frameworks/Python.framework/Versions/3.14/lib/python3.14/unittest/mock.py:1503: in __enter__
    original, local = self.get_original()
                      ^^^^^^^^^^^^^^^^^^^
/opt/homebrew/Cellar/python@3.14/3.14.3_1/Frameworks/Python.framework/Versions/3.14/lib/python3.14/unittest/mock.py:1473: in get_original
    raise AttributeError(
E   AttributeError: <module 'app.search.qdrant_engine' from '/Users/sss/.openclaw/workspace/memory-market/app/search/qdrant_engine.py'> does not have the attribute 'SentenceTransformer'
____________________________ test_redis_client_ping ____________________________
tests/test_search_cache.py:52: in test_redis_client_ping
    assert result is True
E   assert False is True
------------------------------ Captured log call -------------------------------
ERROR    app.cache.redis_client:redis_client.py:82 Redis ping failed: Error Multiple exceptions: [Errno 61] Connect call failed ('127.0.0.1', 6379), [Errno 61] Connect call failed ('::1', 6379, 0, 0) connecting to localhost:6379.
__________________________ test_redis_client_set_get ___________________________
tests/test_search_cache.py:63: in test_redis_client_set_get
    assert result is True
E   assert False is True
------------------------------ Captured log call -------------------------------
ERROR    app.cache.redis_client:redis_client.py:120 Redis set failed for key test:set:get: Error Multiple exceptions: [Errno 61] Connect call failed ('127.0.0.1', 6379), [Errno 61] Connect call failed ('::1', 6379, 0, 0) connecting to localhost:6379.
_______________________ test_redis_client_delete_pattern _______________________
tests/test_search_cache.py:84: in test_redis_client_delete_pattern
    assert count == 3
E   assert 0 == 3
------------------------------ Captured log call -------------------------------
ERROR    app.cache.redis_client:redis_client.py:120 Redis set failed for key test:pattern:1: Error Multiple exceptions: [Errno 61] Connect call failed ('127.0.0.1', 6379), [Errno 61] Connect call failed ('::1', 6379, 0, 0) connecting to localhost:6379.
ERROR    app.cache.redis_client:redis_client.py:120 Redis set failed for key test:pattern:2: Error Multiple exceptions: [Errno 61] Connect call failed ('127.0.0.1', 6379), [Errno 61] Connect call failed ('::1', 6379, 0, 0) connecting to localhost:6379.
ERROR    app.cache.redis_client:redis_client.py:120 Redis set failed for key test:pattern:3: Error Multiple exceptions: [Errno 61] Connect call failed ('127.0.0.1', 6379), [Errno 61] Connect call failed ('::1', 6379, 0, 0) connecting to localhost:6379.
ERROR    app.cache.redis_client:redis_client.py:150 Redis delete_pattern failed for pattern test:pattern:*: Error Multiple exceptions: [Errno 61] Connect call failed ('127.0.0.1', 6379), [Errno 61] Connect call failed ('::1', 6379, 0, 0) connecting to localhost:6379.
___________________________ test_redis_client_stats ____________________________
tests/test_search_cache.py:96: in test_redis_client_stats
    assert "used_memory" in stats
E   AssertionError: assert 'used_memory' in {}
------------------------------ Captured log call -------------------------------
ERROR    app.cache.redis_client:redis_client.py:217 Redis get_stats failed: Error Multiple exceptions: [Errno 61] Connect call failed ('127.0.0.1', 6379), [Errno 61] Connect call failed ('::1', 6379, 0, 0) connecting to localhost:6379.
________________________________ test_cache_hit ________________________________
tests/test_search_cache.py:178: in test_cache_hit
    assert search_count == 1  # 搜索函数未再次调用
    ^^^^^^^^^^^^^^^^^^^^^^^^
E   assert 2 == 1
------------------------------ Captured log call -------------------------------
ERROR    app.cache.redis_client:redis_client.py:94 Redis get failed for key search:50f4e216b135295cfd85a5893d872a42: Error Multiple exceptions: [Errno 61] Connect call failed ('127.0.0.1', 6379), [Errno 61] Connect call failed ('::1', 6379, 0, 0) connecting to localhost:6379.
ERROR    app.cache.redis_client:redis_client.py:186 Redis incr failed for key cache:stats:misses: Error Multiple exceptions: [Errno 61] Connect call failed ('127.0.0.1', 6379), [Errno 61] Connect call failed ('::1', 6379, 0, 0) connecting to localhost:6379.
ERROR    app.cache.redis_client:redis_client.py:94 Redis get failed for key search:50f4e216b135295cfd85a5893d872a42: Error Multiple exceptions: [Errno 61] Connect call failed ('127.0.0.1', 6379), [Errno 61] Connect call failed ('::1', 6379, 0, 0) connecting to localhost:6379.
ERROR    app.cache.redis_client:redis_client.py:120 Redis set failed for key search:50f4e216b135295cfd85a5893d872a42: Error Multiple exceptions: [Errno 61] Connect call failed ('127.0.0.1', 6379), [Errno 61] Connect call failed ('::1', 6379, 0, 0) connecting to localhost:6379.
ERROR    app.cache.redis_client:redis_client.py:186 Redis incr failed for key cache:stats:misses: Error Multiple exceptions: [Errno 61] Connect call failed ('127.0.0.1', 6379), [Errno 61] Connect call failed ('::1', 6379, 0, 0) connecting to localhost:6379.
_______________________________ test_cache_stats _______________________________
tests/test_search_cache.py:275: in test_cache_stats
    assert stats["hits"] >= 1
E   assert 0 >= 1
------------------------------ Captured log call -------------------------------
ERROR    app.cache.redis_client:redis_client.py:94 Redis get failed for key search:890d686639ddd6f304b7968d818fe438: Error Multiple exceptions: [Errno 61] Connect call failed ('127.0.0.1', 6379), [Errno 61] Connect call failed ('::1', 6379, 0, 0) connecting to localhost:6379.
ERROR    app.cache.redis_client:redis_client.py:186 Redis incr failed for key cache:stats:misses: Error Multiple exceptions: [Errno 61] Connect call failed ('127.0.0.1', 6379), [Errno 61] Connect call failed ('::1', 6379, 0, 0) connecting to localhost:6379.
ERROR    app.cache.redis_client:redis_client.py:120 Redis set failed for key search:890d686639ddd6f304b7968d818fe438: Error Multiple exceptions: [Errno 61] Connect call failed ('127.0.0.1', 6379), [Errno 61] Connect call failed ('::1', 6379, 0, 0) connecting to localhost:6379.
ERROR    app.cache.redis_client:redis_client.py:94 Redis get failed for key search:890d686639ddd6f304b7968d818fe438: Error Multiple exceptions: [Errno 61] Connect call failed ('127.0.0.1', 6379), [Errno 61] Connect call failed ('::1', 6379, 0, 0) connecting to localhost:6379.
ERROR    app.cache.redis_client:redis_client.py:186 Redis incr failed for key cache:stats:misses: Error Multiple exceptions: [Errno 61] Connect call failed ('127.0.0.1', 6379), [Errno 61] Connect call failed ('::1', 6379, 0, 0) connecting to localhost:6379.
ERROR    app.cache.redis_client:redis_client.py:94 Redis get failed for key cache:stats:hits: Error Multiple exceptions: [Errno 61] Connect call failed ('127.0.0.1', 6379), [Errno 61] Connect call failed ('::1', 6379, 0, 0) connecting to localhost:6379.
ERROR    app.cache.redis_client:redis_client.py:120 Redis set failed for key search:890d686639ddd6f304b7968d818fe438: Error Multiple exceptions: [Errno 61] Connect call failed ('127.0.0.1', 6379), [Errno 61] Connect call failed ('::1', 6379, 0, 0) connecting to localhost:6379.
ERROR    app.cache.redis_client:redis_client.py:94 Redis get failed for key cache:stats:misses: Error Multiple exceptions: [Errno 61] Connect call failed ('127.0.0.1', 6379), [Errno 61] Connect call failed ('::1', 6379, 0, 0) connecting to localhost:6379.
ERROR    app.cache.redis_client:redis_client.py:217 Redis get_stats failed: Error Multiple exceptions: [Errno 61] Connect call failed ('127.0.0.1', 6379), [Errno 61] Connect call failed ('::1', 6379, 0, 0) connecting to localhost:6379.
____________________________ test_invalidate_memory ____________________________
tests/test_search_cache.py:326: in test_invalidate_memory
    assert exists is True
E   assert False is True
------------------------------ Captured log call -------------------------------
ERROR    app.cache.redis_client:redis_client.py:120 Redis set failed for key memory:mem123: Error Multiple exceptions: [Errno 61] Connect call failed ('127.0.0.1', 6379), [Errno 61] Connect call failed ('::1', 6379, 0, 0) connecting to localhost:6379.
ERROR    app.cache.redis_client:redis_client.py:159 Redis exists failed for key memory:mem123: Error Multiple exceptions: [Errno 61] Connect call failed ('127.0.0.1', 6379), [Errno 61] Connect call failed ('::1', 6379, 0, 0) connecting to localhost:6379.
______________________________ test_cache_latency ______________________________
tests/test_search_cache.py:452: in test_cache_latency
    assert latency2 < 50  # 缓存命中应该<50ms
    ^^^^^^^^^^^^^^^^^^^^
E   assert 107.13815689086914 < 50
------------------------------ Captured log call -------------------------------
ERROR    app.cache.redis_client:redis_client.py:94 Redis get failed for key search:890d686639ddd6f304b7968d818fe438: Error Multiple exceptions: [Errno 61] Connect call failed ('127.0.0.1', 6379), [Errno 61] Connect call failed ('::1', 6379, 0, 0) connecting to localhost:6379.
ERROR    app.cache.redis_client:redis_client.py:186 Redis incr failed for key cache:stats:misses: Error Multiple exceptions: [Errno 61] Connect call failed ('127.0.0.1', 6379), [Errno 61] Connect call failed ('::1', 6379, 0, 0) connecting to localhost:6379.
ERROR    app.cache.redis_client:redis_client.py:94 Redis get failed for key search:890d686639ddd6f304b7968d818fe438: Error Multiple exceptions: [Errno 61] Connect call failed ('127.0.0.1', 6379), [Errno 61] Connect call failed ('::1', 6379, 0, 0) connecting to localhost:6379.
ERROR    app.cache.redis_client:redis_client.py:120 Redis set failed for key search:890d686639ddd6f304b7968d818fe438: Error Multiple exceptions: [Errno 61] Connect call failed ('127.0.0.1', 6379), [Errno 61] Connect call failed ('::1', 6379, 0, 0) connecting to localhost:6379.
ERROR    app.cache.redis_client:redis_client.py:186 Redis incr failed for key cache:stats:misses: Error Multiple exceptions: [Errno 61] Connect call failed ('127.0.0.1', 6379), [Errno 61] Connect call failed ('::1', 6379, 0, 0) connecting to localhost:6379.
________________________ test_search_with_invalidation _________________________
tests/test_search_cache.py:521: in test_search_with_invalidation
    assert search_count == 1  # 未再次调用搜索
    ^^^^^^^^^^^^^^^^^^^^^^^^
E   assert 2 == 1
------------------------------ Captured log call -------------------------------
ERROR    app.cache.redis_client:redis_client.py:94 Redis get failed for key search:890d686639ddd6f304b7968d818fe438: Error Multiple exceptions: [Errno 61] Connect call failed ('127.0.0.1', 6379), [Errno 61] Connect call failed ('::1', 6379, 0, 0) connecting to localhost:6379.
ERROR    app.cache.redis_client:redis_client.py:186 Redis incr failed for key cache:stats:misses: Error Multiple exceptions: [Errno 61] Connect call failed ('127.0.0.1', 6379), [Errno 61] Connect call failed ('::1', 6379, 0, 0) connecting to localhost:6379.
ERROR    app.cache.redis_client:redis_client.py:94 Redis get failed for key search:890d686639ddd6f304b7968d818fe438: Error Multiple exceptions: [Errno 61] Connect call failed ('127.0.0.1', 6379), [Errno 61] Connect call failed ('::1', 6379, 0, 0) connecting to localhost:6379.
ERROR    app.cache.redis_client:redis_client.py:120 Redis set failed for key search:890d686639ddd6f304b7968d818fe438: Error Multiple exceptions: [Errno 61] Connect call failed ('127.0.0.1', 6379), [Errno 61] Connect call failed ('::1', 6379, 0, 0) connecting to localhost:6379.
ERROR    app.cache.redis_client:redis_client.py:186 Redis incr failed for key cache:stats:misses: Error Multiple exceptions: [Errno 61] Connect call failed ('127.0.0.1', 6379), [Errno 61] Connect call failed ('::1', 6379, 0, 0) connecting to localhost:6379.
---------------------------- Captured log teardown -----------------------------
ERROR    app.cache.redis_client:redis_client.py:120 Redis set failed for key search:890d686639ddd6f304b7968d818fe438: Error Multiple exceptions: [Errno 61] Connect call failed ('127.0.0.1', 6379), [Errno 61] Connect call failed ('::1', 6379, 0, 0) connecting to localhost:6379.
___________________________ test_get_balance_service ___________________________
tests/test_services.py:50: in test_get_balance_service
    assert "agent_id" in balance
E   AssertionError: assert 'agent_id' in AgentBalance(agent_id='test_agent_001', credits=1000, total_earned=0, total_spent=0)
__________________________ test_upload_memory_service __________________________
tests/test_services.py:59: in test_upload_memory_service
    req = MemoryCreate(
E   pydantic_core._pydantic_core.ValidationError: 2 validation errors for MemoryCreate
E   content
E     Input should be a valid dictionary [type=dict_type, input_value='测试内容', input_type=str]
E       For further information visit https://errors.pydantic.dev/2.12/v/dict_type
E   summary
E     String should have at least 10 characters [type=string_too_short, input_value='测试摘要', input_type=str]
E       For further information visit https://errors.pydantic.dev/2.12/v/string_too_short
_________________________ test_search_memories_service _________________________
tests/test_services.py:83: in test_search_memories_service
    result = await search_memories(
app/services/memory_service.py:146: in search_memories
    return await _hybrid_search(
app/services/memory_service.py:753: in _hybrid_search
    engine.batch_index_with_cache(memories_data)
app/search/vector_search.py:236: in batch_index_with_cache
    self.index_memories(memories)
app/search/vector_search.py:75: in index_memories
    self._memory_vectors = self.vectorizer.fit_transform(texts)
                           ^^^^^^^^^^^^^^^^^^^^^^^^^^^^^^^^^^^^
/opt/homebrew/lib/python3.14/site-packages/sklearn/feature_extraction/text.py:2104: in fit_transform
    X = super().fit_transform(raw_documents)
        ^^^^^^^^^^^^^^^^^^^^^^^^^^^^^^^^^^^^
/opt/homebrew/lib/python3.14/site-packages/sklearn/base.py:1336: in wrapper
    return fit_method(estimator, *args, **kwargs)
           ^^^^^^^^^^^^^^^^^^^^^^^^^^^^^^^^^^^^^^
/opt/homebrew/lib/python3.14/site-packages/sklearn/feature_extraction/text.py:1396: in fit_transform
    raise ValueError("max_df corresponds to < documents than min_df")
E   ValueError: max_df corresponds to < documents than min_df
_____________________________ test_semantic_search _____________________________
tests/test_services.py:137: in test_semantic_search
    result = await search_memories(
app/services/memory_service.py:136: in search_memories
    return await _semantic_search(
app/services/memory_service.py:676: in _semantic_search
    engine.batch_index_with_cache(memories_data)
app/search/vector_search.py:236: in batch_index_with_cache
    self.index_memories(memories)
app/search/vector_search.py:75: in index_memories
    self._memory_vectors = self.vectorizer.fit_transform(texts)
                           ^^^^^^^^^^^^^^^^^^^^^^^^^^^^^^^^^^^^
/opt/homebrew/lib/python3.14/site-packages/sklearn/feature_extraction/text.py:2104: in fit_transform
    X = super().fit_transform(raw_documents)
        ^^^^^^^^^^^^^^^^^^^^^^^^^^^^^^^^^^^^
/opt/homebrew/lib/python3.14/site-packages/sklearn/base.py:1336: in wrapper
    return fit_method(estimator, *args, **kwargs)
           ^^^^^^^^^^^^^^^^^^^^^^^^^^^^^^^^^^^^^^
/opt/homebrew/lib/python3.14/site-packages/sklearn/feature_extraction/text.py:1396: in fit_transform
    raise ValueError("max_df corresponds to < documents than min_df")
E   ValueError: max_df corresponds to < documents than min_df
______________________________ test_hybrid_search ______________________________
tests/test_services.py:155: in test_hybrid_search
    result = await search_memories(
app/services/memory_service.py:146: in search_memories
    return await _hybrid_search(
app/services/memory_service.py:753: in _hybrid_search
    engine.batch_index_with_cache(memories_data)
app/search/vector_search.py:236: in batch_index_with_cache
    self.index_memories(memories)
app/search/vector_search.py:75: in index_memories
    self._memory_vectors = self.vectorizer.fit_transform(texts)
                           ^^^^^^^^^^^^^^^^^^^^^^^^^^^^^^^^^^^^
/opt/homebrew/lib/python3.14/site-packages/sklearn/feature_extraction/text.py:2104: in fit_transform
    X = super().fit_transform(raw_documents)
        ^^^^^^^^^^^^^^^^^^^^^^^^^^^^^^^^^^^^
/opt/homebrew/lib/python3.14/site-packages/sklearn/base.py:1336: in wrapper
    return fit_method(estimator, *args, **kwargs)
           ^^^^^^^^^^^^^^^^^^^^^^^^^^^^^^^^^^^^^^
/opt/homebrew/lib/python3.14/site-packages/sklearn/feature_extraction/text.py:1396: in fit_transform
    raise ValueError("max_df corresponds to < documents than min_df")
E   ValueError: max_df corresponds to < documents than min_df
__________________________ test_update_memory_service __________________________
tests/test_services.py:334: in test_update_memory_service
    result = await update_memory(
app/services/memory_service.py:418: in update_memory
    changelog = updates.changelog
                ^^^^^^^^^^^^^^^^^
E   AttributeError: 'dict' object has no attribute 'changelog'
________________________ test_get_memory_detail_service ________________________
tests/test_services.py:392: in test_get_memory_detail_service
    detail = await get_memory_detail(
app/services/memory_service.py:196: in get_memory_detail
    raise PermissionError("未购买此记忆")
E   PermissionError: 未购买此记忆
_______________________ test_get_memory_versions_service _______________________
tests/test_services.py:418: in test_get_memory_versions_service
    assert result["total"] >= 1
E   assert 0 >= 1
___________________________ test_market_stats_update ___________________________
tests/test_services.py:564: in test_market_stats_update
    result = await db.execute(
                   ^^
E   NameError: name 'db' is not defined
______________________ test_create_team_memory_visibility ______________________
tests/test_team_memory_collab.py:170: in test_create_team_memory_visibility
    memory = await create_team_memory(db_session, test_team.team_id, test_agent.agent_id, req)
             ^^^^^^^^^^^^^^^^^^^^^^^^^^^^^^^^^^^^^^^^^^^^^^^^^^^^^^^^^^^^^^^^^^^^^^^^^^^^^^^^^
app/services/memory_service_v2_team.py:173: in create_team_memory
    await _log_team_activity(
E   TypeError: _log_team_activity() got an unexpected keyword argument 'memory_id'
___________________ test_team_only_memory_visible_to_members ___________________
tests/test_team_memory_collab.py:221: in test_team_only_memory_visible_to_members
    await create_team_memory(db_session, test_team.team_id, test_agent.agent_id, req)
app/services/memory_service_v2_team.py:173: in create_team_memory
    await _log_team_activity(
E   TypeError: _log_team_activity() got an unexpected keyword argument 'memory_id'
___________________________ test_create_team_memory ____________________________
tests/test_team_memory_collab.py:246: in test_create_team_memory
    memory = await create_team_memory(db_session, test_team.team_id, test_agent.agent_id, req)
             ^^^^^^^^^^^^^^^^^^^^^^^^^^^^^^^^^^^^^^^^^^^^^^^^^^^^^^^^^^^^^^^^^^^^^^^^^^^^^^^^^
app/services/memory_service_v2_team.py:173: in create_team_memory
    await _log_team_activity(
E   TypeError: _log_team_activity() got an unexpected keyword argument 'memory_id'
----------------------------- Captured stdout call -----------------------------
[VectorSearch] Failed to index memory mem_73b301ab8b04: No module named 'sentence_transformers'
____________________________ test_get_team_memories ____________________________
tests/test_team_memory_collab.py:258: in test_get_team_memories
    req = TeamMemoryCreate(
E   pydantic_core._pydantic_core.ValidationError: 1 validation error for TeamMemoryCreate
E   summary
E     String should have at least 10 characters [type=string_too_short, input_value='Memory 1', input_type=str]
E       For further information visit https://errors.pydantic.dev/2.12/v/string_too_short
_________________________ test_get_team_memory_detail __________________________
tests/test_team_memory_collab.py:291: in test_get_team_memory_detail
    memory = await create_team_memory(db_session, test_team.team_id, test_agent.agent_id, req)
             ^^^^^^^^^^^^^^^^^^^^^^^^^^^^^^^^^^^^^^^^^^^^^^^^^^^^^^^^^^^^^^^^^^^^^^^^^^^^^^^^^
app/services/memory_service_v2_team.py:173: in create_team_memory
    await _log_team_activity(
E   TypeError: _log_team_activity() got an unexpected keyword argument 'memory_id'
________________________ test_update_team_memory_admin _________________________
tests/test_team_memory_collab.py:317: in test_update_team_memory_admin
    memory = await create_team_memory(db_session, test_team.team_id, test_admin_member.agent_id, req)
             ^^^^^^^^^^^^^^^^^^^^^^^^^^^^^^^^^^^^^^^^^^^^^^^^^^^^^^^^^^^^^^^^^^^^^^^^^^^^^^^^^^^^^^^^
app/services/memory_service_v2_team.py:173: in create_team_memory
    await _log_team_activity(
E   TypeError: _log_team_activity() got an unexpected keyword argument 'memory_id'
_______________________ test_member_cannot_update_memory _______________________
tests/test_team_memory_collab.py:372: in test_member_cannot_update_memory
    memory = await create_team_memory(db_session, test_team.team_id, test_agent.agent_id, req)
             ^^^^^^^^^^^^^^^^^^^^^^^^^^^^^^^^^^^^^^^^^^^^^^^^^^^^^^^^^^^^^^^^^^^^^^^^^^^^^^^^^
app/services/memory_service_v2_team.py:173: in create_team_memory
    await _log_team_activity(
E   TypeError: _log_team_activity() got an unexpected keyword argument 'memory_id'
___________________________ test_delete_team_memory ____________________________
tests/test_team_memory_collab.py:399: in test_delete_team_memory
    memory = await create_team_memory(db_session, test_team.team_id, test_agent.agent_id, req)
             ^^^^^^^^^^^^^^^^^^^^^^^^^^^^^^^^^^^^^^^^^^^^^^^^^^^^^^^^^^^^^^^^^^^^^^^^^^^^^^^^^
app/services/memory_service_v2_team.py:173: in create_team_memory
    await _log_team_activity(
E   TypeError: _log_team_activity() got an unexpected keyword argument 'memory_id'
_______________________ test_purchase_with_team_credits ________________________
tests/test_team_memory_collab.py:452: in test_purchase_with_team_credits
    assert result.credits_spent == test_personal_memory.price
E   AssertionError: assert 0 == 100
E    +  where 0 = TeamMemoryPurchaseResponse(success=True, message='购买成功', memory_id='mem_test_123', credits_spent=0, team_credits_remaining=500, memory_content={'key': 'value'}).credits_spent
E    +  and   100 = <app.models.tables.Memory object at 0x11cc3bbb0>.price
_____________________ test_cannot_purchase_team_own_memory _____________________
tests/test_team_memory_collab.py:476: in test_cannot_purchase_team_own_memory
    memory = await create_team_memory(db_session, test_team.team_id, test_agent.agent_id, req)
             ^^^^^^^^^^^^^^^^^^^^^^^^^^^^^^^^^^^^^^^^^^^^^^^^^^^^^^^^^^^^^^^^^^^^^^^^^^^^^^^^^
app/services/memory_service_v2_team.py:173: in create_team_memory
    await _log_team_activity(
E   TypeError: _log_team_activity() got an unexpected keyword argument 'memory_id'
________________________ test_team_insufficient_credits ________________________
tests/test_team_memory_collab.py:489: in test_team_insufficient_credits
    team = await db_session.execute(select(Team).where(Team.team_id == test_team.team_id))
                                    ^^^^^^
E   NameError: name 'select' is not defined. Did you forget to import 'select'?
__________________ test_non_member_cannot_access_team_memory ___________________
tests/test_team_memory_collab.py:581: in test_non_member_cannot_access_team_memory
    memory = await create_team_memory(db_session, test_team.team_id, owner_agent.agent_id, req)
             ^^^^^^^^^^^^^^^^^^^^^^^^^^^^^^^^^^^^^^^^^^^^^^^^^^^^^^^^^^^^^^^^^^^^^^^^^^^^^^^^^^
app/services/memory_service_v2_team.py:173: in create_team_memory
    await _log_team_activity(
E   TypeError: _log_team_activity() got an unexpected keyword argument 'memory_id'
=============================== warnings summary ===============================
app/models/schemas.py:225
  /Users/sss/.openclaw/workspace/memory-market/app/models/schemas.py:225: PydanticDeprecatedSince20: `min_items` is deprecated and will be removed, use `min_length` instead. Deprecated in Pydantic V2.0 to be removed in V3.0. See Pydantic V2 Migration Guide at https://errors.pydantic.dev/2.12/migration/
    items: List[CaptureRequest] = Field(..., min_items=1, max_items=10, description="批量捕获项（最多10个）")

app/models/schemas.py:225
  /Users/sss/.openclaw/workspace/memory-market/app/models/schemas.py:225: PydanticDeprecatedSince20: `max_items` is deprecated and will be removed, use `max_length` instead. Deprecated in Pydantic V2.0 to be removed in V3.0. See Pydantic V2 Migration Guide at https://errors.pydantic.dev/2.12/migration/
    items: List[CaptureRequest] = Field(..., min_items=1, max_items=10, description="批量捕获项（最多10个）")

app/api/audit_logs.py:37
  /Users/sss/.openclaw/workspace/memory-market/app/api/audit_logs.py:37: PydanticDeprecatedSince20: Support for class-based `config` is deprecated, use ConfigDict instead. Deprecated in Pydantic V2.0 to be removed in V3.0. See Pydantic V2 Migration Guide at https://errors.pydantic.dev/2.12/migration/
    class AuditLogResponse(BaseModel):

app/api/permissions.py:60
  /Users/sss/.openclaw/workspace/memory-market/app/api/permissions.py:60: PydanticDeprecatedSince20: Support for class-based `config` is deprecated, use ConfigDict instead. Deprecated in Pydantic V2.0 to be removed in V3.0. See Pydantic V2 Migration Guide at https://errors.pydantic.dev/2.12/migration/
    class PermissionResponse(BaseModel):

app/api/permissions.py:77
  /Users/sss/.openclaw/workspace/memory-market/app/api/permissions.py:77: PydanticDeprecatedSince20: Support for class-based `config` is deprecated, use ConfigDict instead. Deprecated in Pydantic V2.0 to be removed in V3.0. See Pydantic V2 Migration Guide at https://errors.pydantic.dev/2.12/migration/
    class RoleResponse(BaseModel):

app/api/permissions.py:96
  /Users/sss/.openclaw/workspace/memory-market/app/api/permissions.py:96: PydanticDeprecatedSince20: Support for class-based `config` is deprecated, use ConfigDict instead. Deprecated in Pydantic V2.0 to be removed in V3.0. See Pydantic V2 Migration Guide at https://errors.pydantic.dev/2.12/migration/
    class UserPermissionResponse(BaseModel):

app/api/advanced_permissions.py:40
  /Users/sss/.openclaw/workspace/memory-market/app/api/advanced_permissions.py:40: PydanticDeprecatedSince20: Support for class-based `config` is deprecated, use ConfigDict instead. Deprecated in Pydantic V2.0 to be removed in V3.0. See Pydantic V2 Migration Guide at https://errors.pydantic.dev/2.12/migration/
    class PolicyDocument(BaseModel):

app/api/advanced_permissions.py:134
  /Users/sss/.openclaw/workspace/memory-market/app/api/advanced_permissions.py:134: PydanticDeprecatedSince20: Support for class-based `config` is deprecated, use ConfigDict instead. Deprecated in Pydantic V2.0 to be removed in V3.0. See Pydantic V2 Migration Guide at https://errors.pydantic.dev/2.12/migration/
    class PolicyResponse(BaseModel):

app/eval/datasets.py:23
  /Users/sss/.openclaw/workspace/memory-market/app/eval/datasets.py:23: PytestCollectionWarning: cannot collect test class 'TestCase' because it has a __init__ constructor (from: tests/test_evaluation.py)
    @dataclass

app/eval/datasets.py:50
  /Users/sss/.openclaw/workspace/memory-market/app/eval/datasets.py:50: PytestCollectionWarning: cannot collect test class 'TestDataset' because it has a __init__ constructor (from: tests/test_evaluation.py)
    @dataclass

../../../../../opt/homebrew/lib/python3.14/site-packages/pythonjsonlogger/jsonlogger.py:11
  /opt/homebrew/lib/python3.14/site-packages/pythonjsonlogger/jsonlogger.py:11: DeprecationWarning: pythonjsonlogger.jsonlogger has been moved to pythonjsonlogger.json
    warnings.warn(

tests/test_digital_signature.py::TestDigitalSignatureService::test_sign_and_verify
  /Users/sss/.openclaw/workspace/memory-market/tests/test_digital_signature.py:36: DeprecationWarning: datetime.datetime.utcnow() is deprecated and scheduled for removal in a future version. Use timezone-aware objects to represent datetimes in UTC: datetime.datetime.now(datetime.UTC).
    "created_at": datetime.utcnow().isoformat()

tests/test_digital_signature.py: 14 warnings
tests/test_digital_signature_quick_async.py: 24 warnings
  /Users/sss/.openclaw/workspace/memory-market/app/services/digital_signature_service.py:82: DeprecationWarning: datetime.datetime.utcnow() is deprecated and scheduled for removal in a future version. Use timezone-aware objects to represent datetimes in UTC: datetime.datetime.now(datetime.UTC).
    timestamp = datetime.utcnow()

tests/test_digital_signature.py::TestDigitalSignatureService::test_verify_with_tampered_data
  /Users/sss/.openclaw/workspace/memory-market/tests/test_digital_signature.py:61: DeprecationWarning: datetime.datetime.utcnow() is deprecated and scheduled for removal in a future version. Use timezone-aware objects to represent datetimes in UTC: datetime.datetime.now(datetime.UTC).
    "created_at": datetime.utcnow().isoformat()

tests/test_digital_signature.py: 1 warning
tests/test_search_cache.py: 2 warnings
tests/test_services.py: 13 warnings
  /opt/homebrew/lib/python3.14/site-packages/qdrant_client/qdrant_remote.py:273: UserWarning: Failed to obtain server version. Unable to check client-server compatibility. Set check_compatibility=False to skip version check.
    show_warning(

tests/test_digital_signature.py::TestDigitalSignatureService::test_performance_signing
  /Users/sss/.openclaw/workspace/memory-market/tests/test_digital_signature.py:111: DeprecationWarning: datetime.datetime.utcnow() is deprecated and scheduled for removal in a future version. Use timezone-aware objects to represent datetimes in UTC: datetime.datetime.now(datetime.UTC).
    "created_at": datetime.utcnow().isoformat()

tests/test_digital_signature.py::TestDigitalSignatureService::test_performance_verification
  /Users/sss/.openclaw/workspace/memory-market/tests/test_digital_signature.py:140: DeprecationWarning: datetime.datetime.utcnow() is deprecated and scheduled for removal in a future version. Use timezone-aware objects to represent datetimes in UTC: datetime.datetime.now(datetime.UTC).
    "created_at": datetime.utcnow().isoformat()

tests/test_digital_signature.py: 6 warnings
tests/test_digital_signature_quick_async.py: 4 warnings
  /Users/sss/.openclaw/workspace/memory-market/app/services/key_management_service.py:115: DeprecationWarning: datetime.datetime.utcnow() is deprecated and scheduled for removal in a future version. Use timezone-aware objects to represent datetimes in UTC: datetime.datetime.now(datetime.UTC).
    key_id = datetime.utcnow().strftime("%Y%m%d_%H%M%S")

tests/test_digital_signature.py: 6 warnings
tests/test_digital_signature_quick_async.py: 4 warnings
  /Users/sss/.openclaw/workspace/memory-market/app/services/key_management_service.py:129: DeprecationWarning: datetime.datetime.utcnow() is deprecated and scheduled for removal in a future version. Use timezone-aware objects to represent datetimes in UTC: datetime.datetime.now(datetime.UTC).
    "created_at": datetime.utcnow().isoformat()

tests/test_digital_signature_quick_async.py::test_signature_service
  /Users/sss/.openclaw/workspace/memory-market/tests/test_digital_signature_quick_async.py:36: DeprecationWarning: datetime.datetime.utcnow() is deprecated and scheduled for removal in a future version. Use timezone-aware objects to represent datetimes in UTC: datetime.datetime.now(datetime.UTC).
    "created_at": datetime.utcnow().isoformat()

tests/test_digital_signature_quick_async.py::test_signature_middleware
  /Users/sss/.openclaw/workspace/memory-market/tests/test_digital_signature_quick_async.py:151: DeprecationWarning: datetime.datetime.utcnow() is deprecated and scheduled for removal in a future version. Use timezone-aware objects to represent datetimes in UTC: datetime.datetime.now(datetime.UTC).
    created_at=datetime.utcnow()

tests/test_digital_signature_quick_async.py: 10 warnings
  /Users/sss/.openclaw/workspace/memory-market/tests/test_digital_signature_quick_async.py:188: DeprecationWarning: datetime.datetime.utcnow() is deprecated and scheduled for removal in a future version. Use timezone-aware objects to represent datetimes in UTC: datetime.datetime.now(datetime.UTC).
    created_at=datetime.utcnow()

tests/test_digital_signature_quick_async.py::test_end_to_end_workflow
  /Users/sss/.openclaw/workspace/memory-market/tests/test_digital_signature_quick_async.py:231: DeprecationWarning: datetime.datetime.utcnow() is deprecated and scheduled for removal in a future version. Use timezone-aware objects to represent datetimes in UTC: datetime.datetime.now(datetime.UTC).
    created_at=datetime.utcnow()

tests/test_digital_signature_quick_async.py::test_end_to_end_workflow
  /Users/sss/.openclaw/workspace/memory-market/tests/test_digital_signature_quick_async.py:267: DeprecationWarning: datetime.datetime.utcnow() is deprecated and scheduled for removal in a future version. Use timezone-aware objects to represent datetimes in UTC: datetime.datetime.now(datetime.UTC).
    created_at=datetime.utcnow()

tests/test_external_sources.py::TestDataModels::test_document_to_dict
tests/test_external_sources.py::TestExternalSearchEngine::test_calculate_score_title_match
tests/test_external_sources.py::TestExternalSearchEngine::test_calculate_score_no_match
  /Users/sss/.openclaw/workspace/memory-market/app/services/external_source_service.py:68: DeprecationWarning: datetime.datetime.utcnow() is deprecated and scheduled for removal in a future version. Use timezone-aware objects to represent datetimes in UTC: datetime.datetime.now(datetime.UTC).
    self.created_at = created_at or datetime.utcnow()

tests/test_external_sources.py::TestDataModels::test_document_to_dict
tests/test_external_sources.py::TestExternalSearchEngine::test_calculate_score_title_match
tests/test_external_sources.py::TestExternalSearchEngine::test_calculate_score_no_match
  /Users/sss/.openclaw/workspace/memory-market/app/services/external_source_service.py:69: DeprecationWarning: datetime.datetime.utcnow() is deprecated and scheduled for removal in a future version. Use timezone-aware objects to represent datetimes in UTC: datetime.datetime.now(datetime.UTC).
    self.modified_at = modified_at or datetime.utcnow()

tests/test_external_sources.py::TestDataModels::test_file_to_dict
  /Users/sss/.openclaw/workspace/memory-market/app/services/external_source_service.py:126: DeprecationWarning: datetime.datetime.utcnow() is deprecated and scheduled for removal in a future version. Use timezone-aware objects to represent datetimes in UTC: datetime.datetime.now(datetime.UTC).
    self.created_at = created_at or datetime.utcnow()

tests/test_external_sources.py::TestDataModels::test_file_to_dict
  /Users/sss/.openclaw/workspace/memory-market/app/services/external_source_service.py:127: DeprecationWarning: datetime.datetime.utcnow() is deprecated and scheduled for removal in a future version. Use timezone-aware objects to represent datetimes in UTC: datetime.datetime.now(datetime.UTC).
    self.modified_at = modified_at or datetime.utcnow()

tests/test_external_sources.py::TestExternalSourceService::test_sync_source
  /Users/sss/.openclaw/workspace/memory-market/app/services/external_source_service.py:305: DeprecationWarning: datetime.datetime.utcnow() is deprecated and scheduled for removal in a future version. Use timezone-aware objects to represent datetimes in UTC: datetime.datetime.now(datetime.UTC).
    connection.last_sync = datetime.utcnow()

tests/test_external_sources.py::TestDocumentProcessor::test_process_text
tests/test_external_sources.py::TestDocumentProcessor::test_process_json
tests/test_external_sources.py::TestDocumentProcessor::test_process_code_python
tests/test_external_sources.py::TestDocumentProcessor::test_process_image_without_pil
  /Users/sss/.openclaw/workspace/memory-market/app/services/document_processor.py:47: DeprecationWarning: datetime.datetime.utcnow() is deprecated and scheduled for removal in a future version. Use timezone-aware objects to represent datetimes in UTC: datetime.datetime.now(datetime.UTC).
    start_time = datetime.utcnow()

tests/test_external_sources.py::TestDocumentProcessor::test_process_text
tests/test_external_sources.py::TestDocumentProcessor::test_process_json
tests/test_external_sources.py::TestDocumentProcessor::test_process_code_python
tests/test_external_sources.py::TestDocumentProcessor::test_process_image_without_pil
  /Users/sss/.openclaw/workspace/memory-market/app/services/document_processor.py:54: DeprecationWarning: datetime.datetime.utcnow() is deprecated and scheduled for removal in a future version. Use timezone-aware objects to represent datetimes in UTC: datetime.datetime.now(datetime.UTC).
    result["processing_time"] = (datetime.utcnow() - start_time).total_seconds()

tests/test_external_sources.py::TestWebhookService::test_webhook_event_to_dict
  /Users/sss/.openclaw/workspace/memory-market/tests/test_external_sources.py:491: DeprecationWarning: datetime.datetime.utcnow() is deprecated and scheduled for removal in a future version. Use timezone-aware objects to represent datetimes in UTC: datetime.datetime.now(datetime.UTC).
    received_at=datetime.utcnow(),

tests/test_external_sources.py::TestExternalSearchEngine::test_cache
  /Users/sss/.openclaw/workspace/memory-market/tests/test_external_sources.py:556: DeprecationWarning: datetime.datetime.utcnow() is deprecated and scheduled for removal in a future version. Use timezone-aware objects to represent datetimes in UTC: datetime.datetime.now(datetime.UTC).
    engine._cache_timestamps["test"] = datetime.utcnow()

tests/test_external_sources.py::TestExternalSearchEngine::test_cache
  /Users/sss/.openclaw/workspace/memory-market/app/search/external_search.py:188: DeprecationWarning: datetime.datetime.utcnow() is deprecated and scheduled for removal in a future version. Use timezone-aware objects to represent datetimes in UTC: datetime.datetime.now(datetime.UTC).
    age = (datetime.utcnow() - timestamp).total_seconds()

tests/test_external_sources.py::TestExternalSearchEngine::test_clear_cache
  /Users/sss/.openclaw/workspace/memory-market/tests/test_external_sources.py:565: DeprecationWarning: datetime.datetime.utcnow() is deprecated and scheduled for removal in a future version. Use timezone-aware objects to represent datetimes in UTC: datetime.datetime.now(datetime.UTC).
    engine._cache_timestamps["test"] = datetime.utcnow()

tests/test_mcp_tools_simple.py::TestTeamMCPToolsClass::test_log_activity_basic
  /Users/sss/.openclaw/workspace/memory-market/mcp_tools/team_mcp.py:888: RuntimeWarning: coroutine 'AsyncMockMixin._execute_mock_call' was never awaited
    db.add(activity)
  Enable tracemalloc to get traceback where the object was allocated.
  See https://docs.pytest.org/en/stable/how-to/capture-warnings.html#resource-warnings for more info.

tests/test_monitoring.py::TestLogging::test_json_formatter
  /Users/sss/.openclaw/workspace/memory-market/app/core/logging.py:44: DeprecationWarning: datetime.datetime.utcnow() is deprecated and scheduled for removal in a future version. Use timezone-aware objects to represent datetimes in UTC: datetime.datetime.now(datetime.UTC).
    log_record["timestamp"] = datetime.utcnow().isoformat() + "Z"

tests/test_search_cache.py: 107 warnings
  /Users/sss/.openclaw/workspace/memory-market/app/cache/redis_client.py:74: DeprecationWarning: Call to deprecated close. (Use aclose() instead) -- Deprecated since version 5.0.1.
    await client.close()

tests/test_smart_reranking.py::TestSmartRerankingService::test_rerank_returns_sorted
tests/test_smart_reranking.py::TestSmartRerankingService::test_top_k_truncation
tests/test_smart_reranking.py::TestSmartRerankingService::test_threshold_filter
tests/test_smart_reranking.py::TestSmartRerankingService::test_strategy_switching
tests/test_smart_reranking.py::TestSmartRerankingService::test_override_weights
tests/test_smart_reranking.py::TestSmartRerankingService::test_result_has_feature_vector
tests/test_smart_reranking.py::TestSmartRerankingService::test_user_profile_personalization
  /opt/homebrew/Cellar/python@3.14/3.14.3_1/Frameworks/Python.framework/Versions/3.14/lib/python3.14/asyncio/events.py:94: RuntimeWarning: coroutine 'get_redis_client' was never awaited
    self._context.run(self._callback, *self._args)
  Enable tracemalloc to get traceback where the object was allocated.
  See https://docs.pytest.org/en/stable/how-to/capture-warnings.html#resource-warnings for more info.

-- Docs: https://docs.pytest.org/en/stable/how-to/capture-warnings.html
=========================== short test summary info ============================
FAILED tests/test_api.py::test_register_agent - KeyError: 'data'
FAILED tests/test_api.py::test_get_my_info - KeyError: 'data'
FAILED tests/test_api.py::test_get_my_info_unauthorized - assert 422 == 401
FAILED tests/test_api.py::test_upload_memory - assert 422 == 200
FAILED tests/test_api.py::test_upload_memory_unauthorized - assert 422 == 401
FAILED tests/test_api.py::test_get_memory_detail - assert 422 == 200
FAILED tests/test_api.py::test_get_memory_detail_not_found - assert 422 == 404
FAILED tests/test_api.py::test_purchase_memory_unauthorized - assert 422 == 401
FAILED tests/test_api.py::test_rate_memory - assert 422 == 200
FAILED tests/test_api.py::test_rate_memory_without_purchase - assert 422 == 400
FAILED tests/test_api.py::test_update_memory - KeyError: 'data'
FAILED tests/test_api.py::test_capture_experience - assert 422 == 200
FAILED tests/test_api.py::test_batch_capture_experience - assert 422 == 200
FAILED tests/test_api.py::test_semantic_search - assert 500 == 200
FAILED tests/test_api.py::test_hybrid_search - assert 500 == 200
FAILED tests/test_api.py::test_get_memory_versions - assert 0 >= 1
FAILED tests/test_auto_forget.py::test_check_expired_memories - sqlalchemy.ex...
FAILED tests/test_auto_forget.py::test_expire_memories - sqlalchemy.exc.Opera...
FAILED tests/test_auto_forget.py::test_check_expired_facts - sqlalchemy.exc.O...
FAILED tests/test_auto_forget.py::test_expire_facts - sqlalchemy.exc.Operatio...
FAILED tests/test_auto_forget.py::test_override_fact - sqlalchemy.exc.Operati...
FAILED tests/test_auto_forget.py::test_set_memory_ttl - sqlalchemy.exc.Operat...
FAILED tests/test_auto_forget.py::test_auto_expire_memories - sqlalchemy.exc....
FAILED tests/test_auto_forget.py::test_get_stats - sqlalchemy.exc.Operational...
FAILED tests/test_digital_signature.py::TestDigitalSignatureService::test_performance_signing
FAILED tests/test_digital_signature.py::TestKeyManagementService::test_rotate_key
FAILED tests/test_evaluation.py::TestRunner::test_run_with_failure - Assertio...
FAILED tests/test_external_sources.py::TestAdapterRegistration::test_register_all_adapters
FAILED tests/test_external_sources.py::TestExternalSourcesAPI::test_connect_invalid_source_type
FAILED tests/test_in_memory.py::TestInMemoryVectorEngine::test_filter_ids - A...
FAILED tests/test_in_memory.py::TestInMemoryHybridEngine::test_rerank - TypeE...
FAILED tests/test_mcp_tools.py::TestTeamMCPTools::test_create_team_success - ...
FAILED tests/test_mcp_tools.py::TestTeamMCPTools::test_create_team_missing_name
FAILED tests/test_mcp_tools.py::TestTeamMCPTools::test_get_team_success - Att...
FAILED tests/test_mcp_tools.py::TestTeamMCPTools::test_get_team_not_found - A...
FAILED tests/test_mcp_tools.py::TestTeamMCPTools::test_update_team_success - ...
FAILED tests/test_mcp_tools.py::TestTeamMCPTools::test_delete_team_success - ...
FAILED tests/test_mcp_tools.py::TestTeamMCPTools::test_list_teams - Attribute...
FAILED tests/test_mcp_tools.py::TestTeamMCPTools::test_get_team_stats - Attri...
FAILED tests/test_mcp_tools.py::TestTeamMCPTools::test_invite_member_success
FAILED tests/test_mcp_tools.py::TestTeamMCPTools::test_join_team_success - At...
FAILED tests/test_mcp_tools.py::TestTeamMCPTools::test_list_members - Attribu...
FAILED tests/test_mcp_tools.py::TestTeamMCPTools::test_update_member_role - A...
FAILED tests/test_mcp_tools.py::TestTeamMCPTools::test_remove_member - Attrib...
FAILED tests/test_mcp_tools.py::TestTeamMCPTools::test_create_team_memory - p...
FAILED tests/test_mcp_tools.py::TestTeamMCPTools::test_get_team_memory - pyda...
FAILED tests/test_mcp_tools.py::TestTeamMCPTools::test_update_team_memory - p...
FAILED tests/test_mcp_tools.py::TestTeamMCPTools::test_delete_team_memory - A...
FAILED tests/test_mcp_tools.py::TestTeamMCPTools::test_search_team_memories
FAILED tests/test_mcp_tools.py::TestTeamMCPTools::test_list_team_memories - M...
FAILED tests/test_mcp_tools.py::TestTeamMCPTools::test_get_team_credits - Att...
FAILED tests/test_mcp_tools.py::TestTeamMCPTools::test_add_team_credits - Att...
FAILED tests/test_mcp_tools.py::TestTeamMCPTools::test_transfer_credits - Att...
FAILED tests/test_mcp_tools.py::TestTeamMCPTools::test_get_credit_transactions
FAILED tests/test_mcp_tools.py::TestTeamMCPTools::test_get_team_activities - ...
FAILED tests/test_mcp_tools.py::TestTeamMCPTools::test_log_activity - TypeErr...
FAILED tests/test_mcp_tools.py::TestTeamMCPTools::test_get_team_insights - At...
FAILED tests/test_mcp_tools_simple.py::TestToolCategories::test_member_management_category
FAILED tests/test_monitoring.py::TestOpenTelemetrySetup::test_setup_telemetry
FAILED tests/test_monitoring.py::TestOpenTelemetrySetup::test_get_tracer - At...
FAILED tests/test_monitoring.py::TestOpenTelemetrySetup::test_get_meter - Att...
FAILED tests/test_monitoring.py::TestTracing::test_get_trace_id - AttributeEr...
FAILED tests/test_monitoring.py::TestMetrics::test_create_common_metrics - At...
FAILED tests/test_monitoring.py::TestMetrics::test_metric_functions - Attribu...
FAILED tests/test_monitoring.py::TestLogging::test_setup_logging - TypeError:...
FAILED tests/test_monitoring.py::TestLogging::test_json_formatter - Attribute...
FAILED tests/test_monitoring.py::TestMonitoringIntegration::test_full_telemetry_flow
FAILED tests/test_monitoring.py::TestMonitoringIntegration::test_trace_context_in_logs
FAILED tests/test_monitoring.py::TestMonitoringIntegration::test_metric_recording_overhead
FAILED tests/test_multi_agent.py::TestDirectFactAgent::test_empty_query - Key...
FAILED tests/test_multi_agent.py::TestIntegration::test_concurrent_pipelines
FAILED tests/test_qdrant_client.py::TestQdrantVectorEngine::test_create_collection_new
FAILED tests/test_qdrant_client.py::TestQdrantVectorEngine::test_create_collection_recreate
FAILED tests/test_qdrant_client.py::TestQdrantVectorEngine::test_index_memories_success
FAILED tests/test_qdrant_client.py::TestQdrantVectorEngine::test_index_memories_batch
FAILED tests/test_qdrant_client.py::TestQdrantVectorEngine::test_search_empty_query
FAILED tests/test_qdrant_client.py::TestQdrantVectorEngine::test_search_success
FAILED tests/test_qdrant_client.py::TestQdrantVectorEngine::test_search_with_filters
FAILED tests/test_qdrant_client.py::TestQdrantEngineSingleton::test_get_qdrant_engine_singleton
FAILED tests/test_qdrant_client.py::TestQdrantEngineSingleton::test_get_qdrant_engine_different_params
FAILED tests/test_search_cache.py::test_redis_client_ping - assert False is True
FAILED tests/test_search_cache.py::test_redis_client_set_get - assert False i...
FAILED tests/test_search_cache.py::test_redis_client_delete_pattern - assert ...
FAILED tests/test_search_cache.py::test_redis_client_stats - AssertionError: ...
FAILED tests/test_search_cache.py::test_cache_hit - assert 2 == 1
FAILED tests/test_search_cache.py::test_cache_stats - assert 0 >= 1
FAILED tests/test_search_cache.py::test_invalidate_memory - assert False is True
FAILED tests/test_search_cache.py::test_cache_latency - assert 107.1381568908...
FAILED tests/test_search_cache.py::test_search_with_invalidation - assert 2 == 1
FAILED tests/test_services.py::test_get_balance_service - AssertionError: ass...
FAILED tests/test_services.py::test_upload_memory_service - pydantic_core._py...
FAILED tests/test_services.py::test_search_memories_service - ValueError: max...
FAILED tests/test_services.py::test_semantic_search - ValueError: max_df corr...
FAILED tests/test_services.py::test_hybrid_search - ValueError: max_df corres...
FAILED tests/test_services.py::test_update_memory_service - AttributeError: '...
FAILED tests/test_services.py::test_get_memory_detail_service - PermissionErr...
FAILED tests/test_services.py::test_get_memory_versions_service - assert 0 >= 1
FAILED tests/test_services.py::test_market_stats_update - NameError: name 'db...
FAILED tests/test_team_memory_collab.py::test_create_team_memory_visibility
FAILED tests/test_team_memory_collab.py::test_team_only_memory_visible_to_members
FAILED tests/test_team_memory_collab.py::test_create_team_memory - TypeError:...
FAILED tests/test_team_memory_collab.py::test_get_team_memories - pydantic_co...
FAILED tests/test_team_memory_collab.py::test_get_team_memory_detail - TypeEr...
FAILED tests/test_team_memory_collab.py::test_update_team_memory_admin - Type...
FAILED tests/test_team_memory_collab.py::test_member_cannot_update_memory - T...
FAILED tests/test_team_memory_collab.py::test_delete_team_memory - TypeError:...
FAILED tests/test_team_memory_collab.py::test_purchase_with_team_credits - As...
FAILED tests/test_team_memory_collab.py::test_cannot_purchase_team_own_memory
FAILED tests/test_team_memory_collab.py::test_team_insufficient_credits - Nam...
FAILED tests/test_team_memory_collab.py::test_non_member_cannot_access_team_memory
ERROR tests/test_advanced_permissions.py::TestPolicyService::test_create_policy
ERROR tests/test_advanced_permissions.py::TestPolicyService::test_create_policy_invalid_document
ERROR tests/test_advanced_permissions.py::TestPolicyService::test_get_policy
ERROR tests/test_advanced_permissions.py::TestPolicyService::test_list_policies
ERROR tests/test_advanced_permissions.py::TestPolicyService::test_update_policy
ERROR tests/test_advanced_permissions.py::TestPolicyService::test_delete_policy
ERROR tests/test_advanced_permissions.py::TestPolicyService::test_delete_system_policy
ERROR tests/test_advanced_permissions.py::TestPolicyService::test_attach_and_detach_policy
ERROR tests/test_advanced_permissions.py::TestPolicyService::test_version_management
ERROR tests/test_advanced_permissions.py::TestPolicyService::test_check_permission_with_policy
ERROR tests/test_advanced_permissions.py::TestPolicyService::test_conditional_policy_check
ERROR tests/test_advanced_permissions.py::TestPolicyService::test_deny_overrides_allow_in_service
ERROR tests/test_advanced_permissions.py::TestRBACService::test_get_effective_permissions
ERROR tests/test_advanced_permissions.py::TestRBACService::test_deny_priority
ERROR tests/test_advanced_permissions.py::TestRBACService::test_role_hierarchy
ERROR tests/test_advanced_permissions.py::TestRBACService::test_condition_evaluation
ERROR tests/test_advanced_permissions.py::TestAuditService::test_log_and_query
ERROR tests/test_advanced_permissions.py::TestAuditService::test_generate_report
ERROR tests/test_advanced_permissions.py::TestAuditService::test_log_permission_change
ERROR tests/test_advanced_permissions.py::TestPolicyVersionCleanup::test_version_cleanup
ERROR tests/test_advanced_permissions.py::TestIntegration::test_full_policy_lifecycle
ERROR tests/test_advanced_permissions.py::TestIntegration::test_policy_with_resource_permissions
ERROR tests/test_anomaly_detection.py::test_remote_login_rule
ERROR tests/test_anomaly_detection.py::test_frequent_failed_login_rule
ERROR tests/test_anomaly_detection.py::test_large_amount_transaction_rule
ERROR tests/test_anomaly_detection.py::test_sensitive_word_query_rule
ERROR tests/test_anomaly_detection.py::test_anomaly_detection_service_check_event
ERROR tests/test_anomaly_detection.py::test_anomaly_detection_service_create_events
ERROR tests/test_anomaly_detection.py::test_anomaly_detection_service_confirm_anomaly
ERROR tests/test_anomaly_detection.py::test_anomaly_detection_service_get_stats
ERROR tests/test_anomaly_detection.py::test_alerting_service_create_alerts
ERROR tests/test_anomaly_detection.py::test_alerting_service_acknowledge_alert
ERROR tests/test_anomaly_detection.py::test_alerting_service_get_stats
ERROR tests/test_anomaly_detection.py::test_end_to_end_anomaly_detection
ERROR tests/test_anomaly_detection.py::test_accuracy_calculation
ERROR tests/test_anomaly_detection.py::test_anomaly_type_coverage[login]
ERROR tests/test_anomaly_detection.py::test_anomaly_type_coverage[transaction]
ERROR tests/test_anomaly_detection.py::test_anomaly_type_coverage[query]
ERROR tests/test_anomaly_detection.py::test_anomaly_type_coverage[behavior]
ERROR tests/test_anomaly_detection.py::test_anomaly_type_coverage[system]
ERROR tests/test_audit_logs.py::test_create_audit_log
ERROR tests/test_audit_logs.py::test_audit_log_filtering
ERROR tests/test_audit_logs.py::test_export_service_count_records
ERROR tests/test_audit_logs.py::test_export_create_export_task
ERROR tests/test_audit_logs.py::test_export_csv
ERROR tests/test_audit_logs.py::test_retention_cleanup
ERROR tests/test_audit_logs.py::test_retention_stats
ERROR tests/test_digital_signature.py::TestAuditSignatureMiddleware::test_sign_audit_log
ERROR tests/test_digital_signature.py::TestAuditSignatureMiddleware::test_verify_audit_log
ERROR tests/test_digital_signature.py::TestAuditSignatureMiddleware::test_detect_tampering
ERROR tests/test_digital_signature.py::TestAuditSignatureMiddleware::test_multiple_logs_signature_coverage
ERROR tests/test_digital_signature.py::TestEndToEndSigningWorkflow::test_complete_signing_workflow
ERROR tests/test_permissions.py::test_has_permission_success
ERROR tests/test_permissions.py::test_has_permission_deny
ERROR tests/test_permissions.py::test_has_permission_not_found
ERROR tests/test_permissions.py::test_grant_permission
ERROR tests/test_permissions.py::test_grant_permission_with_scope
ERROR tests/test_permissions.py::test_revoke_permission
ERROR tests/test_permissions.py::test_grant_resource_permission
ERROR tests/test_permissions.py::test_check_resource_permission
ERROR tests/test_permissions.py::test_revoke_resource_permission
ERROR tests/test_permissions.py::test_permission_expiration
ERROR tests/test_permissions.py::test_get_user_permissions
ERROR tests/test_permissions.py::test_permission_audit_log
ERROR tests/test_permissions.py::test_permission_check_performance
ERROR tests/test_permissions.py::test_permission_scope_check
ERROR tests/test_permissions.py::test_bulk_permission_operations
ERROR tests/test_search_analytics.py::test_search_log_creation
ERROR tests/test_search_analytics.py::test_search_click_creation
ERROR tests/test_search_analytics.py::test_search_trends_empty
ERROR tests/test_search_analytics.py::test_search_trends_with_data
ERROR tests/test_search_analytics.py::test_search_quality_metrics
ERROR tests/test_search_analytics.py::test_search_performance_stats
ERROR tests/test_search_analytics.py::test_zero_results_queries
ERROR tests/test_search_analytics.py::test_user_search_behavior
ERROR tests/test_search_analytics.py::test_ab_test_creation
ERROR tests/test_search_analytics.py::test_ab_test_user_grouping
ERROR tests/test_search_analytics.py::test_ab_test_group_config
ERROR tests/test_search_analytics.py::test_ab_test_collect_results
ERROR tests/test_user_profiles.py::TestProfileExtraction::test_rule_based_extraction
ERROR tests/test_user_profiles.py::TestProfileExtraction::test_extract_from_conversation
ERROR tests/test_user_profiles.py::TestUserProfileService::test_create_profile
ERROR tests/test_user_profiles.py::TestUserProfileService::test_get_profile
ERROR tests/test_user_profiles.py::TestUserProfileService::test_add_fact
ERROR tests/test_user_profiles.py::TestUserProfileService::test_get_facts
ERROR tests/test_user_profiles.py::TestUserProfileService::test_delete_fact
ERROR tests/test_user_profiles.py::TestUserProfileService::test_get_changes
ERROR tests/test_user_profiles.py::TestUserProfileService::test_dynamic_context
ERROR tests/test_user_profiles.py::TestUserProfileService::test_profile_completeness
ERROR tests/test_user_profiles.py::TestProfileAPI::test_get_my_profile
ERROR tests/test_user_profiles.py::TestProfileAPI::test_update_my_profile
ERROR tests/test_user_profiles.py::TestProfileAPI::test_add_fact_api
ERROR tests/test_user_profiles.py::TestSearchIntegration::test_personalized_search
===== 110 failed, 416 passed, 2 skipped, 240 warnings, 93 errors in 19.33s =====
